########################################################################
============================== a.out t.ttt =========================
### Run  ./a.out 4 4 1e-14 0 ./t.ttt
Проблемы с чтением файла
============================== a.out s.txt =========================
### Run  ./a.out 4 4 1e-14 0 ./s.txt
Проблемы с чтением файла
============================== a.out a.txt =========================
### Run  ./a.out 4 4 1e-14 0 ./a.txt
A:
 5.000e+00  7.000e+00  6.000e+00  5.000e+00 
 7.000e+00  1.000e+01  8.000e+00  7.000e+00 
 6.000e+00  8.000e+00  1.000e+01  9.000e+00 
 5.000e+00  7.000e+00  9.000e+00  1.000e+01 


lambda:
 3.029e+01  3.858e+00  1.015e-02  8.431e-01 

./a.out : Residual1 = 4.306320e-16 Residual2 = 2.153160e-16 Iterations = 7     Iterations1 = 1 Elapsed1 = 0.00 Elapsed2 = 0.00
============================== a.out a20.txt =========================
### Run  ./a.out 4 4 1e-14 0 ./a20.txt
A:
 5.000e-20  7.000e-20  6.000e-20  5.000e-20 
 7.000e-20  1.000e-19  8.000e-20  7.000e-20 
 6.000e-20  8.000e-20  1.000e-19  9.000e-20 
 5.000e-20  7.000e-20  9.000e-20  1.000e-19 


lambda:
 3.029e-19  3.858e-20  1.015e-22  8.431e-21 

./a.out : Residual1 = 7.295189e-16 Residual2 = 5.836151e-16 Iterations = 7     Iterations1 = 1 Elapsed1 = 0.00 Elapsed2 = 0.00
============================== a.out a40.txt =========================
### Run  ./a.out 4 4 1e-14 0 ./a40.txt
A:
 5.000e+40  7.000e+40  6.000e+40  5.000e+40 
 7.000e+40  1.000e+41  8.000e+40  7.000e+40 
 6.000e+40  8.000e+40  1.000e+41  9.000e+40 
 5.000e+40  7.000e+40  9.000e+40  1.000e+41 


lambda:
 3.029e+41  3.858e+40  1.015e+38  8.431e+39 

./a.out : Residual1 = 2.344583e-16 Residual2 = 1.172292e-16 Iterations = 7     Iterations1 = 1 Elapsed1 = 0.00 Elapsed2 = 0.00
============================== a.out b.txt =========================
### Run  ./a.out 4 4 1e-14 0 ./b.txt
A:
 7.000e+00  4.000e+00  4.000e+00  1.000e+00 
 4.000e+00  7.000e+00  1.000e+00  4.000e+00 
 4.000e+00  1.000e+00  7.000e+00  4.000e+00 
 1.000e+00  4.000e+00  4.000e+00  7.000e+00 


lambda:
 1.600e+01  5.551e-17  6.000e+00  6.000e+00 

./a.out : Residual1 = 4.440892e-16 Residual2 = 0.000000e+00 Iterations = 5     Iterations1 = 1 Elapsed1 = 0.00 Elapsed2 = 0.00
============================== a.out c.txt =========================
### Run  ./a.out 6 6 1e-14 0 ./c.txt
A:
 1.000e+00  2.000e+00  3.000e+00  0.000e+00  1.000e+00  2.000e+00 
 2.000e+00  4.000e+00  5.000e+00 -1.000e+00  0.000e+00  3.000e+00 
 3.000e+00  5.000e+00  6.000e+00 -2.000e+00 -3.000e+00  0.000e+00 
 0.000e+00 -1.000e+00 -2.000e+00  1.000e+00  2.000e+00  3.000e+00 
 1.000e+00  0.000e+00 -3.000e+00  2.000e+00  4.000e+00  5.000e+00 
 2.000e+00  3.000e+00  0.000e+00  3.000e+00  5.000e+00  6.000e+00 


lambda:
 1.241e+01  1.241e+01 -1.696e+00  2.850e-01  2.850e-01 -1.696e+00 

./a.out : Residual1 = 7.479397e-16 Residual2 = 5.609548e-16 Iterations = 11     Iterations1 = 1 Elapsed1 = 0.00 Elapsed2 = 0.00
============================== a.out d.txt =========================
### Run  ./a.out 6 6 1e-14 0 ./d.txt
A:
 1.000e+00  2.000e+00  3.000e+00  0.000e+00  1.000e+00  4.000e+00 
 2.000e+00  4.000e+00  5.000e+00 -1.000e+00  0.000e+00  4.000e+00 
 3.000e+00  5.000e+00  6.000e+00 -2.000e+00 -3.000e+00  1.000e+00 
 0.000e+00 -1.000e+00 -2.000e+00  1.000e+00  2.000e+00  1.000e+00 
 1.000e+00  0.000e+00 -3.000e+00  2.000e+00  4.000e+00  3.000e+00 
 4.000e+00  4.000e+00  1.000e+00  1.000e+00  3.000e+00  8.000e+00 


lambda:
 1.479e+01  1.045e+01 -2.278e+00 -1.952e-01  2.701e-01  9.705e-01 

./a.out : Residual1 = 3.383537e-16 Residual2 = 1.691768e-16 Iterations = 12     Iterations1 = 2 Elapsed1 = 0.00 Elapsed2 = 0.00
============================== a.out e.txt =========================
### Run  ./a.out 6 6 1e-14 0 ./e.txt
A:
 3.000e+00  2.000e+00  3.000e+00  0.000e+00  1.000e+00  2.000e+00 
 2.000e+00  6.000e+00  5.000e+00 -1.000e+00  0.000e+00  3.000e+00 
 3.000e+00  5.000e+00  8.000e+00 -2.000e+00 -3.000e+00  0.000e+00 
 0.000e+00 -1.000e+00 -2.000e+00  3.000e+00  2.000e+00  3.000e+00 
 1.000e+00  0.000e+00 -3.000e+00  2.000e+00  6.000e+00  5.000e+00 
 2.000e+00  3.000e+00  0.000e+00  3.000e+00  5.000e+00  8.000e+00 


lambda:
 1.441e+01  1.441e+01  3.037e-01  2.285e+00  3.037e-01  2.285e+00 

./a.out : Residual1 = 3.383537e-16 Residual2 = 1.691768e-16 Iterations = 14     Iterations1 = 2 Elapsed1 = 0.00 Elapsed2 = 0.00
============================== a.out n=1 s=1 =========================
### Run  ./a.out 1 6 1e-14 1
A:
 1.000e+00 


lambda:
 1.000e+00 

./a.out : Residual1 = 0.000000e+00 Residual2 = 0.000000e+00 Iterations = 0     Iterations1 = 0 Elapsed1 = 0.00 Elapsed2 = 0.00
============================== a.out n=2 s=1 =========================
### Run  ./a.out 2 6 1e-14 1
A:
 2.000e+00  1.000e+00 
 1.000e+00  1.000e+00 


lambda:
 2.618e+00  3.820e-01 

./a.out : Residual1 = 0.000000e+00 Residual2 = 0.000000e+00 Iterations = 0     Iterations1 = 0 Elapsed1 = 0.00 Elapsed2 = 0.00
============================== a.out n=3 s=1 =========================
### Run  ./a.out 3 6 1e-14 1
A:
 3.000e+00  2.000e+00  1.000e+00 
 2.000e+00  2.000e+00  1.000e+00 
 1.000e+00  1.000e+00  1.000e+00 


lambda:
 5.049e+00  3.080e-01  6.431e-01 

./a.out : Residual1 = 7.401487e-16 Residual2 = 5.921189e-16 Iterations = 7     Iterations1 = 2 Elapsed1 = 0.00 Elapsed2 = 0.00
============================== a.out n=4 s=1 =========================
### Run  ./a.out 4 6 1e-14 1
A:
 4.000e+00  3.000e+00  2.000e+00  1.000e+00 
 3.000e+00  3.000e+00  2.000e+00  1.000e+00 
 2.000e+00  2.000e+00  2.000e+00  1.000e+00 
 1.000e+00  1.000e+00  1.000e+00  1.000e+00 


lambda:
 8.291e+00  1.000e+00  2.831e-01  4.260e-01 

./a.out : Residual1 = 7.105427e-16 Residual2 = 7.105427e-16 Iterations = 8     Iterations1 = 2 Elapsed1 = 0.00 Elapsed2 = 0.00
============================== a.out n=5 s=1 =========================
### Run  ./a.out 5 6 1e-14 1
A:
 5.000e+00  4.000e+00  3.000e+00  2.000e+00  1.000e+00 
 4.000e+00  4.000e+00  3.000e+00  2.000e+00  1.000e+00 
 3.000e+00  3.000e+00  3.000e+00  2.000e+00  1.000e+00 
 2.000e+00  2.000e+00  2.000e+00  2.000e+00  1.000e+00 
 1.000e+00  1.000e+00  1.000e+00  1.000e+00  1.000e+00 


lambda:
 1.234e+01  1.449e+00  5.830e-01  2.716e-01  3.533e-01 

./a.out : Residual1 = 2.368476e-16 Residual2 = 2.368476e-16 Iterations = 10     Iterations1 = 2 Elapsed1 = 0.00 Elapsed2 = 0.00
============================== a.out n=6 s=1 =========================
### Run  ./a.out 6 6 1e-14 1
A:
 6.000e+00  5.000e+00  4.000e+00  3.000e+00  2.000e+00  1.000e+00 
 5.000e+00  5.000e+00  4.000e+00  3.000e+00  2.000e+00  1.000e+00 
 4.000e+00  4.000e+00  4.000e+00  3.000e+00  2.000e+00  1.000e+00 
 3.000e+00  3.000e+00  3.000e+00  3.000e+00  2.000e+00  1.000e+00 
 2.000e+00  2.000e+00  2.000e+00  2.000e+00  2.000e+00  1.000e+00 
 1.000e+00  1.000e+00  1.000e+00  1.000e+00  1.000e+00  1.000e+00 


lambda:
 1.721e+01  1.988e+00  7.747e-01  4.462e-01  2.652e-01  3.189e-01 

./a.out : Residual1 = 1.691768e-16 Residual2 = 1.691768e-16 Iterations = 12     Iterations1 = 2 Elapsed1 = 0.00 Elapsed2 = 0.00
============================== a.out n=7 s=1 =========================
### Run  ./a.out 7 6 1e-14 1
A:
 7.000e+00  6.000e+00  5.000e+00  4.000e+00  3.000e+00  2.000e+00 
 6.000e+00  6.000e+00  5.000e+00  4.000e+00  3.000e+00  2.000e+00 
 5.000e+00  5.000e+00  5.000e+00  4.000e+00  3.000e+00  2.000e+00 
 4.000e+00  4.000e+00  4.000e+00  4.000e+00  3.000e+00  2.000e+00 
 3.000e+00  3.000e+00  3.000e+00  3.000e+00  3.000e+00  2.000e+00 
 2.000e+00  2.000e+00  2.000e+00  2.000e+00  2.000e+00  2.000e+00 


lambda:
 2.288e+01  2.618e+00  1.000e+00  5.584e-01  3.820e-01  2.613e-01 

./a.out : Residual1 = 2.537653e-16 Residual2 = 5.075305e-16 Iterations = 13     Iterations1 = 1 Elapsed1 = 0.00 Elapsed2 = 0.00
============================== a.out n=8 s=1 =========================
### Run  ./a.out 8 6 1e-14 1
A:
 8.000e+00  7.000e+00  6.000e+00  5.000e+00  4.000e+00  3.000e+00 
 7.000e+00  7.000e+00  6.000e+00  5.000e+00  4.000e+00  3.000e+00 
 6.000e+00  6.000e+00  6.000e+00  5.000e+00  4.000e+00  3.000e+00 
 5.000e+00  5.000e+00  5.000e+00  5.000e+00  4.000e+00  3.000e+00 
 4.000e+00  4.000e+00  4.000e+00  4.000e+00  4.000e+00  3.000e+00 
 3.000e+00  3.000e+00  3.000e+00  3.000e+00  3.000e+00  3.000e+00 


lambda:
 2.937e+01  3.338e+00  1.258e+00  6.884e-01  4.578e-01  3.458e-01 

./a.out : Residual1 = 3.947460e-16 Residual2 = 1.973730e-16 Iterations = 15     Iterations1 = 1 Elapsed1 = 0.00 Elapsed2 = 0.00
============================== a.out n=9 s=1 =========================
### Run  ./a.out 9 6 1e-14 1
A:
 9.000e+00  8.000e+00  7.000e+00  6.000e+00  5.000e+00  4.000e+00 
 8.000e+00  8.000e+00  7.000e+00  6.000e+00  5.000e+00  4.000e+00 
 7.000e+00  7.000e+00  7.000e+00  6.000e+00  5.000e+00  4.000e+00 
 6.000e+00  6.000e+00  6.000e+00  6.000e+00  5.000e+00  4.000e+00 
 5.000e+00  5.000e+00  5.000e+00  5.000e+00  5.000e+00  4.000e+00 
 4.000e+00  4.000e+00  4.000e+00  4.000e+00  4.000e+00  4.000e+00 


lambda:
 3.666e+01  4.148e+00  1.549e+00  8.357e-01  5.450e-01  4.014e-01 

./a.out : Residual1 = 3.157968e-16 Residual2 = 1.578984e-16 Iterations = 18     Iterations1 = 2 Elapsed1 = 0.00 Elapsed2 = 0.00
============================== a.out n=10 s=1 =========================
### Run  ./a.out 10 6 1e-14 1
A:
 1.000e+01  9.000e+00  8.000e+00  7.000e+00  6.000e+00  5.000e+00 
 9.000e+00  9.000e+00  8.000e+00  7.000e+00  6.000e+00  5.000e+00 
 8.000e+00  8.000e+00  8.000e+00  7.000e+00  6.000e+00  5.000e+00 
 7.000e+00  7.000e+00  7.000e+00  7.000e+00  6.000e+00  5.000e+00 
 6.000e+00  6.000e+00  6.000e+00  6.000e+00  6.000e+00  5.000e+00 
 5.000e+00  5.000e+00  5.000e+00  5.000e+00  5.000e+00  5.000e+00 


lambda:
 4.477e+01  5.049e+00  1.873e+00  1.000e+00  6.431e-01  4.652e-01 

./a.out : Residual1 = 5.167584e-16 Residual2 = 3.875688e-16 Iterations = 19     Iterations1 = 1 Elapsed1 = 0.00 Elapsed2 = 0.00
============================== a.out n=11 s=1 =========================
### Run  ./a.out 11 6 1e-14 1
A:
 1.100e+01  1.000e+01  9.000e+00  8.000e+00  7.000e+00  6.000e+00 
 1.000e+01  1.000e+01  9.000e+00  8.000e+00  7.000e+00  6.000e+00 
 9.000e+00  9.000e+00  9.000e+00  8.000e+00  7.000e+00  6.000e+00 
 8.000e+00  8.000e+00  8.000e+00  8.000e+00  7.000e+00  6.000e+00 
 7.000e+00  7.000e+00  7.000e+00  7.000e+00  7.000e+00  6.000e+00 
 6.000e+00  6.000e+00  6.000e+00  6.000e+00  6.000e+00  6.000e+00 


lambda:
 5.368e+01  6.039e+00  2.229e+00  1.181e+00  7.517e-01  5.366e-01 

./a.out : Residual1 = 6.459479e-16 Residual2 = 5.382900e-16 Iterations = 22     Iterations1 = 2 Elapsed1 = 0.00 Elapsed2 = 0.00
============================== a.out n=12 s=1 =========================
### Run  ./a.out 12 6 1e-14 1
A:
 1.200e+01  1.100e+01  1.000e+01  9.000e+00  8.000e+00  7.000e+00 
 1.100e+01  1.100e+01  1.000e+01  9.000e+00  8.000e+00  7.000e+00 
 1.000e+01  1.000e+01  1.000e+01  9.000e+00  8.000e+00  7.000e+00 
 9.000e+00  9.000e+00  9.000e+00  9.000e+00  8.000e+00  7.000e+00 
 8.000e+00  8.000e+00  8.000e+00  8.000e+00  8.000e+00  7.000e+00 
 7.000e+00  7.000e+00  7.000e+00  7.000e+00  7.000e+00  7.000e+00 


lambda:
 6.341e+01  7.120e+00  2.618e+00  1.379e+00  8.707e-01  6.153e-01 

./a.out : Residual1 = 7.287618e-16 Residual2 = 3.643809e-16 Iterations = 24     Iterations1 = 2 Elapsed1 = 0.00 Elapsed2 = 0.00
============================== a.out n=13 s=1 =========================
### Run  ./a.out 13 6 1e-14 1
A:
 1.300e+01  1.200e+01  1.100e+01  1.000e+01  9.000e+00  8.000e+00 
 1.200e+01  1.200e+01  1.100e+01  1.000e+01  9.000e+00  8.000e+00 
 1.100e+01  1.100e+01  1.100e+01  1.000e+01  9.000e+00  8.000e+00 
 1.000e+01  1.000e+01  1.000e+01  1.000e+01  9.000e+00  8.000e+00 
 9.000e+00  9.000e+00  9.000e+00  9.000e+00  9.000e+00  8.000e+00 
 8.000e+00  8.000e+00  8.000e+00  8.000e+00  8.000e+00  8.000e+00 


lambda:
 7.395e+01  8.291e+00  3.039e+00  1.594e+00  1.000e+00  7.011e-01 

./a.out : Residual1 = 3.123265e-16 Residual2 = 1.561632e-16 Iterations = 26     Iterations1 = 2 Elapsed1 = 0.00 Elapsed2 = 0.00
============================== a.out n=14 s=1 =========================
### Run  ./a.out 14 6 1e-14 1
A:
 1.400e+01  1.300e+01  1.200e+01  1.100e+01  1.000e+01  9.000e+00 
 1.300e+01  1.300e+01  1.200e+01  1.100e+01  1.000e+01  9.000e+00 
 1.200e+01  1.200e+01  1.200e+01  1.100e+01  1.000e+01  9.000e+00 
 1.100e+01  1.100e+01  1.100e+01  1.100e+01  1.000e+01  9.000e+00 
 1.000e+01  1.000e+01  1.000e+01  1.000e+01  1.000e+01  9.000e+00 
 9.000e+00  9.000e+00  9.000e+00  9.000e+00  9.000e+00  9.000e+00 


lambda:
 8.529e+01  9.552e+00  3.493e+00  1.825e+00  1.139e+00  7.938e-01 

./a.out : Residual1 = 1.082732e-15 Residual2 = 8.120488e-16 Iterations = 27     Iterations1 = 1 Elapsed1 = 0.00 Elapsed2 = 0.00
============================== a.out n=15 s=1 =========================
### Run  ./a.out 15 6 1e-14 1
A:
 1.500e+01  1.400e+01  1.300e+01  1.200e+01  1.100e+01  1.000e+01 
 1.400e+01  1.400e+01  1.300e+01  1.200e+01  1.100e+01  1.000e+01 
 1.300e+01  1.300e+01  1.300e+01  1.200e+01  1.100e+01  1.000e+01 
 1.200e+01  1.200e+01  1.200e+01  1.200e+01  1.100e+01  1.000e+01 
 1.100e+01  1.100e+01  1.100e+01  1.100e+01  1.100e+01  1.000e+01 
 1.000e+01  1.000e+01  1.000e+01  1.000e+01  1.000e+01  1.000e+01 


lambda:
 9.745e+01  1.090e+01  3.979e+00  2.073e+00  1.289e+00  8.935e-01 

./a.out : Residual1 = 3.552714e-16 Residual2 = 3.552714e-16 Iterations = 27     Iterations1 = 1 Elapsed1 = 0.00 Elapsed2 = 0.00
============================== a.out n=16 s=1 =========================
### Run  ./a.out 16 6 1e-14 1
A:
 1.600e+01  1.500e+01  1.400e+01  1.300e+01  1.200e+01  1.100e+01 
 1.500e+01  1.500e+01  1.400e+01  1.300e+01  1.200e+01  1.100e+01 
 1.400e+01  1.400e+01  1.400e+01  1.300e+01  1.200e+01  1.100e+01 
 1.300e+01  1.300e+01  1.300e+01  1.300e+01  1.200e+01  1.100e+01 
 1.200e+01  1.200e+01  1.200e+01  1.200e+01  1.200e+01  1.100e+01 
 1.100e+01  1.100e+01  1.100e+01  1.100e+01  1.100e+01  1.100e+01 


lambda:
 1.104e+02  1.234e+01  4.498e+00  2.337e+00  1.449e+00  1.000e+00 

./a.out : Residual1 = 4.179663e-16 Residual2 = 2.089832e-16 Iterations = 29     Iterations1 = 1 Elapsed1 = 0.00 Elapsed2 = 0.00
============================== a.out n=17 s=1 =========================
### Run  ./a.out 17 6 1e-14 1
A:
 1.700e+01  1.600e+01  1.500e+01  1.400e+01  1.300e+01  1.200e+01 
 1.600e+01  1.600e+01  1.500e+01  1.400e+01  1.300e+01  1.200e+01 
 1.500e+01  1.500e+01  1.500e+01  1.400e+01  1.300e+01  1.200e+01 
 1.400e+01  1.400e+01  1.400e+01  1.400e+01  1.300e+01  1.200e+01 
 1.300e+01  1.300e+01  1.300e+01  1.300e+01  1.300e+01  1.200e+01 
 1.200e+01  1.200e+01  1.200e+01  1.200e+01  1.200e+01  1.200e+01 


lambda:
 1.242e+02  1.387e+01  5.049e+00  2.618e+00  1.618e+00  1.113e+00 

./a.out : Residual1 = 1.857628e-16 Residual2 = 0.000000e+00 Iterations = 31     Iterations1 = 1 Elapsed1 = 0.00 Elapsed2 = 0.00
============================== a.out n=18 s=1 =========================
### Run  ./a.out 18 6 1e-14 1
A:
 1.800e+01  1.700e+01  1.600e+01  1.500e+01  1.400e+01  1.300e+01 
 1.700e+01  1.700e+01  1.600e+01  1.500e+01  1.400e+01  1.300e+01 
 1.600e+01  1.600e+01  1.600e+01  1.500e+01  1.400e+01  1.300e+01 
 1.500e+01  1.500e+01  1.500e+01  1.500e+01  1.400e+01  1.300e+01 
 1.400e+01  1.400e+01  1.400e+01  1.400e+01  1.400e+01  1.300e+01 
 1.300e+01  1.300e+01  1.300e+01  1.300e+01  1.300e+01  1.300e+01 


lambda:
 1.388e+02  1.550e+01  5.632e+00  2.916e+00  1.798e+00  1.233e+00 

./a.out : Residual1 = 3.324177e-16 Residual2 = 3.324177e-16 Iterations = 31     Iterations1 = 1 Elapsed1 = 0.00 Elapsed2 = 0.00
============================== a.out n=19 s=1 =========================
### Run  ./a.out 19 6 1e-14 1
A:
 1.900e+01  1.800e+01  1.700e+01  1.600e+01  1.500e+01  1.400e+01 
 1.800e+01  1.800e+01  1.700e+01  1.600e+01  1.500e+01  1.400e+01 
 1.700e+01  1.700e+01  1.700e+01  1.600e+01  1.500e+01  1.400e+01 
 1.600e+01  1.600e+01  1.600e+01  1.600e+01  1.500e+01  1.400e+01 
 1.500e+01  1.500e+01  1.500e+01  1.500e+01  1.500e+01  1.400e+01 
 1.400e+01  1.400e+01  1.400e+01  1.400e+01  1.400e+01  1.400e+01 


lambda:
 1.542e+02  1.721e+01  6.248e+00  3.230e+00  1.988e+00  1.360e+00 

./a.out : Residual1 = 8.975277e-16 Residual2 = 7.479397e-16 Iterations = 33     Iterations1 = 1 Elapsed1 = 0.00 Elapsed2 = 0.00
============================== a.out n=20 s=1 =========================
### Run  ./a.out 20 6 1e-14 1
A:
 2.000e+01  1.900e+01  1.800e+01  1.700e+01  1.600e+01  1.500e+01 
 1.900e+01  1.900e+01  1.800e+01  1.700e+01  1.600e+01  1.500e+01 
 1.800e+01  1.800e+01  1.800e+01  1.700e+01  1.600e+01  1.500e+01 
 1.700e+01  1.700e+01  1.700e+01  1.700e+01  1.600e+01  1.500e+01 
 1.600e+01  1.600e+01  1.600e+01  1.600e+01  1.600e+01  1.500e+01 
 1.500e+01  1.500e+01  1.500e+01  1.500e+01  1.500e+01  1.500e+01 


lambda:
 1.704e+02  1.901e+01  6.897e+00  3.560e+00  2.188e+00  1.494e+00 

./a.out : Residual1 = 6.767074e-16 Residual2 = 5.413659e-16 Iterations = 36     Iterations1 = 1 Elapsed1 = 0.00 Elapsed2 = 0.00
============================== a.out n=21 s=1 =========================
### Run  ./a.out 21 6 1e-14 1
A:
 2.100e+01  2.000e+01  1.900e+01  1.800e+01  1.700e+01  1.600e+01 
 2.000e+01  2.000e+01  1.900e+01  1.800e+01  1.700e+01  1.600e+01 
 1.900e+01  1.900e+01  1.900e+01  1.800e+01  1.700e+01  1.600e+01 
 1.800e+01  1.800e+01  1.800e+01  1.800e+01  1.700e+01  1.600e+01 
 1.700e+01  1.700e+01  1.700e+01  1.700e+01  1.700e+01  1.600e+01 
 1.600e+01  1.600e+01  1.600e+01  1.600e+01  1.600e+01  1.600e+01 


lambda:
 1.874e+02  2.090e+01  7.578e+00  3.908e+00  2.398e+00  1.634e+00 

./a.out : Residual1 = 1.230377e-16 Residual2 = 0.000000e+00 Iterations = 37     Iterations1 = 1 Elapsed1 = 0.00 Elapsed2 = 0.00
============================== a.out n=22 s=1 =========================
### Run  ./a.out 22 6 1e-14 1
A:
 2.200e+01  2.100e+01  2.000e+01  1.900e+01  1.800e+01  1.700e+01 
 2.100e+01  2.100e+01  2.000e+01  1.900e+01  1.800e+01  1.700e+01 
 2.000e+01  2.000e+01  2.000e+01  1.900e+01  1.800e+01  1.700e+01 
 1.900e+01  1.900e+01  1.900e+01  1.900e+01  1.800e+01  1.700e+01 
 1.800e+01  1.800e+01  1.800e+01  1.800e+01  1.800e+01  1.700e+01 
 1.700e+01  1.700e+01  1.700e+01  1.700e+01  1.700e+01  1.700e+01 


lambda:
 2.053e+02  2.288e+01  8.291e+00  4.272e+00  2.618e+00  1.782e+00 

./a.out : Residual1 = 2.246775e-16 Residual2 = 2.246775e-16 Iterations = 39     Iterations1 = 1 Elapsed1 = 0.00 Elapsed2 = 0.00
============================== a.out n=23 s=1 =========================
### Run  ./a.out 23 6 1e-14 1
A:
 2.300e+01  2.200e+01  2.100e+01  2.000e+01  1.900e+01  1.800e+01 
 2.200e+01  2.200e+01  2.100e+01  2.000e+01  1.900e+01  1.800e+01 
 2.100e+01  2.100e+01  2.100e+01  2.000e+01  1.900e+01  1.800e+01 
 2.000e+01  2.000e+01  2.000e+01  2.000e+01  1.900e+01  1.800e+01 
 1.900e+01  1.900e+01  1.900e+01  1.900e+01  1.900e+01  1.800e+01 
 1.800e+01  1.800e+01  1.800e+01  1.800e+01  1.800e+01  1.800e+01 


lambda:
 2.239e+02  2.495e+01  9.037e+00  4.652e+00  2.848e+00  1.935e+00 

./a.out : Residual1 = 6.178632e-16 Residual2 = 0.000000e+00 Iterations = 40     Iterations1 = 1 Elapsed1 = 0.00 Elapsed2 = 0.00
============================== a.out n=24 s=1 =========================
### Run  ./a.out 24 6 1e-14 1
A:
 2.400e+01  2.300e+01  2.200e+01  2.100e+01  2.000e+01  1.900e+01 
 2.300e+01  2.300e+01  2.200e+01  2.100e+01  2.000e+01  1.900e+01 
 2.200e+01  2.200e+01  2.200e+01  2.100e+01  2.000e+01  1.900e+01 
 2.100e+01  2.100e+01  2.100e+01  2.100e+01  2.000e+01  1.900e+01 
 2.000e+01  2.000e+01  2.000e+01  2.000e+01  2.000e+01  1.900e+01 
 1.900e+01  1.900e+01  1.900e+01  1.900e+01  1.900e+01  1.900e+01 


lambda:
 2.434e+02  2.711e+01  9.815e+00  5.049e+00  3.088e+00  2.096e+00 

./a.out : Residual1 = 0.000000e+00 Residual2 = 2.842171e-16 Iterations = 43     Iterations1 = 1 Elapsed1 = 0.00 Elapsed2 = 0.00
============================== a.out n=25 s=1 =========================
### Run  ./a.out 25 6 1e-14 1
A:
 2.500e+01  2.400e+01  2.300e+01  2.200e+01  2.100e+01  2.000e+01 
 2.400e+01  2.400e+01  2.300e+01  2.200e+01  2.100e+01  2.000e+01 
 2.300e+01  2.300e+01  2.300e+01  2.200e+01  2.100e+01  2.000e+01 
 2.200e+01  2.200e+01  2.200e+01  2.200e+01  2.100e+01  2.000e+01 
 2.100e+01  2.100e+01  2.100e+01  2.100e+01  2.100e+01  2.000e+01 
 2.000e+01  2.000e+01  2.000e+01  2.000e+01  2.000e+01  2.000e+01 


lambda:
 2.636e+02  2.937e+01  1.063e+01  5.462e+00  3.338e+00  2.263e+00 

./a.out : Residual1 = 1.049417e-15 Residual2 = 8.745141e-16 Iterations = 45     Iterations1 = 1 Elapsed1 = 0.00 Elapsed2 = 0.00
============================== a.out n=26 s=1 =========================
### Run  ./a.out 26 6 1e-14 1
A:
 2.600e+01  2.500e+01  2.400e+01  2.300e+01  2.200e+01  2.100e+01 
 2.500e+01  2.500e+01  2.400e+01  2.300e+01  2.200e+01  2.100e+01 
 2.400e+01  2.400e+01  2.400e+01  2.300e+01  2.200e+01  2.100e+01 
 2.300e+01  2.300e+01  2.300e+01  2.300e+01  2.200e+01  2.100e+01 
 2.200e+01  2.200e+01  2.200e+01  2.200e+01  2.200e+01  2.100e+01 
 2.100e+01  2.100e+01  2.100e+01  2.100e+01  2.100e+01  2.100e+01 


lambda:
 2.847e+02  3.171e+01  1.147e+01  5.892e+00  3.598e+00  2.437e+00 

./a.out : Residual1 = 1.619471e-16 Residual2 = 1.619471e-16 Iterations = 46     Iterations1 = 1 Elapsed1 = 0.00 Elapsed2 = 0.00
============================== a.out n=27 s=1 =========================
### Run  ./a.out 27 6 1e-14 1
A:
 2.700e+01  2.600e+01  2.500e+01  2.400e+01  2.300e+01  2.200e+01 
 2.600e+01  2.600e+01  2.500e+01  2.400e+01  2.300e+01  2.200e+01 
 2.500e+01  2.500e+01  2.500e+01  2.400e+01  2.300e+01  2.200e+01 
 2.400e+01  2.400e+01  2.400e+01  2.400e+01  2.300e+01  2.200e+01 
 2.300e+01  2.300e+01  2.300e+01  2.300e+01  2.300e+01  2.200e+01 
 2.200e+01  2.200e+01  2.200e+01  2.200e+01  2.200e+01  2.200e+01 


lambda:
 3.066e+02  3.414e+01  1.234e+01  6.339e+00  3.868e+00  2.618e+00 

./a.out : Residual1 = 3.007588e-16 Residual2 = 4.511382e-16 Iterations = 46     Iterations1 = 1 Elapsed1 = 0.00 Elapsed2 = 0.00
============================== a.out n=28 s=1 =========================
### Run  ./a.out 28 6 1e-14 1
A:
 2.800e+01  2.700e+01  2.600e+01  2.500e+01  2.400e+01  2.300e+01 
 2.700e+01  2.700e+01  2.600e+01  2.500e+01  2.400e+01  2.300e+01 
 2.600e+01  2.600e+01  2.600e+01  2.500e+01  2.400e+01  2.300e+01 
 2.500e+01  2.500e+01  2.500e+01  2.500e+01  2.400e+01  2.300e+01 
 2.400e+01  2.400e+01  2.400e+01  2.400e+01  2.400e+01  2.300e+01 
 2.300e+01  2.300e+01  2.300e+01  2.300e+01  2.300e+01  2.300e+01 


lambda:
 3.293e+02  3.666e+01  1.325e+01  6.802e+00  4.148e+00  2.805e+00 

./a.out : Residual1 = 1.400084e-16 Residual2 = 2.800168e-16 Iterations = 48     Iterations1 = 1 Elapsed1 = 0.00 Elapsed2 = 0.00
============================== a.out n=29 s=1 =========================
### Run  ./a.out 29 6 1e-14 1
A:
 2.900e+01  2.800e+01  2.700e+01  2.600e+01  2.500e+01  2.400e+01 
 2.800e+01  2.800e+01  2.700e+01  2.600e+01  2.500e+01  2.400e+01 
 2.700e+01  2.700e+01  2.700e+01  2.600e+01  2.500e+01  2.400e+01 
 2.600e+01  2.600e+01  2.600e+01  2.600e+01  2.500e+01  2.400e+01 
 2.500e+01  2.500e+01  2.500e+01  2.500e+01  2.500e+01  2.400e+01 
 2.400e+01  2.400e+01  2.400e+01  2.400e+01  2.400e+01  2.400e+01 


lambda:
 3.528e+02  3.927e+01  1.419e+01  7.282e+00  4.439e+00  3.000e+00 

./a.out : Residual1 = 6.533726e-16 Residual2 = 7.840472e-16 Iterations = 50     Iterations1 = 1 Elapsed1 = 0.00 Elapsed2 = 0.00
============================== a.out n=30 s=1 =========================
### Run  ./a.out 30 6 1e-14 1
A:
 3.000e+01  2.900e+01  2.800e+01  2.700e+01  2.600e+01  2.500e+01 
 2.900e+01  2.900e+01  2.800e+01  2.700e+01  2.600e+01  2.500e+01 
 2.800e+01  2.800e+01  2.800e+01  2.700e+01  2.600e+01  2.500e+01 
 2.700e+01  2.700e+01  2.700e+01  2.700e+01  2.600e+01  2.500e+01 
 2.600e+01  2.600e+01  2.600e+01  2.600e+01  2.600e+01  2.500e+01 
 2.500e+01  2.500e+01  2.500e+01  2.500e+01  2.500e+01  2.500e+01 


lambda:
 3.771e+02  4.197e+01  1.516e+01  7.778e+00  4.739e+00  3.201e+00 

./a.out : Residual1 = 2.444878e-16 Residual2 = 2.444878e-16 Iterations = 50     Iterations1 = 1 Elapsed1 = 0.00 Elapsed2 = 0.00
============================== a.out n=31 s=1 =========================
### Run  ./a.out 31 6 1e-14 1
A:
 3.100e+01  3.000e+01  2.900e+01  2.800e+01  2.700e+01  2.600e+01 
 3.000e+01  3.000e+01  2.900e+01  2.800e+01  2.700e+01  2.600e+01 
 2.900e+01  2.900e+01  2.900e+01  2.800e+01  2.700e+01  2.600e+01 
 2.800e+01  2.800e+01  2.800e+01  2.800e+01  2.700e+01  2.600e+01 
 2.700e+01  2.700e+01  2.700e+01  2.700e+01  2.700e+01  2.600e+01 
 2.600e+01  2.600e+01  2.600e+01  2.600e+01  2.600e+01  2.600e+01 


lambda:
 4.022e+02  4.477e+01  1.617e+01  8.291e+00  5.049e+00  3.408e+00 

./a.out : Residual1 = 0.000000e+00 Residual2 = 2.292073e-16 Iterations = 52     Iterations1 = 1 Elapsed1 = 0.00 Elapsed2 = 0.00
============================== a.out n=32 s=1 =========================
### Run  ./a.out 32 6 1e-14 1
A:
 3.200e+01  3.100e+01  3.000e+01  2.900e+01  2.800e+01  2.700e+01 
 3.100e+01  3.100e+01  3.000e+01  2.900e+01  2.800e+01  2.700e+01 
 3.000e+01  3.000e+01  3.000e+01  2.900e+01  2.800e+01  2.700e+01 
 2.900e+01  2.900e+01  2.900e+01  2.900e+01  2.800e+01  2.700e+01 
 2.800e+01  2.800e+01  2.800e+01  2.800e+01  2.800e+01  2.700e+01 
 2.700e+01  2.700e+01  2.700e+01  2.700e+01  2.700e+01  2.700e+01 


lambda:
 4.282e+02  4.765e+01  1.721e+01  8.820e+00  5.369e+00  3.622e+00 

./a.out : Residual1 = 2.153160e-16 Residual2 = 6.459479e-16 Iterations = 53     Iterations1 = 1 Elapsed1 = 0.00 Elapsed2 = 0.00
============================== a.out n=33 s=1 =========================
### Run  ./a.out 33 6 1e-14 1
A:
 3.300e+01  3.200e+01  3.100e+01  3.000e+01  2.900e+01  2.800e+01 
 3.200e+01  3.200e+01  3.100e+01  3.000e+01  2.900e+01  2.800e+01 
 3.100e+01  3.100e+01  3.100e+01  3.000e+01  2.900e+01  2.800e+01 
 3.000e+01  3.000e+01  3.000e+01  3.000e+01  2.900e+01  2.800e+01 
 2.900e+01  2.900e+01  2.900e+01  2.900e+01  2.900e+01  2.800e+01 
 2.800e+01  2.800e+01  2.800e+01  2.800e+01  2.800e+01  2.800e+01 


lambda:
 4.549e+02  5.062e+01  1.828e+01  9.366e+00  5.699e+00  3.843e+00 

./a.out : Residual1 = 0.000000e+00 Residual2 = 0.000000e+00 Iterations = 55     Iterations1 = 1 Elapsed1 = 0.00 Elapsed2 = 0.00
============================== a.out n=34 s=1 =========================
### Run  ./a.out 34 6 1e-14 1
A:
 3.400e+01  3.300e+01  3.200e+01  3.100e+01  3.000e+01  2.900e+01 
 3.300e+01  3.300e+01  3.200e+01  3.100e+01  3.000e+01  2.900e+01 
 3.200e+01  3.200e+01  3.200e+01  3.100e+01  3.000e+01  2.900e+01 
 3.100e+01  3.100e+01  3.100e+01  3.100e+01  3.000e+01  2.900e+01 
 3.000e+01  3.000e+01  3.000e+01  3.000e+01  3.000e+01  2.900e+01 
 2.900e+01  2.900e+01  2.900e+01  2.900e+01  2.900e+01  2.900e+01 


lambda:
 4.825e+02  5.368e+01  1.938e+01  9.928e+00  6.039e+00  4.071e+00 

./a.out : Residual1 = 0.000000e+00 Residual2 = 9.553516e-17 Iterations = 56     Iterations1 = 1 Elapsed1 = 0.00 Elapsed2 = 0.00
============================== a.out n=35 s=1 =========================
### Run  ./a.out 35 6 1e-14 1
A:
 3.500e+01  3.400e+01  3.300e+01  3.200e+01  3.100e+01  3.000e+01 
 3.400e+01  3.400e+01  3.300e+01  3.200e+01  3.100e+01  3.000e+01 
 3.300e+01  3.300e+01  3.300e+01  3.200e+01  3.100e+01  3.000e+01 
 3.200e+01  3.200e+01  3.200e+01  3.200e+01  3.100e+01  3.000e+01 
 3.100e+01  3.100e+01  3.100e+01  3.100e+01  3.100e+01  3.000e+01 
 3.000e+01  3.000e+01  3.000e+01  3.000e+01  3.000e+01  3.000e+01 


lambda:
 5.108e+02  5.683e+01  2.051e+01  1.051e+01  6.390e+00  4.305e+00 

./a.out : Residual1 = 1.804553e-16 Residual2 = 1.804553e-16 Iterations = 57     Iterations1 = 1 Elapsed1 = 0.00 Elapsed2 = 0.00
============================== a.out n=36 s=1 =========================
### Run  ./a.out 36 6 1e-14 1
A:
 3.600e+01  3.500e+01  3.400e+01  3.300e+01  3.200e+01  3.100e+01 
 3.500e+01  3.500e+01  3.400e+01  3.300e+01  3.200e+01  3.100e+01 
 3.400e+01  3.400e+01  3.400e+01  3.300e+01  3.200e+01  3.100e+01 
 3.300e+01  3.300e+01  3.300e+01  3.300e+01  3.200e+01  3.100e+01 
 3.200e+01  3.200e+01  3.200e+01  3.200e+01  3.200e+01  3.100e+01 
 3.100e+01  3.100e+01  3.100e+01  3.100e+01  3.100e+01  3.100e+01 


lambda:
 5.400e+02  6.008e+01  2.168e+01  1.110e+01  6.750e+00  4.547e+00 

./a.out : Residual1 = 6.828038e-16 Residual2 = 8.535048e-16 Iterations = 60     Iterations1 = 1 Elapsed1 = 0.00 Elapsed2 = 0.00
============================== a.out n=37 s=1 =========================
### Run  ./a.out 37 6 1e-14 1
A:
 3.700e+01  3.600e+01  3.500e+01  3.400e+01  3.300e+01  3.200e+01 
 3.600e+01  3.600e+01  3.500e+01  3.400e+01  3.300e+01  3.200e+01 
 3.500e+01  3.500e+01  3.500e+01  3.400e+01  3.300e+01  3.200e+01 
 3.400e+01  3.400e+01  3.400e+01  3.400e+01  3.300e+01  3.200e+01 
 3.300e+01  3.300e+01  3.300e+01  3.300e+01  3.300e+01  3.200e+01 
 3.200e+01  3.200e+01  3.200e+01  3.200e+01  3.200e+01  3.200e+01 


lambda:
 5.700e+02  6.341e+01  2.288e+01  1.171e+01  7.120e+00  4.794e+00 

./a.out : Residual1 = 4.851501e-16 Residual2 = 4.851501e-16 Iterations = 61     Iterations1 = 1 Elapsed1 = 0.00 Elapsed2 = 0.00
============================== a.out n=38 s=1 =========================
### Run  ./a.out 38 6 1e-14 1
A:
 3.800e+01  3.700e+01  3.600e+01  3.500e+01  3.400e+01  3.300e+01 
 3.700e+01  3.700e+01  3.600e+01  3.500e+01  3.400e+01  3.300e+01 
 3.600e+01  3.600e+01  3.600e+01  3.500e+01  3.400e+01  3.300e+01 
 3.500e+01  3.500e+01  3.500e+01  3.500e+01  3.400e+01  3.300e+01 
 3.400e+01  3.400e+01  3.400e+01  3.400e+01  3.400e+01  3.300e+01 
 3.300e+01  3.300e+01  3.300e+01  3.300e+01  3.300e+01  3.300e+01 


lambda:
 6.008e+02  6.683e+01  2.411e+01  1.234e+01  7.500e+00  5.049e+00 

./a.out : Residual1 = 3.068471e-16 Residual2 = 1.534235e-16 Iterations = 63     Iterations1 = 1 Elapsed1 = 0.00 Elapsed2 = 0.00
============================== a.out n=39 s=1 =========================
### Run  ./a.out 39 6 1e-14 1
A:
 3.900e+01  3.800e+01  3.700e+01  3.600e+01  3.500e+01  3.400e+01 
 3.800e+01  3.800e+01  3.700e+01  3.600e+01  3.500e+01  3.400e+01 
 3.700e+01  3.700e+01  3.700e+01  3.600e+01  3.500e+01  3.400e+01 
 3.600e+01  3.600e+01  3.600e+01  3.600e+01  3.500e+01  3.400e+01 
 3.500e+01  3.500e+01  3.500e+01  3.500e+01  3.500e+01  3.400e+01 
 3.400e+01  3.400e+01  3.400e+01  3.400e+01  3.400e+01  3.400e+01 


lambda:
 6.324e+02  7.034e+01  2.538e+01  1.299e+01  7.891e+00  5.310e+00 

./a.out : Residual1 = 5.830094e-16 Residual2 = 1.457524e-16 Iterations = 65     Iterations1 = 1 Elapsed1 = 0.00 Elapsed2 = 0.00
============================== a.out n=40 s=1 =========================
### Run  ./a.out 40 6 1e-14 1
A:
 4.000e+01  3.900e+01  3.800e+01  3.700e+01  3.600e+01  3.500e+01 
 3.900e+01  3.900e+01  3.800e+01  3.700e+01  3.600e+01  3.500e+01 
 3.800e+01  3.800e+01  3.800e+01  3.700e+01  3.600e+01  3.500e+01 
 3.700e+01  3.700e+01  3.700e+01  3.700e+01  3.600e+01  3.500e+01 
 3.600e+01  3.600e+01  3.600e+01  3.600e+01  3.600e+01  3.500e+01 
 3.500e+01  3.500e+01  3.500e+01  3.500e+01  3.500e+01  3.500e+01 


lambda:
 6.649e+02  7.395e+01  2.667e+01  1.365e+01  8.291e+00  5.578e+00 

./a.out : Residual1 = 4.159275e-16 Residual2 = 5.545699e-16 Iterations = 67     Iterations1 = 1 Elapsed1 = 0.00 Elapsed2 = 0.00
============================== a.out n=41 s=1 =========================
### Run  ./a.out 41 6 1e-14 1
A:
 4.100e+01  4.000e+01  3.900e+01  3.800e+01  3.700e+01  3.600e+01 
 4.000e+01  4.000e+01  3.900e+01  3.800e+01  3.700e+01  3.600e+01 
 3.900e+01  3.900e+01  3.900e+01  3.800e+01  3.700e+01  3.600e+01 
 3.800e+01  3.800e+01  3.800e+01  3.800e+01  3.700e+01  3.600e+01 
 3.700e+01  3.700e+01  3.700e+01  3.700e+01  3.700e+01  3.600e+01 
 3.600e+01  3.600e+01  3.600e+01  3.600e+01  3.600e+01  3.600e+01 


lambda:
 6.981e+02  7.764e+01  2.800e+01  1.433e+01  8.701e+00  5.853e+00 

./a.out : Residual1 = 2.640809e-16 Residual2 = 1.320405e-16 Iterations = 67     Iterations1 = 1 Elapsed1 = 0.00 Elapsed2 = 0.00
============================== a.out n=42 s=1 =========================
### Run  ./a.out 42 6 1e-14 1
A:
 4.200e+01  4.100e+01  4.000e+01  3.900e+01  3.800e+01  3.700e+01 
 4.100e+01  4.100e+01  4.000e+01  3.900e+01  3.800e+01  3.700e+01 
 4.000e+01  4.000e+01  4.000e+01  3.900e+01  3.800e+01  3.700e+01 
 3.900e+01  3.900e+01  3.900e+01  3.900e+01  3.800e+01  3.700e+01 
 3.800e+01  3.800e+01  3.800e+01  3.800e+01  3.800e+01  3.700e+01 
 3.700e+01  3.700e+01  3.700e+01  3.700e+01  3.700e+01  3.700e+01 


lambda:
 7.321e+02  8.142e+01  2.937e+01  1.502e+01  9.121e+00  6.134e+00 

./a.out : Residual1 = 2.517981e-16 Residual2 = 5.035962e-16 Iterations = 70     Iterations1 = 1 Elapsed1 = 0.00 Elapsed2 = 0.00
============================== a.out n=43 s=1 =========================
### Run  ./a.out 43 6 1e-14 1
A:
 4.300e+01  4.200e+01  4.100e+01  4.000e+01  3.900e+01  3.800e+01 
 4.200e+01  4.200e+01  4.100e+01  4.000e+01  3.900e+01  3.800e+01 
 4.100e+01  4.100e+01  4.100e+01  4.000e+01  3.900e+01  3.800e+01 
 4.000e+01  4.000e+01  4.000e+01  4.000e+01  3.900e+01  3.800e+01 
 3.900e+01  3.900e+01  3.900e+01  3.900e+01  3.900e+01  3.800e+01 
 3.800e+01  3.800e+01  3.800e+01  3.800e+01  3.800e+01  3.800e+01 


lambda:
 7.670e+02  8.529e+01  3.076e+01  1.573e+01  9.552e+00  6.422e+00 

./a.out : Residual1 = 2.403527e-16 Residual2 = 3.605291e-16 Iterations = 70     Iterations1 = 1 Elapsed1 = 0.00 Elapsed2 = 0.00
============================== a.out n=44 s=1 =========================
### Run  ./a.out 44 6 1e-14 1
A:
 4.400e+01  4.300e+01  4.200e+01  4.100e+01  4.000e+01  3.900e+01 
 4.300e+01  4.300e+01  4.200e+01  4.100e+01  4.000e+01  3.900e+01 
 4.200e+01  4.200e+01  4.200e+01  4.100e+01  4.000e+01  3.900e+01 
 4.100e+01  4.100e+01  4.100e+01  4.100e+01  4.000e+01  3.900e+01 
 4.000e+01  4.000e+01  4.000e+01  4.000e+01  4.000e+01  3.900e+01 
 3.900e+01  3.900e+01  3.900e+01  3.900e+01  3.900e+01  3.900e+01 


lambda:
 8.026e+02  8.926e+01  3.219e+01  1.646e+01  9.992e+00  6.717e+00 

./a.out : Residual1 = 3.445056e-16 Residual2 = 0.000000e+00 Iterations = 72     Iterations1 = 1 Elapsed1 = 0.00 Elapsed2 = 0.00
============================== a.out n=45 s=1 =========================
### Run  ./a.out 45 6 1e-14 1
A:
 4.500e+01  4.400e+01  4.300e+01  4.200e+01  4.100e+01  4.000e+01 
 4.400e+01  4.400e+01  4.300e+01  4.200e+01  4.100e+01  4.000e+01 
 4.300e+01  4.300e+01  4.300e+01  4.200e+01  4.100e+01  4.000e+01 
 4.200e+01  4.200e+01  4.200e+01  4.200e+01  4.100e+01  4.000e+01 
 4.100e+01  4.100e+01  4.100e+01  4.100e+01  4.100e+01  4.000e+01 
 4.000e+01  4.000e+01  4.000e+01  4.000e+01  4.000e+01  4.000e+01 


lambda:
 8.391e+02  9.331e+01  3.365e+01  1.721e+01  1.044e+01  7.018e+00 

./a.out : Residual1 = 1.757478e-15 Residual2 = 1.208266e-15 Iterations = 73     Iterations1 = 1 Elapsed1 = 0.00 Elapsed2 = 0.00
============================== a.out n=46 s=1 =========================
### Run  ./a.out 46 6 1e-14 1
A:
 4.600e+01  4.500e+01  4.400e+01  4.300e+01  4.200e+01  4.100e+01 
 4.500e+01  4.500e+01  4.400e+01  4.300e+01  4.200e+01  4.100e+01 
 4.400e+01  4.400e+01  4.400e+01  4.300e+01  4.200e+01  4.100e+01 
 4.300e+01  4.300e+01  4.300e+01  4.300e+01  4.200e+01  4.100e+01 
 4.200e+01  4.200e+01  4.200e+01  4.200e+01  4.200e+01  4.100e+01 
 4.100e+01  4.100e+01  4.100e+01  4.100e+01  4.100e+01  4.100e+01 


lambda:
 8.764e+02  9.745e+01  3.514e+01  1.797e+01  1.090e+01  7.326e+00 

./a.out : Residual1 = 6.310093e-16 Residual2 = 6.310093e-16 Iterations = 74     Iterations1 = 1 Elapsed1 = 0.00 Elapsed2 = 0.00
============================== a.out n=47 s=1 =========================
### Run  ./a.out 47 6 1e-14 1
A:
 4.700e+01  4.600e+01  4.500e+01  4.400e+01  4.300e+01  4.200e+01 
 4.600e+01  4.600e+01  4.500e+01  4.400e+01  4.300e+01  4.200e+01 
 4.500e+01  4.500e+01  4.500e+01  4.400e+01  4.300e+01  4.200e+01 
 4.400e+01  4.400e+01  4.400e+01  4.400e+01  4.300e+01  4.200e+01 
 4.300e+01  4.300e+01  4.300e+01  4.300e+01  4.300e+01  4.200e+01 
 4.200e+01  4.200e+01  4.200e+01  4.200e+01  4.200e+01  4.200e+01 


lambda:
 9.145e+02  1.017e+02  3.666e+01  1.875e+01  1.137e+01  7.641e+00 

./a.out : Residual1 = 4.031448e-16 Residual2 = 3.023586e-16 Iterations = 76     Iterations1 = 1 Elapsed1 = 0.00 Elapsed2 = 0.00
============================== a.out n=48 s=1 =========================
### Run  ./a.out 48 6 1e-14 1
A:
 4.800e+01  4.700e+01  4.600e+01  4.500e+01  4.400e+01  4.300e+01 
 4.700e+01  4.700e+01  4.600e+01  4.500e+01  4.400e+01  4.300e+01 
 4.600e+01  4.600e+01  4.600e+01  4.500e+01  4.400e+01  4.300e+01 
 4.500e+01  4.500e+01  4.500e+01  4.500e+01  4.400e+01  4.300e+01 
 4.400e+01  4.400e+01  4.400e+01  4.400e+01  4.400e+01  4.300e+01 
 4.300e+01  4.300e+01  4.300e+01  4.300e+01  4.300e+01  4.300e+01 


lambda:
 9.534e+02  1.060e+02  3.822e+01  1.954e+01  1.185e+01  7.963e+00 

./a.out : Residual1 = 5.800349e-16 Residual2 = 9.667248e-17 Iterations = 77     Iterations1 = 1 Elapsed1 = 0.00 Elapsed2 = 0.00
============================== a.out n=49 s=1 =========================
### Run  ./a.out 49 6 1e-14 1
A:
 4.900e+01  4.800e+01  4.700e+01  4.600e+01  4.500e+01  4.400e+01 
 4.800e+01  4.800e+01  4.700e+01  4.600e+01  4.500e+01  4.400e+01 
 4.700e+01  4.700e+01  4.700e+01  4.600e+01  4.500e+01  4.400e+01 
 4.600e+01  4.600e+01  4.600e+01  4.600e+01  4.500e+01  4.400e+01 
 4.500e+01  4.500e+01  4.500e+01  4.500e+01  4.500e+01  4.400e+01 
 4.400e+01  4.400e+01  4.400e+01  4.400e+01  4.400e+01  4.400e+01 


lambda:
 9.931e+02  1.104e+02  3.981e+01  2.035e+01  1.234e+01  8.291e+00 

./a.out : Residual1 = 1.856112e-16 Residual2 = 9.280558e-17 Iterations = 79     Iterations1 = 1 Elapsed1 = 0.00 Elapsed2 = 0.00
============================== a.out n=50 s=1 =========================
### Run  ./a.out 50 6 1e-14 1
A:
 5.000e+01  4.900e+01  4.800e+01  4.700e+01  4.600e+01  4.500e+01 
 4.900e+01  4.900e+01  4.800e+01  4.700e+01  4.600e+01  4.500e+01 
 4.800e+01  4.800e+01  4.800e+01  4.700e+01  4.600e+01  4.500e+01 
 4.700e+01  4.700e+01  4.700e+01  4.700e+01  4.600e+01  4.500e+01 
 4.600e+01  4.600e+01  4.600e+01  4.600e+01  4.600e+01  4.500e+01 
 4.500e+01  4.500e+01  4.500e+01  4.500e+01  4.500e+01  4.500e+01 


lambda:
 1.034e+03  1.149e+02  4.143e+01  2.118e+01  1.284e+01  8.626e+00 

./a.out : Residual1 = 1.783323e-16 Residual2 = 3.566646e-16 Iterations = 80     Iterations1 = 1 Elapsed1 = 0.00 Elapsed2 = 0.00
============================== a.out n=51 s=1 =========================
### Run  ./a.out 51 6 1e-14 1
A:
 5.100e+01  5.000e+01  4.900e+01  4.800e+01  4.700e+01  4.600e+01 
 5.000e+01  5.000e+01  4.900e+01  4.800e+01  4.700e+01  4.600e+01 
 4.900e+01  4.900e+01  4.900e+01  4.800e+01  4.700e+01  4.600e+01 
 4.800e+01  4.800e+01  4.800e+01  4.800e+01  4.700e+01  4.600e+01 
 4.700e+01  4.700e+01  4.700e+01  4.700e+01  4.700e+01  4.600e+01 
 4.600e+01  4.600e+01  4.600e+01  4.600e+01  4.600e+01  4.600e+01 


lambda:
 1.075e+03  1.195e+02  4.308e+01  2.202e+01  1.335e+01  8.967e+00 

./a.out : Residual1 = 1.714734e-15 Residual2 = 5.144201e-16 Iterations = 82     Iterations1 = 1 Elapsed1 = 0.00 Elapsed2 = 0.00
============================== a.out n=52 s=1 =========================
### Run  ./a.out 52 6 1e-14 1
A:
 5.200e+01  5.100e+01  5.000e+01  4.900e+01  4.800e+01  4.700e+01 
 5.100e+01  5.100e+01  5.000e+01  4.900e+01  4.800e+01  4.700e+01 
 5.000e+01  5.000e+01  5.000e+01  4.900e+01  4.800e+01  4.700e+01 
 4.900e+01  4.900e+01  4.900e+01  4.900e+01  4.800e+01  4.700e+01 
 4.800e+01  4.800e+01  4.800e+01  4.800e+01  4.800e+01  4.700e+01 
 4.700e+01  4.700e+01  4.700e+01  4.700e+01  4.700e+01  4.700e+01 


lambda:
 1.117e+03  1.242e+02  4.477e+01  2.288e+01  1.387e+01  9.316e+00 

./a.out : Residual1 = 4.950080e-16 Residual2 = 1.650027e-16 Iterations = 82     Iterations1 = 1 Elapsed1 = 0.00 Elapsed2 = 0.00
============================== a.out n=53 s=1 =========================
### Run  ./a.out 53 6 1e-14 1
A:
 5.300e+01  5.200e+01  5.100e+01  5.000e+01  4.900e+01  4.800e+01 
 5.200e+01  5.200e+01  5.100e+01  5.000e+01  4.900e+01  4.800e+01 
 5.100e+01  5.100e+01  5.100e+01  5.000e+01  4.900e+01  4.800e+01 
 5.000e+01  5.000e+01  5.000e+01  5.000e+01  4.900e+01  4.800e+01 
 4.900e+01  4.900e+01  4.900e+01  4.900e+01  4.900e+01  4.800e+01 
 4.800e+01  4.800e+01  4.800e+01  4.800e+01  4.800e+01  4.800e+01 


lambda:
 1.160e+03  1.290e+02  4.648e+01  2.376e+01  1.440e+01  9.671e+00 

./a.out : Residual1 = 6.355658e-16 Residual2 = 1.588915e-16 Iterations = 84     Iterations1 = 1 Elapsed1 = 0.00 Elapsed2 = 0.00
============================== a.out n=54 s=1 =========================
### Run  ./a.out 54 6 1e-14 1
A:
 5.400e+01  5.300e+01  5.200e+01  5.100e+01  5.000e+01  4.900e+01 
 5.300e+01  5.300e+01  5.200e+01  5.100e+01  5.000e+01  4.900e+01 
 5.200e+01  5.200e+01  5.200e+01  5.100e+01  5.000e+01  4.900e+01 
 5.100e+01  5.100e+01  5.100e+01  5.100e+01  5.000e+01  4.900e+01 
 5.000e+01  5.000e+01  5.000e+01  5.000e+01  5.000e+01  4.900e+01 
 4.900e+01  4.900e+01  4.900e+01  4.900e+01  4.900e+01  4.900e+01 


lambda:
 1.204e+03  1.338e+02  4.824e+01  2.465e+01  1.495e+01  1.003e+01 

./a.out : Residual1 = 1.531136e-16 Residual2 = 0.000000e+00 Iterations = 85     Iterations1 = 1 Elapsed1 = 0.00 Elapsed2 = 0.00
============================== a.out n=55 s=1 =========================
### Run  ./a.out 55 6 1e-14 1
A:
 5.500e+01  5.400e+01  5.300e+01  5.200e+01  5.100e+01  5.000e+01 
 5.400e+01  5.400e+01  5.300e+01  5.200e+01  5.100e+01  5.000e+01 
 5.300e+01  5.300e+01  5.300e+01  5.200e+01  5.100e+01  5.000e+01 
 5.200e+01  5.200e+01  5.200e+01  5.200e+01  5.100e+01  5.000e+01 
 5.100e+01  5.100e+01  5.100e+01  5.100e+01  5.100e+01  5.000e+01 
 5.000e+01  5.000e+01  5.000e+01  5.000e+01  5.000e+01  5.000e+01 


lambda:
 1.248e+03  1.388e+02  5.002e+01  2.556e+01  1.550e+01  1.040e+01 

./a.out : Residual1 = 2.952905e-16 Residual2 = 2.952905e-16 Iterations = 87     Iterations1 = 1 Elapsed1 = 0.00 Elapsed2 = 0.00
============================== a.out n=56 s=1 =========================
### Run  ./a.out 56 6 1e-14 1
A:
 5.600e+01  5.500e+01  5.400e+01  5.300e+01  5.200e+01  5.100e+01 
 5.500e+01  5.500e+01  5.400e+01  5.300e+01  5.200e+01  5.100e+01 
 5.400e+01  5.400e+01  5.400e+01  5.300e+01  5.200e+01  5.100e+01 
 5.300e+01  5.300e+01  5.300e+01  5.300e+01  5.200e+01  5.100e+01 
 5.200e+01  5.200e+01  5.200e+01  5.200e+01  5.200e+01  5.100e+01 
 5.100e+01  5.100e+01  5.100e+01  5.100e+01  5.100e+01  5.100e+01 


lambda:
 1.294e+03  1.438e+02  5.183e+01  2.649e+01  1.606e+01  1.078e+01 

./a.out : Residual1 = 1.424647e-16 Residual2 = 2.849294e-16 Iterations = 87     Iterations1 = 1 Elapsed1 = 0.00 Elapsed2 = 0.00
============================== a.out n=57 s=1 =========================
### Run  ./a.out 57 6 1e-14 1
A:
 5.700e+01  5.600e+01  5.500e+01  5.400e+01  5.300e+01  5.200e+01 
 5.600e+01  5.600e+01  5.500e+01  5.400e+01  5.300e+01  5.200e+01 
 5.500e+01  5.500e+01  5.500e+01  5.400e+01  5.300e+01  5.200e+01 
 5.400e+01  5.400e+01  5.400e+01  5.400e+01  5.300e+01  5.200e+01 
 5.300e+01  5.300e+01  5.300e+01  5.300e+01  5.300e+01  5.200e+01 
 5.200e+01  5.200e+01  5.200e+01  5.200e+01  5.200e+01  5.200e+01 


lambda:
 1.340e+03  1.490e+02  5.368e+01  2.743e+01  1.663e+01  1.116e+01 

./a.out : Residual1 = 4.126564e-16 Residual2 = 1.375521e-16 Iterations = 90     Iterations1 = 1 Elapsed1 = 0.00 Elapsed2 = 0.00
============================== a.out n=58 s=1 =========================
### Run  ./a.out 58 6 1e-14 1
A:
 5.800e+01  5.700e+01  5.600e+01  5.500e+01  5.400e+01  5.300e+01 
 5.700e+01  5.700e+01  5.600e+01  5.500e+01  5.400e+01  5.300e+01 
 5.600e+01  5.600e+01  5.600e+01  5.500e+01  5.400e+01  5.300e+01 
 5.500e+01  5.500e+01  5.500e+01  5.500e+01  5.400e+01  5.300e+01 
 5.400e+01  5.400e+01  5.400e+01  5.400e+01  5.400e+01  5.300e+01 
 5.300e+01  5.300e+01  5.300e+01  5.300e+01  5.300e+01  5.300e+01 


lambda:
 1.387e+03  1.542e+02  5.556e+01  2.839e+01  1.721e+01  1.155e+01 

./a.out : Residual1 = 1.328893e-16 Residual2 = 1.328893e-16 Iterations = 92     Iterations1 = 1 Elapsed1 = 0.00 Elapsed2 = 0.00
============================== a.out n=59 s=1 =========================
### Run  ./a.out 59 6 1e-14 1
A:
 5.900e+01  5.800e+01  5.700e+01  5.600e+01  5.500e+01  5.400e+01 
 5.800e+01  5.800e+01  5.700e+01  5.600e+01  5.500e+01  5.400e+01 
 5.700e+01  5.700e+01  5.700e+01  5.600e+01  5.500e+01  5.400e+01 
 5.600e+01  5.600e+01  5.600e+01  5.600e+01  5.500e+01  5.400e+01 
 5.500e+01  5.500e+01  5.500e+01  5.500e+01  5.500e+01  5.400e+01 
 5.400e+01  5.400e+01  5.400e+01  5.400e+01  5.400e+01  5.400e+01 


lambda:
 1.435e+03  1.595e+02  5.748e+01  2.937e+01  1.780e+01  1.194e+01 

./a.out : Residual1 = 5.138388e-16 Residual2 = 1.284597e-16 Iterations = 94     Iterations1 = 1 Elapsed1 = 0.00 Elapsed2 = 0.00
============================== a.out n=60 s=1 =========================
### Run  ./a.out 60 6 1e-14 1
A:
 6.000e+01  5.900e+01  5.800e+01  5.700e+01  5.600e+01  5.500e+01 
 5.900e+01  5.900e+01  5.800e+01  5.700e+01  5.600e+01  5.500e+01 
 5.800e+01  5.800e+01  5.800e+01  5.700e+01  5.600e+01  5.500e+01 
 5.700e+01  5.700e+01  5.700e+01  5.700e+01  5.600e+01  5.500e+01 
 5.600e+01  5.600e+01  5.600e+01  5.600e+01  5.600e+01  5.500e+01 
 5.500e+01  5.500e+01  5.500e+01  5.500e+01  5.500e+01  5.500e+01 


lambda:
 1.484e+03  1.649e+02  5.942e+01  3.036e+01  1.840e+01  1.234e+01 

./a.out : Residual1 = 2.484958e-16 Residual2 = 4.969916e-16 Iterations = 97     Iterations1 = 1 Elapsed1 = 0.00 Elapsed2 = 0.00
============================== a.out n=61 s=1 =========================
### Run  ./a.out 61 6 1e-14 1
A:
 6.100e+01  6.000e+01  5.900e+01  5.800e+01  5.700e+01  5.600e+01 
 6.000e+01  6.000e+01  5.900e+01  5.800e+01  5.700e+01  5.600e+01 
 5.900e+01  5.900e+01  5.900e+01  5.800e+01  5.700e+01  5.600e+01 
 5.800e+01  5.800e+01  5.800e+01  5.800e+01  5.700e+01  5.600e+01 
 5.700e+01  5.700e+01  5.700e+01  5.700e+01  5.700e+01  5.600e+01 
 5.600e+01  5.600e+01  5.600e+01  5.600e+01  5.600e+01  5.600e+01 


lambda:
 1.533e+03  1.704e+02  6.140e+01  3.137e+01  1.901e+01  1.275e+01 

./a.out : Residual1 = 2.404798e-16 Residual2 = 2.404798e-16 Iterations = 97     Iterations1 = 1 Elapsed1 = 0.00 Elapsed2 = 0.00
============================== a.out n=62 s=1 =========================
### Run  ./a.out 62 6 1e-14 1
A:
 6.200e+01  6.100e+01  6.000e+01  5.900e+01  5.800e+01  5.700e+01 
 6.100e+01  6.100e+01  6.000e+01  5.900e+01  5.800e+01  5.700e+01 
 6.000e+01  6.000e+01  6.000e+01  5.900e+01  5.800e+01  5.700e+01 
 5.900e+01  5.900e+01  5.900e+01  5.900e+01  5.800e+01  5.700e+01 
 5.800e+01  5.800e+01  5.800e+01  5.800e+01  5.800e+01  5.700e+01 
 5.700e+01  5.700e+01  5.700e+01  5.700e+01  5.700e+01  5.700e+01 


lambda:
 1.583e+03  1.760e+02  6.341e+01  3.239e+01  1.963e+01  1.317e+01 

./a.out : Residual1 = 2.328455e-16 Residual2 = 2.328455e-16 Iterations = 97     Iterations1 = 1 Elapsed1 = 0.00 Elapsed2 = 0.00
============================== a.out n=63 s=1 =========================
### Run  ./a.out 63 6 1e-14 1
A:
 6.300e+01  6.200e+01  6.100e+01  6.000e+01  5.900e+01  5.800e+01 
 6.200e+01  6.200e+01  6.100e+01  6.000e+01  5.900e+01  5.800e+01 
 6.100e+01  6.100e+01  6.100e+01  6.000e+01  5.900e+01  5.800e+01 
 6.000e+01  6.000e+01  6.000e+01  6.000e+01  5.900e+01  5.800e+01 
 5.900e+01  5.900e+01  5.900e+01  5.900e+01  5.900e+01  5.800e+01 
 5.800e+01  5.800e+01  5.800e+01  5.800e+01  5.800e+01  5.800e+01 


lambda:
 1.634e+03  1.817e+02  6.545e+01  3.343e+01  2.026e+01  1.359e+01 

./a.out : Residual1 = 3.383537e-16 Residual2 = 4.511382e-16 Iterations = 100     Iterations1 = 1 Elapsed1 = 0.00 Elapsed2 = 0.00
============================== a.out n=64 s=1 =========================
### Run  ./a.out 64 6 1e-14 1
A:
 6.400e+01  6.300e+01  6.200e+01  6.100e+01  6.000e+01  5.900e+01 
 6.300e+01  6.300e+01  6.200e+01  6.100e+01  6.000e+01  5.900e+01 
 6.200e+01  6.200e+01  6.200e+01  6.100e+01  6.000e+01  5.900e+01 
 6.100e+01  6.100e+01  6.100e+01  6.100e+01  6.000e+01  5.900e+01 
 6.000e+01  6.000e+01  6.000e+01  6.000e+01  6.000e+01  5.900e+01 
 5.900e+01  5.900e+01  5.900e+01  5.900e+01  5.900e+01  5.900e+01 


lambda:
 1.686e+03  1.874e+02  6.753e+01  3.449e+01  2.090e+01  1.402e+01 

./a.out : Residual1 = 2.186285e-16 Residual2 = 2.186285e-16 Iterations = 101     Iterations1 = 1 Elapsed1 = 0.00 Elapsed2 = 0.00
============================== a.out n=65 s=1 =========================
### Run  ./a.out 65 6 1e-14 1
A:
 6.500e+01  6.400e+01  6.300e+01  6.200e+01  6.100e+01  6.000e+01 
 6.400e+01  6.400e+01  6.300e+01  6.200e+01  6.100e+01  6.000e+01 
 6.300e+01  6.300e+01  6.300e+01  6.200e+01  6.100e+01  6.000e+01 
 6.200e+01  6.200e+01  6.200e+01  6.200e+01  6.100e+01  6.000e+01 
 6.100e+01  6.100e+01  6.100e+01  6.100e+01  6.100e+01  6.000e+01 
 6.000e+01  6.000e+01  6.000e+01  6.000e+01  6.000e+01  6.000e+01 


lambda:
 1.739e+03  1.933e+02  6.963e+01  3.557e+01  2.155e+01  1.445e+01 

./a.out : Residual1 = 4.240069e-16 Residual2 = 3.180051e-16 Iterations = 102     Iterations1 = 1 Elapsed1 = 0.00 Elapsed2 = 0.00
============================== a.out n=66 s=1 =========================
### Run  ./a.out 66 6 1e-14 1
A:
 6.600e+01  6.500e+01  6.400e+01  6.300e+01  6.200e+01  6.100e+01 
 6.500e+01  6.500e+01  6.400e+01  6.300e+01  6.200e+01  6.100e+01 
 6.400e+01  6.400e+01  6.400e+01  6.300e+01  6.200e+01  6.100e+01 
 6.300e+01  6.300e+01  6.300e+01  6.300e+01  6.200e+01  6.100e+01 
 6.200e+01  6.200e+01  6.200e+01  6.200e+01  6.200e+01  6.100e+01 
 6.100e+01  6.100e+01  6.100e+01  6.100e+01  6.100e+01  6.100e+01 


lambda:
 1.792e+03  1.992e+02  7.177e+01  3.666e+01  2.221e+01  1.490e+01 

./a.out : Residual1 = 4.113499e-16 Residual2 = 1.028375e-16 Iterations = 102     Iterations1 = 1 Elapsed1 = 0.00 Elapsed2 = 0.00
============================== a.out n=67 s=1 =========================
### Run  ./a.out 67 6 1e-14 1
A:
 6.700e+01  6.600e+01  6.500e+01  6.400e+01  6.300e+01  6.200e+01 
 6.600e+01  6.600e+01  6.500e+01  6.400e+01  6.300e+01  6.200e+01 
 6.500e+01  6.500e+01  6.500e+01  6.400e+01  6.300e+01  6.200e+01 
 6.400e+01  6.400e+01  6.400e+01  6.400e+01  6.300e+01  6.200e+01 
 6.300e+01  6.300e+01  6.300e+01  6.300e+01  6.300e+01  6.200e+01 
 6.200e+01  6.200e+01  6.200e+01  6.200e+01  6.200e+01  6.200e+01 


lambda:
 1.847e+03  2.053e+02  7.395e+01  3.777e+01  2.288e+01  1.534e+01 

./a.out : Residual1 = 1.996257e-16 Residual2 = 2.994386e-16 Iterations = 104     Iterations1 = 1 Elapsed1 = 0.00 Elapsed2 = 0.00
============================== a.out n=68 s=1 =========================
### Run  ./a.out 68 6 1e-14 1
A:
 6.800e+01  6.700e+01  6.600e+01  6.500e+01  6.400e+01  6.300e+01 
 6.700e+01  6.700e+01  6.600e+01  6.500e+01  6.400e+01  6.300e+01 
 6.600e+01  6.600e+01  6.600e+01  6.500e+01  6.400e+01  6.300e+01 
 6.500e+01  6.500e+01  6.500e+01  6.500e+01  6.400e+01  6.300e+01 
 6.400e+01  6.400e+01  6.400e+01  6.400e+01  6.400e+01  6.300e+01 
 6.300e+01  6.300e+01  6.300e+01  6.300e+01  6.300e+01  6.300e+01 


lambda:
 1.902e+03  2.114e+02  7.615e+01  3.889e+01  2.356e+01  1.580e+01 

./a.out : Residual1 = 3.876789e-16 Residual2 = 2.907592e-16 Iterations = 106     Iterations1 = 1 Elapsed1 = 0.00 Elapsed2 = 0.00
============================== a.out n=69 s=1 =========================
### Run  ./a.out 69 6 1e-14 1
A:
 6.900e+01  6.800e+01  6.700e+01  6.600e+01  6.500e+01  6.400e+01 
 6.800e+01  6.800e+01  6.700e+01  6.600e+01  6.500e+01  6.400e+01 
 6.700e+01  6.700e+01  6.700e+01  6.600e+01  6.500e+01  6.400e+01 
 6.600e+01  6.600e+01  6.600e+01  6.600e+01  6.500e+01  6.400e+01 
 6.500e+01  6.500e+01  6.500e+01  6.500e+01  6.500e+01  6.400e+01 
 6.400e+01  6.400e+01  6.400e+01  6.400e+01  6.400e+01  6.400e+01 


lambda:
 1.958e+03  2.176e+02  7.839e+01  4.004e+01  2.425e+01  1.626e+01 

./a.out : Residual1 = 1.883012e-16 Residual2 = 7.532047e-16 Iterations = 107     Iterations1 = 1 Elapsed1 = 0.00 Elapsed2 = 0.00
============================== a.out n=70 s=1 =========================
### Run  ./a.out 70 6 1e-14 1
A:
 7.000e+01  6.900e+01  6.800e+01  6.700e+01  6.600e+01  6.500e+01 
 6.900e+01  6.900e+01  6.800e+01  6.700e+01  6.600e+01  6.500e+01 
 6.800e+01  6.800e+01  6.800e+01  6.700e+01  6.600e+01  6.500e+01 
 6.700e+01  6.700e+01  6.700e+01  6.700e+01  6.600e+01  6.500e+01 
 6.600e+01  6.600e+01  6.600e+01  6.600e+01  6.600e+01  6.500e+01 
 6.500e+01  6.500e+01  6.500e+01  6.500e+01  6.500e+01  6.500e+01 


lambda:
 2.014e+03  2.239e+02  8.066e+01  4.119e+01  2.495e+01  1.673e+01 

./a.out : Residual1 = 5.489908e-16 Residual2 = 8.234861e-16 Iterations = 108     Iterations1 = 1 Elapsed1 = 0.00 Elapsed2 = 0.00
============================== a.out n=71 s=1 =========================
### Run  ./a.out 71 6 1e-14 1
A:
 7.100e+01  7.000e+01  6.900e+01  6.800e+01  6.700e+01  6.600e+01 
 7.000e+01  7.000e+01  6.900e+01  6.800e+01  6.700e+01  6.600e+01 
 6.900e+01  6.900e+01  6.900e+01  6.800e+01  6.700e+01  6.600e+01 
 6.800e+01  6.800e+01  6.800e+01  6.800e+01  6.700e+01  6.600e+01 
 6.700e+01  6.700e+01  6.700e+01  6.700e+01  6.700e+01  6.600e+01 
 6.600e+01  6.600e+01  6.600e+01  6.600e+01  6.600e+01  6.600e+01 


lambda:
 2.072e+03  2.303e+02  8.296e+01  4.237e+01  2.566e+01  1.721e+01 

./a.out : Residual1 = 7.116547e-16 Residual2 = 7.116547e-16 Iterations = 110     Iterations1 = 1 Elapsed1 = 0.00 Elapsed2 = 0.00
============================== a.out n=72 s=1 =========================
### Run  ./a.out 72 6 1e-14 1
A:
 7.200e+01  7.100e+01  7.000e+01  6.900e+01  6.800e+01  6.700e+01 
 7.100e+01  7.100e+01  7.000e+01  6.900e+01  6.800e+01  6.700e+01 
 7.000e+01  7.000e+01  7.000e+01  6.900e+01  6.800e+01  6.700e+01 
 6.900e+01  6.900e+01  6.900e+01  6.900e+01  6.800e+01  6.700e+01 
 6.800e+01  6.800e+01  6.800e+01  6.800e+01  6.800e+01  6.700e+01 
 6.700e+01  6.700e+01  6.700e+01  6.700e+01  6.700e+01  6.700e+01 


lambda:
 2.130e+03  2.368e+02  8.529e+01  4.356e+01  2.638e+01  1.769e+01 

./a.out : Residual1 = 3.460787e-16 Residual2 = 3.460787e-16 Iterations = 112     Iterations1 = 1 Elapsed1 = 0.00 Elapsed2 = 0.00
============================== a.out n=73 s=1 =========================
### Run  ./a.out 73 6 1e-14 1
A:
 7.300e+01  7.200e+01  7.100e+01  7.000e+01  6.900e+01  6.800e+01 
 7.200e+01  7.200e+01  7.100e+01  7.000e+01  6.900e+01  6.800e+01 
 7.100e+01  7.100e+01  7.100e+01  7.000e+01  6.900e+01  6.800e+01 
 7.000e+01  7.000e+01  7.000e+01  7.000e+01  6.900e+01  6.800e+01 
 6.900e+01  6.900e+01  6.900e+01  6.900e+01  6.900e+01  6.800e+01 
 6.800e+01  6.800e+01  6.800e+01  6.800e+01  6.800e+01  6.800e+01 


lambda:
 2.190e+03  2.434e+02  8.766e+01  4.477e+01  2.711e+01  1.818e+01 

./a.out : Residual1 = 1.178538e-15 Residual2 = 8.418129e-16 Iterations = 112     Iterations1 = 1 Elapsed1 = 0.00 Elapsed2 = 0.00
============================== a.out n=74 s=1 =========================
### Run  ./a.out 74 6 1e-14 1
A:
 7.400e+01  7.300e+01  7.200e+01  7.100e+01  7.000e+01  6.900e+01 
 7.300e+01  7.300e+01  7.200e+01  7.100e+01  7.000e+01  6.900e+01 
 7.200e+01  7.200e+01  7.200e+01  7.100e+01  7.000e+01  6.900e+01 
 7.100e+01  7.100e+01  7.100e+01  7.100e+01  7.000e+01  6.900e+01 
 7.000e+01  7.000e+01  7.000e+01  7.000e+01  7.000e+01  6.900e+01 
 6.900e+01  6.900e+01  6.900e+01  6.900e+01  6.900e+01  6.900e+01 


lambda:
 2.250e+03  2.500e+02  9.006e+01  4.599e+01  2.785e+01  1.867e+01 

./a.out : Residual1 = 0.000000e+00 Residual2 = 1.638729e-16 Iterations = 113     Iterations1 = 1 Elapsed1 = 0.00 Elapsed2 = 0.00
============================== a.out n=75 s=1 =========================
### Run  ./a.out 75 6 1e-14 1
A:
 7.500e+01  7.400e+01  7.300e+01  7.200e+01  7.100e+01  7.000e+01 
 7.400e+01  7.400e+01  7.300e+01  7.200e+01  7.100e+01  7.000e+01 
 7.300e+01  7.300e+01  7.300e+01  7.200e+01  7.100e+01  7.000e+01 
 7.200e+01  7.200e+01  7.200e+01  7.200e+01  7.100e+01  7.000e+01 
 7.100e+01  7.100e+01  7.100e+01  7.100e+01  7.100e+01  7.000e+01 
 7.000e+01  7.000e+01  7.000e+01  7.000e+01  7.000e+01  7.000e+01 


lambda:
 2.310e+03  2.568e+02  9.249e+01  4.723e+01  2.860e+01  1.918e+01 

./a.out : Residual1 = 4.786814e-16 Residual2 = 9.573628e-16 Iterations = 116     Iterations1 = 1 Elapsed1 = 0.00 Elapsed2 = 0.00
============================== a.out n=76 s=1 =========================
### Run  ./a.out 76 6 1e-14 1
A:
 7.600e+01  7.500e+01  7.400e+01  7.300e+01  7.200e+01  7.100e+01 
 7.500e+01  7.500e+01  7.400e+01  7.300e+01  7.200e+01  7.100e+01 
 7.400e+01  7.400e+01  7.400e+01  7.300e+01  7.200e+01  7.100e+01 
 7.300e+01  7.300e+01  7.300e+01  7.300e+01  7.200e+01  7.100e+01 
 7.200e+01  7.200e+01  7.200e+01  7.200e+01  7.200e+01  7.100e+01 
 7.100e+01  7.100e+01  7.100e+01  7.100e+01  7.100e+01  7.100e+01 


lambda:
 2.372e+03  2.636e+02  9.496e+01  4.849e+01  2.937e+01  1.969e+01 

./a.out : Residual1 = 4.662481e-16 Residual2 = 7.770802e-16 Iterations = 117     Iterations1 = 1 Elapsed1 = 0.00 Elapsed2 = 0.00
============================== a.out n=77 s=1 =========================
### Run  ./a.out 77 6 1e-14 1
A:
 7.700e+01  7.600e+01  7.500e+01  7.400e+01  7.300e+01  7.200e+01 
 7.600e+01  7.600e+01  7.500e+01  7.400e+01  7.300e+01  7.200e+01 
 7.500e+01  7.500e+01  7.500e+01  7.400e+01  7.300e+01  7.200e+01 
 7.400e+01  7.400e+01  7.400e+01  7.400e+01  7.300e+01  7.200e+01 
 7.300e+01  7.300e+01  7.300e+01  7.300e+01  7.300e+01  7.200e+01 
 7.200e+01  7.200e+01  7.200e+01  7.200e+01  7.200e+01  7.200e+01 


lambda:
 2.434e+03  2.706e+02  9.745e+01  4.976e+01  3.014e+01  2.020e+01 

./a.out : Residual1 = 0.000000e+00 Residual2 = 3.028620e-16 Iterations = 119     Iterations1 = 1 Elapsed1 = 0.00 Elapsed2 = 0.00
============================== a.out n=78 s=1 =========================
### Run  ./a.out 78 6 1e-14 1
A:
 7.800e+01  7.700e+01  7.600e+01  7.500e+01  7.400e+01  7.300e+01 
 7.700e+01  7.700e+01  7.600e+01  7.500e+01  7.400e+01  7.300e+01 
 7.600e+01  7.600e+01  7.600e+01  7.500e+01  7.400e+01  7.300e+01 
 7.500e+01  7.500e+01  7.500e+01  7.500e+01  7.400e+01  7.300e+01 
 7.400e+01  7.400e+01  7.400e+01  7.400e+01  7.400e+01  7.300e+01 
 7.300e+01  7.300e+01  7.300e+01  7.300e+01  7.300e+01  7.300e+01 


lambda:
 2.498e+03  2.776e+02  9.998e+01  5.105e+01  3.092e+01  2.072e+01 

./a.out : Residual1 = 1.328376e-15 Residual2 = 5.903893e-16 Iterations = 120     Iterations1 = 1 Elapsed1 = 0.00 Elapsed2 = 0.00
============================== a.out n=79 s=1 =========================
### Run  ./a.out 79 6 1e-14 1
A:
 7.900e+01  7.800e+01  7.700e+01  7.600e+01  7.500e+01  7.400e+01 
 7.800e+01  7.800e+01  7.700e+01  7.600e+01  7.500e+01  7.400e+01 
 7.700e+01  7.700e+01  7.700e+01  7.600e+01  7.500e+01  7.400e+01 
 7.600e+01  7.600e+01  7.600e+01  7.600e+01  7.500e+01  7.400e+01 
 7.500e+01  7.500e+01  7.500e+01  7.500e+01  7.500e+01  7.400e+01 
 7.400e+01  7.400e+01  7.400e+01  7.400e+01  7.400e+01  7.400e+01 


lambda:
 2.562e+03  2.847e+02  1.025e+02  5.236e+01  3.171e+01  2.125e+01 

./a.out : Residual1 = 4.317222e-16 Residual2 = 5.756296e-16 Iterations = 121     Iterations1 = 1 Elapsed1 = 0.00 Elapsed2 = 0.00
============================== a.out n=80 s=1 =========================
### Run  ./a.out 80 6 1e-14 1
A:
 8.000e+01  7.900e+01  7.800e+01  7.700e+01  7.600e+01  7.500e+01 
 7.900e+01  7.900e+01  7.800e+01  7.700e+01  7.600e+01  7.500e+01 
 7.800e+01  7.800e+01  7.800e+01  7.700e+01  7.600e+01  7.500e+01 
 7.700e+01  7.700e+01  7.700e+01  7.700e+01  7.600e+01  7.500e+01 
 7.600e+01  7.600e+01  7.600e+01  7.600e+01  7.600e+01  7.500e+01 
 7.500e+01  7.500e+01  7.500e+01  7.500e+01  7.500e+01  7.500e+01 


lambda:
 2.626e+03  2.919e+02  1.051e+02  5.368e+01  3.251e+01  2.179e+01 

./a.out : Residual1 = 4.210624e-16 Residual2 = 1.403541e-16 Iterations = 122     Iterations1 = 1 Elapsed1 = 0.00 Elapsed2 = 0.00
============================== a.out n=81 s=1 =========================
### Run  ./a.out 81 6 1e-14 1
A:
 8.100e+01  8.000e+01  7.900e+01  7.800e+01  7.700e+01  7.600e+01 
 8.000e+01  8.000e+01  7.900e+01  7.800e+01  7.700e+01  7.600e+01 
 7.900e+01  7.900e+01  7.900e+01  7.800e+01  7.700e+01  7.600e+01 
 7.800e+01  7.800e+01  7.800e+01  7.800e+01  7.700e+01  7.600e+01 
 7.700e+01  7.700e+01  7.700e+01  7.700e+01  7.700e+01  7.600e+01 
 7.600e+01  7.600e+01  7.600e+01  7.600e+01  7.600e+01  7.600e+01 


lambda:
 2.692e+03  2.992e+02  1.078e+02  5.502e+01  3.332e+01  2.233e+01 

./a.out : Residual1 = 1.095447e-15 Residual2 = 4.107925e-16 Iterations = 123     Iterations1 = 1 Elapsed1 = 0.00 Elapsed2 = 0.00
============================== a.out n=82 s=1 =========================
### Run  ./a.out 82 6 1e-14 1
A:
 8.200e+01  8.100e+01  8.000e+01  7.900e+01  7.800e+01  7.700e+01 
 8.100e+01  8.100e+01  8.000e+01  7.900e+01  7.800e+01  7.700e+01 
 8.000e+01  8.000e+01  8.000e+01  7.900e+01  7.800e+01  7.700e+01 
 7.900e+01  7.900e+01  7.900e+01  7.900e+01  7.800e+01  7.700e+01 
 7.800e+01  7.800e+01  7.800e+01  7.800e+01  7.800e+01  7.700e+01 
 7.700e+01  7.700e+01  7.700e+01  7.700e+01  7.700e+01  7.700e+01 


lambda:
 2.759e+03  3.066e+02  1.104e+02  5.638e+01  3.414e+01  2.288e+01 

./a.out : Residual1 = 4.008939e-16 Residual2 = 0.000000e+00 Iterations = 124     Iterations1 = 1 Elapsed1 = 0.00 Elapsed2 = 0.00
============================== a.out n=83 s=1 =========================
### Run  ./a.out 83 6 1e-14 1
A:
 8.300e+01  8.200e+01  8.100e+01  8.000e+01  7.900e+01  7.800e+01 
 8.200e+01  8.200e+01  8.100e+01  8.000e+01  7.900e+01  7.800e+01 
 8.100e+01  8.100e+01  8.100e+01  8.000e+01  7.900e+01  7.800e+01 
 8.000e+01  8.000e+01  8.000e+01  8.000e+01  7.900e+01  7.800e+01 
 7.900e+01  7.900e+01  7.900e+01  7.900e+01  7.900e+01  7.800e+01 
 7.800e+01  7.800e+01  7.800e+01  7.800e+01  7.800e+01  7.800e+01 


lambda:
 2.826e+03  3.141e+02  1.131e+02  5.775e+01  3.497e+01  2.344e+01 

./a.out : Residual1 = 2.608992e-16 Residual2 = 0.000000e+00 Iterations = 127     Iterations1 = 1 Elapsed1 = 0.00 Elapsed2 = 0.00
============================== a.out n=84 s=1 =========================
### Run  ./a.out 84 6 1e-14 1
A:
 8.400e+01  8.300e+01  8.200e+01  8.100e+01  8.000e+01  7.900e+01 
 8.300e+01  8.300e+01  8.200e+01  8.100e+01  8.000e+01  7.900e+01 
 8.200e+01  8.200e+01  8.200e+01  8.100e+01  8.000e+01  7.900e+01 
 8.100e+01  8.100e+01  8.100e+01  8.100e+01  8.000e+01  7.900e+01 
 8.000e+01  8.000e+01  8.000e+01  8.000e+01  8.000e+01  7.900e+01 
 7.900e+01  7.900e+01  7.900e+01  7.900e+01  7.900e+01  7.900e+01 


lambda:
 2.894e+03  3.216e+02  1.158e+02  5.914e+01  3.581e+01  2.400e+01 

./a.out : Residual1 = 2.547604e-16 Residual2 = 5.095208e-16 Iterations = 129     Iterations1 = 1 Elapsed1 = 0.00 Elapsed2 = 0.00
============================== a.out n=85 s=1 =========================
### Run  ./a.out 85 6 1e-14 1
A:
 8.500e+01  8.400e+01  8.300e+01  8.200e+01  8.100e+01  8.000e+01 
 8.400e+01  8.400e+01  8.300e+01  8.200e+01  8.100e+01  8.000e+01 
 8.300e+01  8.300e+01  8.300e+01  8.200e+01  8.100e+01  8.000e+01 
 8.200e+01  8.200e+01  8.200e+01  8.200e+01  8.100e+01  8.000e+01 
 8.100e+01  8.100e+01  8.100e+01  8.100e+01  8.100e+01  8.000e+01 
 8.000e+01  8.000e+01  8.000e+01  8.000e+01  8.000e+01  8.000e+01 


lambda:
 2.963e+03  3.293e+02  1.186e+02  6.055e+01  3.666e+01  2.457e+01 

./a.out : Residual1 = 2.488358e-16 Residual2 = 1.244179e-16 Iterations = 130     Iterations1 = 1 Elapsed1 = 0.00 Elapsed2 = 0.00
============================== a.out n=86 s=1 =========================
### Run  ./a.out 86 6 1e-14 1
A:
 8.600e+01  8.500e+01  8.400e+01  8.300e+01  8.200e+01  8.100e+01 
 8.500e+01  8.500e+01  8.400e+01  8.300e+01  8.200e+01  8.100e+01 
 8.400e+01  8.400e+01  8.400e+01  8.300e+01  8.200e+01  8.100e+01 
 8.300e+01  8.300e+01  8.300e+01  8.300e+01  8.200e+01  8.100e+01 
 8.200e+01  8.200e+01  8.200e+01  8.200e+01  8.200e+01  8.100e+01 
 8.100e+01  8.100e+01  8.100e+01  8.100e+01  8.100e+01  8.100e+01 


lambda:
 3.033e+03  3.370e+02  1.214e+02  6.197e+01  3.752e+01  2.515e+01 

./a.out : Residual1 = 1.094019e-15 Residual2 = 9.724616e-16 Iterations = 131     Iterations1 = 1 Elapsed1 = 0.00 Elapsed2 = 0.00
============================== a.out n=87 s=1 =========================
### Run  ./a.out 87 6 1e-14 1
A:
 8.700e+01  8.600e+01  8.500e+01  8.400e+01  8.300e+01  8.200e+01 
 8.600e+01  8.600e+01  8.500e+01  8.400e+01  8.300e+01  8.200e+01 
 8.500e+01  8.500e+01  8.500e+01  8.400e+01  8.300e+01  8.200e+01 
 8.400e+01  8.400e+01  8.400e+01  8.400e+01  8.300e+01  8.200e+01 
 8.300e+01  8.300e+01  8.300e+01  8.300e+01  8.300e+01  8.200e+01 
 8.200e+01  8.200e+01  8.200e+01  8.200e+01  8.200e+01  8.200e+01 


lambda:
 3.103e+03  3.449e+02  1.242e+02  6.341e+01  3.839e+01  2.573e+01 

./a.out : Residual1 = 5.939751e-16 Residual2 = 5.939751e-16 Iterations = 132     Iterations1 = 1 Elapsed1 = 0.00 Elapsed2 = 0.00
============================== a.out n=88 s=1 =========================
### Run  ./a.out 88 6 1e-14 1
A:
 8.800e+01  8.700e+01  8.600e+01  8.500e+01  8.400e+01  8.300e+01 
 8.700e+01  8.700e+01  8.600e+01  8.500e+01  8.400e+01  8.300e+01 
 8.600e+01  8.600e+01  8.600e+01  8.500e+01  8.400e+01  8.300e+01 
 8.500e+01  8.500e+01  8.500e+01  8.500e+01  8.400e+01  8.300e+01 
 8.400e+01  8.400e+01  8.400e+01  8.400e+01  8.400e+01  8.300e+01 
 8.300e+01  8.300e+01  8.300e+01  8.300e+01  8.300e+01  8.300e+01 


lambda:
 3.174e+03  3.528e+02  1.271e+02  6.486e+01  3.927e+01  2.632e+01 

./a.out : Residual1 = 4.645019e-16 Residual2 = 4.645019e-16 Iterations = 133     Iterations1 = 1 Elapsed1 = 0.00 Elapsed2 = 0.00
============================== a.out n=89 s=1 =========================
### Run  ./a.out 89 6 1e-14 1
A:
 8.900e+01  8.800e+01  8.700e+01  8.600e+01  8.500e+01  8.400e+01 
 8.800e+01  8.800e+01  8.700e+01  8.600e+01  8.500e+01  8.400e+01 
 8.700e+01  8.700e+01  8.700e+01  8.600e+01  8.500e+01  8.400e+01 
 8.600e+01  8.600e+01  8.600e+01  8.600e+01  8.500e+01  8.400e+01 
 8.500e+01  8.500e+01  8.500e+01  8.500e+01  8.500e+01  8.400e+01 
 8.400e+01  8.400e+01  8.400e+01  8.400e+01  8.400e+01  8.400e+01 


lambda:
 3.247e+03  3.608e+02  1.299e+02  6.634e+01  4.016e+01  2.691e+01 

./a.out : Residual1 = 2.270898e-16 Residual2 = 3.406347e-16 Iterations = 134     Iterations1 = 1 Elapsed1 = 0.00 Elapsed2 = 0.00
============================== a.out n=90 s=1 =========================
### Run  ./a.out 90 6 1e-14 1
A:
 9.000e+01  8.900e+01  8.800e+01  8.700e+01  8.600e+01  8.500e+01 
 8.900e+01  8.900e+01  8.800e+01  8.700e+01  8.600e+01  8.500e+01 
 8.800e+01  8.800e+01  8.800e+01  8.700e+01  8.600e+01  8.500e+01 
 8.700e+01  8.700e+01  8.700e+01  8.700e+01  8.600e+01  8.500e+01 
 8.600e+01  8.600e+01  8.600e+01  8.600e+01  8.600e+01  8.500e+01 
 8.500e+01  8.500e+01  8.500e+01  8.500e+01  8.500e+01  8.500e+01 


lambda:
 3.319e+03  3.689e+02  1.329e+02  6.783e+01  4.106e+01  2.752e+01 

./a.out : Residual1 = 1.110494e-16 Residual2 = 3.331482e-16 Iterations = 136     Iterations1 = 1 Elapsed1 = 0.00 Elapsed2 = 0.00
============================== a.out n=91 s=1 =========================
### Run  ./a.out 91 6 1e-14 1
A:
 9.100e+01  9.000e+01  8.900e+01  8.800e+01  8.700e+01  8.600e+01 
 9.000e+01  9.000e+01  8.900e+01  8.800e+01  8.700e+01  8.600e+01 
 8.900e+01  8.900e+01  8.900e+01  8.800e+01  8.700e+01  8.600e+01 
 8.800e+01  8.800e+01  8.800e+01  8.800e+01  8.700e+01  8.600e+01 
 8.700e+01  8.700e+01  8.700e+01  8.700e+01  8.700e+01  8.600e+01 
 8.600e+01  8.600e+01  8.600e+01  8.600e+01  8.600e+01  8.600e+01 


lambda:
 3.393e+03  3.771e+02  1.358e+02  6.933e+01  4.197e+01  2.813e+01 

./a.out : Residual1 = 4.345412e-16 Residual2 = 7.604471e-16 Iterations = 138     Iterations1 = 1 Elapsed1 = 0.00 Elapsed2 = 0.00
============================== a.out n=92 s=1 =========================
### Run  ./a.out 92 6 1e-14 1
A:
 9.200e+01  9.100e+01  9.000e+01  8.900e+01  8.800e+01  8.700e+01 
 9.100e+01  9.100e+01  9.000e+01  8.900e+01  8.800e+01  8.700e+01 
 9.000e+01  9.000e+01  9.000e+01  8.900e+01  8.800e+01  8.700e+01 
 8.900e+01  8.900e+01  8.900e+01  8.900e+01  8.800e+01  8.700e+01 
 8.800e+01  8.800e+01  8.800e+01  8.800e+01  8.800e+01  8.700e+01 
 8.700e+01  8.700e+01  8.700e+01  8.700e+01  8.700e+01  8.700e+01 


lambda:
 3.468e+03  3.854e+02  1.388e+02  7.085e+01  4.289e+01  2.874e+01 

./a.out : Residual1 = 8.503924e-16 Residual2 = 6.377943e-16 Iterations = 139     Iterations1 = 1 Elapsed1 = 0.00 Elapsed2 = 0.00
============================== a.out n=93 s=1 =========================
### Run  ./a.out 93 6 1e-14 1
A:
 9.300e+01  9.200e+01  9.100e+01  9.000e+01  8.900e+01  8.800e+01 
 9.200e+01  9.200e+01  9.100e+01  9.000e+01  8.900e+01  8.800e+01 
 9.100e+01  9.100e+01  9.100e+01  9.000e+01  8.900e+01  8.800e+01 
 9.000e+01  9.000e+01  9.000e+01  9.000e+01  8.900e+01  8.800e+01 
 8.900e+01  8.900e+01  8.900e+01  8.900e+01  8.900e+01  8.800e+01 
 8.800e+01  8.800e+01  8.800e+01  8.800e+01  8.800e+01  8.800e+01 


lambda:
 3.543e+03  3.938e+02  1.418e+02  7.239e+01  4.383e+01  2.937e+01 

./a.out : Residual1 = 1.248448e-15 Residual2 = 1.144411e-15 Iterations = 140     Iterations1 = 1 Elapsed1 = 0.00 Elapsed2 = 0.00
============================== a.out n=94 s=1 =========================
### Run  ./a.out 94 6 1e-14 1
A:
 9.400e+01  9.300e+01  9.200e+01  9.100e+01  9.000e+01  8.900e+01 
 9.300e+01  9.300e+01  9.200e+01  9.100e+01  9.000e+01  8.900e+01 
 9.200e+01  9.200e+01  9.200e+01  9.100e+01  9.000e+01  8.900e+01 
 9.100e+01  9.100e+01  9.100e+01  9.100e+01  9.000e+01  8.900e+01 
 9.000e+01  9.000e+01  9.000e+01  9.000e+01  9.000e+01  8.900e+01 
 8.900e+01  8.900e+01  8.900e+01  8.900e+01  8.900e+01  8.900e+01 


lambda:
 3.619e+03  4.022e+02  1.449e+02  7.395e+01  4.477e+01  2.999e+01 

./a.out : Residual1 = 1.833248e-15 Residual2 = 1.222165e-15 Iterations = 141     Iterations1 = 1 Elapsed1 = 0.00 Elapsed2 = 0.00
============================== a.out n=95 s=1 =========================
### Run  ./a.out 95 6 1e-14 1
A:
 9.500e+01  9.400e+01  9.300e+01  9.200e+01  9.100e+01  9.000e+01 
 9.400e+01  9.400e+01  9.300e+01  9.200e+01  9.100e+01  9.000e+01 
 9.300e+01  9.300e+01  9.300e+01  9.200e+01  9.100e+01  9.000e+01 
 9.200e+01  9.200e+01  9.200e+01  9.200e+01  9.100e+01  9.000e+01 
 9.100e+01  9.100e+01  9.100e+01  9.100e+01  9.100e+01  9.000e+01 
 9.000e+01  9.000e+01  9.000e+01  9.000e+01  9.000e+01  9.000e+01 


lambda:
 3.696e+03  4.108e+02  1.479e+02  7.552e+01  4.572e+01  3.063e+01 

./a.out : Residual1 = 5.983518e-16 Residual2 = 1.096978e-15 Iterations = 144     Iterations1 = 1 Elapsed1 = 0.00 Elapsed2 = 0.00
============================== a.out n=96 s=1 =========================
### Run  ./a.out 96 6 1e-14 1
A:
 9.600e+01  9.500e+01  9.400e+01  9.300e+01  9.200e+01  9.100e+01 
 9.500e+01  9.500e+01  9.400e+01  9.300e+01  9.200e+01  9.100e+01 
 9.400e+01  9.400e+01  9.400e+01  9.300e+01  9.200e+01  9.100e+01 
 9.300e+01  9.300e+01  9.300e+01  9.300e+01  9.200e+01  9.100e+01 
 9.200e+01  9.200e+01  9.200e+01  9.200e+01  9.200e+01  9.100e+01 
 9.100e+01  9.100e+01  9.100e+01  9.100e+01  9.100e+01  9.100e+01 


lambda:
 3.774e+03  4.194e+02  1.510e+02  7.711e+01  4.668e+01  3.127e+01 

./a.out : Residual1 = 1.953382e-16 Residual2 = 1.953382e-16 Iterations = 144     Iterations1 = 1 Elapsed1 = 0.00 Elapsed2 = 0.00
============================== a.out n=97 s=1 =========================
### Run  ./a.out 97 6 1e-14 1
A:
 9.700e+01  9.600e+01  9.500e+01  9.400e+01  9.300e+01  9.200e+01 
 9.600e+01  9.600e+01  9.500e+01  9.400e+01  9.300e+01  9.200e+01 
 9.500e+01  9.500e+01  9.500e+01  9.400e+01  9.300e+01  9.200e+01 
 9.400e+01  9.400e+01  9.400e+01  9.400e+01  9.300e+01  9.200e+01 
 9.300e+01  9.300e+01  9.300e+01  9.300e+01  9.300e+01  9.200e+01 
 9.200e+01  9.200e+01  9.200e+01  9.200e+01  9.200e+01  9.200e+01 


lambda:
 3.853e+03  4.282e+02  1.542e+02  7.871e+01  4.765e+01  3.192e+01 

./a.out : Residual1 = 9.567586e-16 Residual2 = 0.000000e+00 Iterations = 146     Iterations1 = 1 Elapsed1 = 0.00 Elapsed2 = 0.00
============================== a.out n=98 s=1 =========================
### Run  ./a.out 98 6 1e-14 1
A:
 9.800e+01  9.700e+01  9.600e+01  9.500e+01  9.400e+01  9.300e+01 
 9.700e+01  9.700e+01  9.600e+01  9.500e+01  9.400e+01  9.300e+01 
 9.600e+01  9.600e+01  9.600e+01  9.500e+01  9.400e+01  9.300e+01 
 9.500e+01  9.500e+01  9.500e+01  9.500e+01  9.400e+01  9.300e+01 
 9.400e+01  9.400e+01  9.400e+01  9.400e+01  9.400e+01  9.300e+01 
 9.300e+01  9.300e+01  9.300e+01  9.300e+01  9.300e+01  9.300e+01 


lambda:
 3.932e+03  4.370e+02  1.574e+02  8.033e+01  4.863e+01  3.258e+01 

./a.out : Residual1 = 3.749720e-16 Residual2 = 1.874860e-16 Iterations = 147     Iterations1 = 1 Elapsed1 = 0.00 Elapsed2 = 0.00
============================== a.out n=99 s=1 =========================
### Run  ./a.out 99 6 1e-14 1
A:
 9.900e+01  9.800e+01  9.700e+01  9.600e+01  9.500e+01  9.400e+01 
 9.800e+01  9.800e+01  9.700e+01  9.600e+01  9.500e+01  9.400e+01 
 9.700e+01  9.700e+01  9.700e+01  9.600e+01  9.500e+01  9.400e+01 
 9.600e+01  9.600e+01  9.600e+01  9.600e+01  9.500e+01  9.400e+01 
 9.500e+01  9.500e+01  9.500e+01  9.500e+01  9.500e+01  9.400e+01 
 9.400e+01  9.400e+01  9.400e+01  9.400e+01  9.400e+01  9.400e+01 


lambda:
 4.013e+03  4.459e+02  1.606e+02  8.197e+01  4.962e+01  3.324e+01 

./a.out : Residual1 = 3.674726e-16 Residual2 = 0.000000e+00 Iterations = 149     Iterations1 = 1 Elapsed1 = 0.00 Elapsed2 = 0.00
============================== a.out n=100 s=1 =========================
### Run  ./a.out 100 6 1e-14 1
A:
 1.000e+02  9.900e+01  9.800e+01  9.700e+01  9.600e+01  9.500e+01 
 9.900e+01  9.900e+01  9.800e+01  9.700e+01  9.600e+01  9.500e+01 
 9.800e+01  9.800e+01  9.800e+01  9.700e+01  9.600e+01  9.500e+01 
 9.700e+01  9.700e+01  9.700e+01  9.700e+01  9.600e+01  9.500e+01 
 9.600e+01  9.600e+01  9.600e+01  9.600e+01  9.600e+01  9.500e+01 
 9.500e+01  9.500e+01  9.500e+01  9.500e+01  9.500e+01  9.500e+01 


lambda:
 4.094e+03  4.549e+02  1.638e+02  8.362e+01  5.062e+01  3.391e+01 

./a.out : Residual1 = 1.800980e-16 Residual2 = 5.402939e-16 Iterations = 150     Iterations1 = 1 Elapsed1 = 0.00 Elapsed2 = 0.00
============================== a.out n=1 s=2 =========================
### Run  ./a.out 1 6 1e-14 2
A:
 2.000e+00 


lambda:
 2.000e+00 

./a.out : Residual1 = 0.000000e+00 Residual2 = 0.000000e+00 Iterations = 0     Iterations1 = 0 Elapsed1 = 0.00 Elapsed2 = 0.00
============================== a.out n=2 s=2 =========================
### Run  ./a.out 2 6 1e-14 2
A:
 2.000e+00 -1.000e+00 
-1.000e+00  2.000e+00 


lambda:
 3.000e+00  1.000e+00 

./a.out : Residual1 = 0.000000e+00 Residual2 = 0.000000e+00 Iterations = 0     Iterations1 = 0 Elapsed1 = 0.00 Elapsed2 = 0.00
============================== a.out n=3 s=2 =========================
### Run  ./a.out 3 6 1e-14 2
A:
 2.000e+00 -1.000e+00  0.000e+00 
-1.000e+00  2.000e+00 -1.000e+00 
 0.000e+00 -1.000e+00  2.000e+00 


lambda:
 3.414e+00  5.858e-01  2.000e+00 

./a.out : Residual1 = 2.220446e-16 Residual2 = 1.110223e-16 Iterations = 6     Iterations1 = 2 Elapsed1 = 0.00 Elapsed2 = 0.00
============================== a.out n=4 s=2 =========================
### Run  ./a.out 4 6 1e-14 2
A:
 2.000e+00 -1.000e+00  0.000e+00  0.000e+00 
-1.000e+00  2.000e+00 -1.000e+00  0.000e+00 
 0.000e+00 -1.000e+00  2.000e+00 -1.000e+00 
 0.000e+00  0.000e+00 -1.000e+00  2.000e+00 


lambda:
 1.382e+00  3.820e-01  3.618e+00  2.618e+00 

./a.out : Residual1 = 4.440892e-16 Residual2 = 0.000000e+00 Iterations = 10     Iterations1 = 2 Elapsed1 = 0.00 Elapsed2 = 0.00
============================== a.out n=5 s=2 =========================
### Run  ./a.out 5 6 1e-14 2
A:
 2.000e+00 -1.000e+00  0.000e+00  0.000e+00  0.000e+00 
-1.000e+00  2.000e+00 -1.000e+00  0.000e+00  0.000e+00 
 0.000e+00 -1.000e+00  2.000e+00 -1.000e+00  0.000e+00 
 0.000e+00  0.000e+00 -1.000e+00  2.000e+00 -1.000e+00 
 0.000e+00  0.000e+00  0.000e+00 -1.000e+00  2.000e+00 


lambda:
 1.000e+00  2.679e-01  3.732e+00  2.000e+00  3.000e+00 

./a.out : Residual1 = 4.440892e-16 Residual2 = 0.000000e+00 Iterations = 15     Iterations1 = 3 Elapsed1 = 0.00 Elapsed2 = 0.00
============================== a.out n=6 s=2 =========================
### Run  ./a.out 6 6 1e-14 2
A:
 2.000e+00 -1.000e+00  0.000e+00  0.000e+00  0.000e+00  0.000e+00 
-1.000e+00  2.000e+00 -1.000e+00  0.000e+00  0.000e+00  0.000e+00 
 0.000e+00 -1.000e+00  2.000e+00 -1.000e+00  0.000e+00  0.000e+00 
 0.000e+00  0.000e+00 -1.000e+00  2.000e+00 -1.000e+00  0.000e+00 
 0.000e+00  0.000e+00  0.000e+00 -1.000e+00  2.000e+00 -1.000e+00 
 0.000e+00  0.000e+00  0.000e+00  0.000e+00 -1.000e+00  2.000e+00 


lambda:
 7.530e-01  1.981e-01  1.555e+00  3.802e+00  3.247e+00  2.445e+00 

./a.out : Residual1 = 4.440892e-16 Residual2 = 4.440892e-16 Iterations = 17     Iterations1 = 2 Elapsed1 = 0.00 Elapsed2 = 0.00
============================== a.out n=7 s=2 =========================
### Run  ./a.out 7 6 1e-14 2
A:
 2.000e+00 -1.000e+00  0.000e+00  0.000e+00  0.000e+00  0.000e+00 
-1.000e+00  2.000e+00 -1.000e+00  0.000e+00  0.000e+00  0.000e+00 
 0.000e+00 -1.000e+00  2.000e+00 -1.000e+00  0.000e+00  0.000e+00 
 0.000e+00  0.000e+00 -1.000e+00  2.000e+00 -1.000e+00  0.000e+00 
 0.000e+00  0.000e+00  0.000e+00 -1.000e+00  2.000e+00 -1.000e+00 
 0.000e+00  0.000e+00  0.000e+00  0.000e+00 -1.000e+00  2.000e+00 


lambda:
 5.858e-01  1.522e-01  1.235e+00  2.000e+00  3.848e+00  3.414e+00 

./a.out : Residual1 = 4.440892e-16 Residual2 = 0.000000e+00 Iterations = 22     Iterations1 = 3 Elapsed1 = 0.00 Elapsed2 = 0.00
============================== a.out n=8 s=2 =========================
### Run  ./a.out 8 6 1e-14 2
A:
 2.000e+00 -1.000e+00  0.000e+00  0.000e+00  0.000e+00  0.000e+00 
-1.000e+00  2.000e+00 -1.000e+00  0.000e+00  0.000e+00  0.000e+00 
 0.000e+00 -1.000e+00  2.000e+00 -1.000e+00  0.000e+00  0.000e+00 
 0.000e+00  0.000e+00 -1.000e+00  2.000e+00 -1.000e+00  0.000e+00 
 0.000e+00  0.000e+00  0.000e+00 -1.000e+00  2.000e+00 -1.000e+00 
 0.000e+00  0.000e+00  0.000e+00  0.000e+00 -1.000e+00  2.000e+00 


lambda:
 4.679e-01  1.206e-01  1.000e+00  1.653e+00  3.879e+00  3.532e+00 

./a.out : Residual1 = 8.881784e-16 Residual2 = 2.220446e-16 Iterations = 24     Iterations1 = 3 Elapsed1 = 0.00 Elapsed2 = 0.00
============================== a.out n=9 s=2 =========================
### Run  ./a.out 9 6 1e-14 2
A:
 2.000e+00 -1.000e+00  0.000e+00  0.000e+00  0.000e+00  0.000e+00 
-1.000e+00  2.000e+00 -1.000e+00  0.000e+00  0.000e+00  0.000e+00 
 0.000e+00 -1.000e+00  2.000e+00 -1.000e+00  0.000e+00  0.000e+00 
 0.000e+00  0.000e+00 -1.000e+00  2.000e+00 -1.000e+00  0.000e+00 
 0.000e+00  0.000e+00  0.000e+00 -1.000e+00  2.000e+00 -1.000e+00 
 0.000e+00  0.000e+00  0.000e+00  0.000e+00 -1.000e+00  2.000e+00 


lambda:
 3.820e-01  9.789e-02  8.244e-01  1.382e+00  2.000e+00  3.902e+00 

./a.out : Residual1 = 1.776357e-15 Residual2 = 2.220446e-16 Iterations = 27     Iterations1 = 3 Elapsed1 = 0.00 Elapsed2 = 0.00
============================== a.out n=10 s=2 =========================
### Run  ./a.out 10 6 1e-14 2
A:
 2.000e+00 -1.000e+00  0.000e+00  0.000e+00  0.000e+00  0.000e+00 
-1.000e+00  2.000e+00 -1.000e+00  0.000e+00  0.000e+00  0.000e+00 
 0.000e+00 -1.000e+00  2.000e+00 -1.000e+00  0.000e+00  0.000e+00 
 0.000e+00  0.000e+00 -1.000e+00  2.000e+00 -1.000e+00  0.000e+00 
 0.000e+00  0.000e+00  0.000e+00 -1.000e+00  2.000e+00 -1.000e+00 
 0.000e+00  0.000e+00  0.000e+00  0.000e+00 -1.000e+00  2.000e+00 


lambda:
 3.175e-01  8.101e-02  6.903e-01  1.169e+00  1.715e+00  3.919e+00 

./a.out : Residual1 = 8.881784e-16 Residual2 = 2.220446e-16 Iterations = 31     Iterations1 = 3 Elapsed1 = 0.00 Elapsed2 = 0.00
============================== a.out n=11 s=2 =========================
### Run  ./a.out 11 6 1e-14 2
A:
 2.000e+00 -1.000e+00  0.000e+00  0.000e+00  0.000e+00  0.000e+00 
-1.000e+00  2.000e+00 -1.000e+00  0.000e+00  0.000e+00  0.000e+00 
 0.000e+00 -1.000e+00  2.000e+00 -1.000e+00  0.000e+00  0.000e+00 
 0.000e+00  0.000e+00 -1.000e+00  2.000e+00 -1.000e+00  0.000e+00 
 0.000e+00  0.000e+00  0.000e+00 -1.000e+00  2.000e+00 -1.000e+00 
 0.000e+00  0.000e+00  0.000e+00  0.000e+00 -1.000e+00  2.000e+00 


lambda:
 2.679e-01  6.815e-02  5.858e-01  1.000e+00  1.482e+00  2.000e+00 

./a.out : Residual1 = 1.776357e-15 Residual2 = 2.220446e-16 Iterations = 34     Iterations1 = 3 Elapsed1 = 0.00 Elapsed2 = 0.00
============================== a.out n=12 s=2 =========================
### Run  ./a.out 12 6 1e-14 2
A:
 2.000e+00 -1.000e+00  0.000e+00  0.000e+00  0.000e+00  0.000e+00 
-1.000e+00  2.000e+00 -1.000e+00  0.000e+00  0.000e+00  0.000e+00 
 0.000e+00 -1.000e+00  2.000e+00 -1.000e+00  0.000e+00  0.000e+00 
 0.000e+00  0.000e+00 -1.000e+00  2.000e+00 -1.000e+00  0.000e+00 
 0.000e+00  0.000e+00  0.000e+00 -1.000e+00  2.000e+00 -1.000e+00 
 0.000e+00  0.000e+00  0.000e+00  0.000e+00 -1.000e+00  2.000e+00 


lambda:
 2.291e-01  5.812e-02  5.030e-01  8.639e-01  1.291e+00  1.759e+00 

./a.out : Residual1 = 2.664535e-15 Residual2 = 4.440892e-16 Iterations = 38     Iterations1 = 3 Elapsed1 = 0.00 Elapsed2 = 0.00
============================== a.out n=13 s=2 =========================
### Run  ./a.out 13 6 1e-14 2
A:
 2.000e+00 -1.000e+00  0.000e+00  0.000e+00  0.000e+00  0.000e+00 
-1.000e+00  2.000e+00 -1.000e+00  0.000e+00  0.000e+00  0.000e+00 
 0.000e+00 -1.000e+00  2.000e+00 -1.000e+00  0.000e+00  0.000e+00 
 0.000e+00  0.000e+00 -1.000e+00  2.000e+00 -1.000e+00  0.000e+00 
 0.000e+00  0.000e+00  0.000e+00 -1.000e+00  2.000e+00 -1.000e+00 
 0.000e+00  0.000e+00  0.000e+00  0.000e+00 -1.000e+00  2.000e+00 


lambda:
 1.981e-01  5.014e-02  4.363e-01  7.530e-01  1.132e+00  1.555e+00 

./a.out : Residual1 = 1.776357e-15 Residual2 = 4.440892e-16 Iterations = 39     Iterations1 = 3 Elapsed1 = 0.00 Elapsed2 = 0.00
============================== a.out n=14 s=2 =========================
### Run  ./a.out 14 6 1e-14 2
A:
 2.000e+00 -1.000e+00  0.000e+00  0.000e+00  0.000e+00  0.000e+00 
-1.000e+00  2.000e+00 -1.000e+00  0.000e+00  0.000e+00  0.000e+00 
 0.000e+00 -1.000e+00  2.000e+00 -1.000e+00  0.000e+00  0.000e+00 
 0.000e+00  0.000e+00 -1.000e+00  2.000e+00 -1.000e+00  0.000e+00 
 0.000e+00  0.000e+00  0.000e+00 -1.000e+00  2.000e+00 -1.000e+00 
 0.000e+00  0.000e+00  0.000e+00  0.000e+00 -1.000e+00  2.000e+00 


lambda:
 1.729e-01  4.370e-02  3.820e-01  6.617e-01  1.000e+00  1.382e+00 

./a.out : Residual1 = 1.776357e-15 Residual2 = 8.881784e-16 Iterations = 46     Iterations1 = 3 Elapsed1 = 0.00 Elapsed2 = 0.00
============================== a.out n=15 s=2 =========================
### Run  ./a.out 15 6 1e-14 2
A:
 2.000e+00 -1.000e+00  0.000e+00  0.000e+00  0.000e+00  0.000e+00 
-1.000e+00  2.000e+00 -1.000e+00  0.000e+00  0.000e+00  0.000e+00 
 0.000e+00 -1.000e+00  2.000e+00 -1.000e+00  0.000e+00  0.000e+00 
 0.000e+00  0.000e+00 -1.000e+00  2.000e+00 -1.000e+00  0.000e+00 
 0.000e+00  0.000e+00  0.000e+00 -1.000e+00  2.000e+00 -1.000e+00 
 0.000e+00  0.000e+00  0.000e+00  0.000e+00 -1.000e+00  2.000e+00 


lambda:
 1.522e-01  3.843e-02  3.371e-01  5.858e-01  8.889e-01  1.235e+00 

./a.out : Residual1 = 0.000000e+00 Residual2 = 0.000000e+00 Iterations = 48     Iterations1 = 3 Elapsed1 = 0.00 Elapsed2 = 0.00
============================== a.out n=16 s=2 =========================
### Run  ./a.out 16 6 1e-14 2
A:
 2.000e+00 -1.000e+00  0.000e+00  0.000e+00  0.000e+00  0.000e+00 
-1.000e+00  2.000e+00 -1.000e+00  0.000e+00  0.000e+00  0.000e+00 
 0.000e+00 -1.000e+00  2.000e+00 -1.000e+00  0.000e+00  0.000e+00 
 0.000e+00  0.000e+00 -1.000e+00  2.000e+00 -1.000e+00  0.000e+00 
 0.000e+00  0.000e+00  0.000e+00 -1.000e+00  2.000e+00 -1.000e+00 
 0.000e+00  0.000e+00  0.000e+00  0.000e+00 -1.000e+00  2.000e+00 


lambda:
 1.351e-01  3.405e-02  2.996e-01  5.220e-01  7.947e-01  1.109e+00 

./a.out : Residual1 = 1.776357e-15 Residual2 = 0.000000e+00 Iterations = 49     Iterations1 = 3 Elapsed1 = 0.00 Elapsed2 = 0.00
============================== a.out n=17 s=2 =========================
### Run  ./a.out 17 6 1e-14 2
A:
 2.000e+00 -1.000e+00  0.000e+00  0.000e+00  0.000e+00  0.000e+00 
-1.000e+00  2.000e+00 -1.000e+00  0.000e+00  0.000e+00  0.000e+00 
 0.000e+00 -1.000e+00  2.000e+00 -1.000e+00  0.000e+00  0.000e+00 
 0.000e+00  0.000e+00 -1.000e+00  2.000e+00 -1.000e+00  0.000e+00 
 0.000e+00  0.000e+00  0.000e+00 -1.000e+00  2.000e+00 -1.000e+00 
 0.000e+00  0.000e+00  0.000e+00  0.000e+00 -1.000e+00  2.000e+00 


lambda:
 1.206e-01  3.038e-02  2.679e-01  4.679e-01  7.144e-01  1.000e+00 

./a.out : Residual1 = 1.776357e-15 Residual2 = 0.000000e+00 Iterations = 53     Iterations1 = 3 Elapsed1 = 0.00 Elapsed2 = 0.00
============================== a.out n=18 s=2 =========================
### Run  ./a.out 18 6 1e-14 2
A:
 2.000e+00 -1.000e+00  0.000e+00  0.000e+00  0.000e+00  0.000e+00 
-1.000e+00  2.000e+00 -1.000e+00  0.000e+00  0.000e+00  0.000e+00 
 0.000e+00 -1.000e+00  2.000e+00 -1.000e+00  0.000e+00  0.000e+00 
 0.000e+00  0.000e+00 -1.000e+00  2.000e+00 -1.000e+00  0.000e+00 
 0.000e+00  0.000e+00  0.000e+00 -1.000e+00  2.000e+00 -1.000e+00 
 0.000e+00  0.000e+00  0.000e+00  0.000e+00 -1.000e+00  2.000e+00 


lambda:
 1.084e-01  2.728e-02  2.411e-01  4.217e-01  6.454e-01  9.061e-01 

./a.out : Residual1 = 3.552714e-15 Residual2 = 4.440892e-16 Iterations = 55     Iterations1 = 3 Elapsed1 = 0.00 Elapsed2 = 0.00
============================== a.out n=19 s=2 =========================
### Run  ./a.out 19 6 1e-14 2
A:
 2.000e+00 -1.000e+00  0.000e+00  0.000e+00  0.000e+00  0.000e+00 
-1.000e+00  2.000e+00 -1.000e+00  0.000e+00  0.000e+00  0.000e+00 
 0.000e+00 -1.000e+00  2.000e+00 -1.000e+00  0.000e+00  0.000e+00 
 0.000e+00  0.000e+00 -1.000e+00  2.000e+00 -1.000e+00  0.000e+00 
 0.000e+00  0.000e+00  0.000e+00 -1.000e+00  2.000e+00 -1.000e+00 
 0.000e+00  0.000e+00  0.000e+00  0.000e+00 -1.000e+00  2.000e+00 


lambda:
 9.789e-02  2.462e-02  2.180e-01  3.820e-01  5.858e-01  8.244e-01 

./a.out : Residual1 = 0.000000e+00 Residual2 = 0.000000e+00 Iterations = 60     Iterations1 = 3 Elapsed1 = 0.00 Elapsed2 = 0.00
============================== a.out n=20 s=2 =========================
### Run  ./a.out 20 6 1e-14 2
A:
 2.000e+00 -1.000e+00  0.000e+00  0.000e+00  0.000e+00  0.000e+00 
-1.000e+00  2.000e+00 -1.000e+00  0.000e+00  0.000e+00  0.000e+00 
 0.000e+00 -1.000e+00  2.000e+00 -1.000e+00  0.000e+00  0.000e+00 
 0.000e+00  0.000e+00 -1.000e+00  2.000e+00 -1.000e+00  0.000e+00 
 0.000e+00  0.000e+00  0.000e+00 -1.000e+00  2.000e+00 -1.000e+00 
 0.000e+00  0.000e+00  0.000e+00  0.000e+00 -1.000e+00  2.000e+00 


lambda:
 8.885e-02  2.234e-02  1.981e-01  3.475e-01  5.339e-01  7.530e-01 

./a.out : Residual1 = 1.776357e-15 Residual2 = 0.000000e+00 Iterations = 62     Iterations1 = 3 Elapsed1 = 0.00 Elapsed2 = 0.00
============================== a.out n=21 s=2 =========================
### Run  ./a.out 21 6 1e-14 2
A:
 2.000e+00 -1.000e+00  0.000e+00  0.000e+00  0.000e+00  0.000e+00 
-1.000e+00  2.000e+00 -1.000e+00  0.000e+00  0.000e+00  0.000e+00 
 0.000e+00 -1.000e+00  2.000e+00 -1.000e+00  0.000e+00  0.000e+00 
 0.000e+00  0.000e+00 -1.000e+00  2.000e+00 -1.000e+00  0.000e+00 
 0.000e+00  0.000e+00  0.000e+00 -1.000e+00  2.000e+00 -1.000e+00 
 0.000e+00  0.000e+00  0.000e+00  0.000e+00 -1.000e+00  2.000e+00 


lambda:
 8.101e-02  2.036e-02  1.807e-01  3.175e-01  4.885e-01  6.903e-01 

./a.out : Residual1 = 3.552714e-15 Residual2 = 4.440892e-16 Iterations = 68     Iterations1 = 3 Elapsed1 = 0.00 Elapsed2 = 0.00
============================== a.out n=22 s=2 =========================
### Run  ./a.out 22 6 1e-14 2
A:
 2.000e+00 -1.000e+00  0.000e+00  0.000e+00  0.000e+00  0.000e+00 
-1.000e+00  2.000e+00 -1.000e+00  0.000e+00  0.000e+00  0.000e+00 
 0.000e+00 -1.000e+00  2.000e+00 -1.000e+00  0.000e+00  0.000e+00 
 0.000e+00  0.000e+00 -1.000e+00  2.000e+00 -1.000e+00  0.000e+00 
 0.000e+00  0.000e+00  0.000e+00 -1.000e+00  2.000e+00 -1.000e+00 
 0.000e+00  0.000e+00  0.000e+00  0.000e+00 -1.000e+00  2.000e+00 


lambda:
 7.417e-02  1.863e-02  1.656e-01  2.912e-01  4.486e-01  6.349e-01 

./a.out : Residual1 = 7.105427e-15 Residual2 = 0.000000e+00 Iterations = 68     Iterations1 = 3 Elapsed1 = 0.00 Elapsed2 = 0.00
============================== a.out n=23 s=2 =========================
### Run  ./a.out 23 6 1e-14 2
A:
 2.000e+00 -1.000e+00  0.000e+00  0.000e+00  0.000e+00  0.000e+00 
-1.000e+00  2.000e+00 -1.000e+00  0.000e+00  0.000e+00  0.000e+00 
 0.000e+00 -1.000e+00  2.000e+00 -1.000e+00  0.000e+00  0.000e+00 
 0.000e+00  0.000e+00 -1.000e+00  2.000e+00 -1.000e+00  0.000e+00 
 0.000e+00  0.000e+00  0.000e+00 -1.000e+00  2.000e+00 -1.000e+00 
 0.000e+00  0.000e+00  0.000e+00  0.000e+00 -1.000e+00  2.000e+00 


lambda:
 6.815e-02  1.711e-02  1.522e-01  2.679e-01  4.133e-01  5.858e-01 

./a.out : Residual1 = 1.776357e-15 Residual2 = 0.000000e+00 Iterations = 71     Iterations1 = 3 Elapsed1 = 0.00 Elapsed2 = 0.00
============================== a.out n=24 s=2 =========================
### Run  ./a.out 24 6 1e-14 2
A:
 2.000e+00 -1.000e+00  0.000e+00  0.000e+00  0.000e+00  0.000e+00 
-1.000e+00  2.000e+00 -1.000e+00  0.000e+00  0.000e+00  0.000e+00 
 0.000e+00 -1.000e+00  2.000e+00 -1.000e+00  0.000e+00  0.000e+00 
 0.000e+00  0.000e+00 -1.000e+00  2.000e+00 -1.000e+00  0.000e+00 
 0.000e+00  0.000e+00  0.000e+00 -1.000e+00  2.000e+00 -1.000e+00 
 0.000e+00  0.000e+00  0.000e+00  0.000e+00 -1.000e+00  2.000e+00 


lambda:
 6.283e-02  1.577e-02  1.404e-01  2.474e-01  3.820e-01  5.421e-01 

./a.out : Residual1 = 7.105427e-15 Residual2 = 0.000000e+00 Iterations = 73     Iterations1 = 3 Elapsed1 = 0.00 Elapsed2 = 0.00
============================== a.out n=25 s=2 =========================
### Run  ./a.out 25 6 1e-14 2
A:
 2.000e+00 -1.000e+00  0.000e+00  0.000e+00  0.000e+00  0.000e+00 
-1.000e+00  2.000e+00 -1.000e+00  0.000e+00  0.000e+00  0.000e+00 
 0.000e+00 -1.000e+00  2.000e+00 -1.000e+00  0.000e+00  0.000e+00 
 0.000e+00  0.000e+00 -1.000e+00  2.000e+00 -1.000e+00  0.000e+00 
 0.000e+00  0.000e+00  0.000e+00 -1.000e+00  2.000e+00 -1.000e+00 
 0.000e+00  0.000e+00  0.000e+00  0.000e+00 -1.000e+00  2.000e+00 


lambda:
 5.812e-02  1.458e-02  1.300e-01  2.291e-01  3.540e-01  5.030e-01 

./a.out : Residual1 = 1.776357e-15 Residual2 = 4.440892e-16 Iterations = 76     Iterations1 = 3 Elapsed1 = 0.00 Elapsed2 = 0.00
============================== a.out n=26 s=2 =========================
### Run  ./a.out 26 6 1e-14 2
A:
 2.000e+00 -1.000e+00  0.000e+00  0.000e+00  0.000e+00  0.000e+00 
-1.000e+00  2.000e+00 -1.000e+00  0.000e+00  0.000e+00  0.000e+00 
 0.000e+00 -1.000e+00  2.000e+00 -1.000e+00  0.000e+00  0.000e+00 
 0.000e+00  0.000e+00 -1.000e+00  2.000e+00 -1.000e+00  0.000e+00 
 0.000e+00  0.000e+00  0.000e+00 -1.000e+00  2.000e+00 -1.000e+00 
 0.000e+00  0.000e+00  0.000e+00  0.000e+00 -1.000e+00  2.000e+00 


lambda:
 5.391e-02  1.352e-02  1.206e-01  2.127e-01  3.290e-01  4.679e-01 

./a.out : Residual1 = 5.329071e-15 Residual2 = 4.440892e-16 Iterations = 86     Iterations1 = 3 Elapsed1 = 0.00 Elapsed2 = 0.00
============================== a.out n=27 s=2 =========================
### Run  ./a.out 27 6 1e-14 2
A:
 2.000e+00 -1.000e+00  0.000e+00  0.000e+00  0.000e+00  0.000e+00 
-1.000e+00  2.000e+00 -1.000e+00  0.000e+00  0.000e+00  0.000e+00 
 0.000e+00 -1.000e+00  2.000e+00 -1.000e+00  0.000e+00  0.000e+00 
 0.000e+00  0.000e+00 -1.000e+00  2.000e+00 -1.000e+00  0.000e+00 
 0.000e+00  0.000e+00  0.000e+00 -1.000e+00  2.000e+00 -1.000e+00 
 0.000e+00  0.000e+00  0.000e+00  0.000e+00 -1.000e+00  2.000e+00 


lambda:
 5.014e-02  1.258e-02  1.122e-01  1.981e-01  3.066e-01  4.363e-01 

./a.out : Residual1 = 1.776357e-15 Residual2 = 8.881784e-16 Iterations = 86     Iterations1 = 3 Elapsed1 = 0.00 Elapsed2 = 0.00
============================== a.out n=28 s=2 =========================
### Run  ./a.out 28 6 1e-14 2
A:
 2.000e+00 -1.000e+00  0.000e+00  0.000e+00  0.000e+00  0.000e+00 
-1.000e+00  2.000e+00 -1.000e+00  0.000e+00  0.000e+00  0.000e+00 
 0.000e+00 -1.000e+00  2.000e+00 -1.000e+00  0.000e+00  0.000e+00 
 0.000e+00  0.000e+00 -1.000e+00  2.000e+00 -1.000e+00  0.000e+00 
 0.000e+00  0.000e+00  0.000e+00 -1.000e+00  2.000e+00 -1.000e+00 
 0.000e+00  0.000e+00  0.000e+00  0.000e+00 -1.000e+00  2.000e+00 


lambda:
 4.676e-02  1.172e-02  1.047e-01  1.848e-01  2.863e-01  4.078e-01 

./a.out : Residual1 = 1.776357e-15 Residual2 = 4.440892e-16 Iterations = 91     Iterations1 = 3 Elapsed1 = 0.00 Elapsed2 = 0.00
============================== a.out n=29 s=2 =========================
### Run  ./a.out 29 6 1e-14 2
A:
 2.000e+00 -1.000e+00  0.000e+00  0.000e+00  0.000e+00  0.000e+00 
-1.000e+00  2.000e+00 -1.000e+00  0.000e+00  0.000e+00  0.000e+00 
 0.000e+00 -1.000e+00  2.000e+00 -1.000e+00  0.000e+00  0.000e+00 
 0.000e+00  0.000e+00 -1.000e+00  2.000e+00 -1.000e+00  0.000e+00 
 0.000e+00  0.000e+00  0.000e+00 -1.000e+00  2.000e+00 -1.000e+00 
 0.000e+00  0.000e+00  0.000e+00  0.000e+00 -1.000e+00  2.000e+00 


lambda:
 4.370e-02  1.096e-02  9.789e-02  1.729e-01  2.679e-01  3.820e-01 

./a.out : Residual1 = 3.552714e-15 Residual2 = 4.440892e-16 Iterations = 94     Iterations1 = 3 Elapsed1 = 0.00 Elapsed2 = 0.00
============================== a.out n=30 s=2 =========================
### Run  ./a.out 30 6 1e-14 2
A:
 2.000e+00 -1.000e+00  0.000e+00  0.000e+00  0.000e+00  0.000e+00 
-1.000e+00  2.000e+00 -1.000e+00  0.000e+00  0.000e+00  0.000e+00 
 0.000e+00 -1.000e+00  2.000e+00 -1.000e+00  0.000e+00  0.000e+00 
 0.000e+00  0.000e+00 -1.000e+00  2.000e+00 -1.000e+00  0.000e+00 
 0.000e+00  0.000e+00  0.000e+00 -1.000e+00  2.000e+00 -1.000e+00 
 0.000e+00  0.000e+00  0.000e+00  0.000e+00 -1.000e+00  2.000e+00 


lambda:
 4.094e-02  1.026e-02  9.172e-02  1.621e-01  2.513e-01  3.585e-01 

./a.out : Residual1 = 7.105427e-15 Residual2 = 4.440892e-16 Iterations = 90     Iterations1 = 3 Elapsed1 = 0.00 Elapsed2 = 0.00
============================== a.out n=31 s=2 =========================
### Run  ./a.out 31 6 1e-14 2
A:
 2.000e+00 -1.000e+00  0.000e+00  0.000e+00  0.000e+00  0.000e+00 
-1.000e+00  2.000e+00 -1.000e+00  0.000e+00  0.000e+00  0.000e+00 
 0.000e+00 -1.000e+00  2.000e+00 -1.000e+00  0.000e+00  0.000e+00 
 0.000e+00  0.000e+00 -1.000e+00  2.000e+00 -1.000e+00  0.000e+00 
 0.000e+00  0.000e+00  0.000e+00 -1.000e+00  2.000e+00 -1.000e+00 
 0.000e+00  0.000e+00  0.000e+00  0.000e+00 -1.000e+00  2.000e+00 


lambda:
 3.843e-02  9.631e-03  8.612e-02  1.522e-01  2.362e-01  3.371e-01 

./a.out : Residual1 = 3.552714e-15 Residual2 = 0.000000e+00 Iterations = 98     Iterations1 = 3 Elapsed1 = 0.00 Elapsed2 = 0.00
============================== a.out n=32 s=2 =========================
### Run  ./a.out 32 6 1e-14 2
A:
 2.000e+00 -1.000e+00  0.000e+00  0.000e+00  0.000e+00  0.000e+00 
-1.000e+00  2.000e+00 -1.000e+00  0.000e+00  0.000e+00  0.000e+00 
 0.000e+00 -1.000e+00  2.000e+00 -1.000e+00  0.000e+00  0.000e+00 
 0.000e+00  0.000e+00 -1.000e+00  2.000e+00 -1.000e+00  0.000e+00 
 0.000e+00  0.000e+00  0.000e+00 -1.000e+00  2.000e+00 -1.000e+00 
 0.000e+00  0.000e+00  0.000e+00  0.000e+00 -1.000e+00  2.000e+00 


lambda:
 3.614e-02  9.056e-03  8.101e-02  1.433e-01  2.223e-01  3.175e-01 

./a.out : Residual1 = 3.552714e-15 Residual2 = 4.440892e-16 Iterations = 101     Iterations1 = 3 Elapsed1 = 0.00 Elapsed2 = 0.00
============================== a.out n=33 s=2 =========================
### Run  ./a.out 33 6 1e-14 2
A:
 2.000e+00 -1.000e+00  0.000e+00  0.000e+00  0.000e+00  0.000e+00 
-1.000e+00  2.000e+00 -1.000e+00  0.000e+00  0.000e+00  0.000e+00 
 0.000e+00 -1.000e+00  2.000e+00 -1.000e+00  0.000e+00  0.000e+00 
 0.000e+00  0.000e+00 -1.000e+00  2.000e+00 -1.000e+00  0.000e+00 
 0.000e+00  0.000e+00  0.000e+00 -1.000e+00  2.000e+00 -1.000e+00 
 0.000e+00  0.000e+00  0.000e+00  0.000e+00 -1.000e+00  2.000e+00 


lambda:
 3.405e-02  8.532e-03  7.635e-02  1.351e-01  2.097e-01  2.996e-01 

./a.out : Residual1 = 3.552714e-15 Residual2 = 0.000000e+00 Iterations = 101     Iterations1 = 3 Elapsed1 = 0.00 Elapsed2 = 0.00
============================== a.out n=34 s=2 =========================
### Run  ./a.out 34 6 1e-14 2
A:
 2.000e+00 -1.000e+00  0.000e+00  0.000e+00  0.000e+00  0.000e+00 
-1.000e+00  2.000e+00 -1.000e+00  0.000e+00  0.000e+00  0.000e+00 
 0.000e+00 -1.000e+00  2.000e+00 -1.000e+00  0.000e+00  0.000e+00 
 0.000e+00  0.000e+00 -1.000e+00  2.000e+00 -1.000e+00  0.000e+00 
 0.000e+00  0.000e+00  0.000e+00 -1.000e+00  2.000e+00 -1.000e+00 
 0.000e+00  0.000e+00  0.000e+00  0.000e+00 -1.000e+00  2.000e+00 


lambda:
 3.214e-02  8.051e-03  7.207e-02  1.275e-01  1.981e-01  2.831e-01 

./a.out : Residual1 = 3.552714e-15 Residual2 = 4.440892e-16 Iterations = 110     Iterations1 = 3 Elapsed1 = 0.00 Elapsed2 = 0.00
============================== a.out n=35 s=2 =========================
### Run  ./a.out 35 6 1e-14 2
A:
 2.000e+00 -1.000e+00  0.000e+00  0.000e+00  0.000e+00  0.000e+00 
-1.000e+00  2.000e+00 -1.000e+00  0.000e+00  0.000e+00  0.000e+00 
 0.000e+00 -1.000e+00  2.000e+00 -1.000e+00  0.000e+00  0.000e+00 
 0.000e+00  0.000e+00 -1.000e+00  2.000e+00 -1.000e+00  0.000e+00 
 0.000e+00  0.000e+00  0.000e+00 -1.000e+00  2.000e+00 -1.000e+00 
 0.000e+00  0.000e+00  0.000e+00  0.000e+00 -1.000e+00  2.000e+00 


lambda:
 3.038e-02  7.611e-03  6.815e-02  1.206e-01  1.874e-01  2.679e-01 

./a.out : Residual1 = 7.105427e-15 Residual2 = 0.000000e+00 Iterations = 107     Iterations1 = 3 Elapsed1 = 0.00 Elapsed2 = 0.00
============================== a.out n=36 s=2 =========================
### Run  ./a.out 36 6 1e-14 2
A:
 2.000e+00 -1.000e+00  0.000e+00  0.000e+00  0.000e+00  0.000e+00 
-1.000e+00  2.000e+00 -1.000e+00  0.000e+00  0.000e+00  0.000e+00 
 0.000e+00 -1.000e+00  2.000e+00 -1.000e+00  0.000e+00  0.000e+00 
 0.000e+00  0.000e+00 -1.000e+00  2.000e+00 -1.000e+00  0.000e+00 
 0.000e+00  0.000e+00  0.000e+00 -1.000e+00  2.000e+00 -1.000e+00 
 0.000e+00  0.000e+00  0.000e+00  0.000e+00 -1.000e+00  2.000e+00 


lambda:
 2.877e-02  7.205e-03  6.453e-02  1.142e-01  1.775e-01  2.540e-01 

./a.out : Residual1 = 0.000000e+00 Residual2 = 4.440892e-16 Iterations = 116     Iterations1 = 3 Elapsed1 = 0.00 Elapsed2 = 0.00
============================== a.out n=37 s=2 =========================
### Run  ./a.out 37 6 1e-14 2
A:
 2.000e+00 -1.000e+00  0.000e+00  0.000e+00  0.000e+00  0.000e+00 
-1.000e+00  2.000e+00 -1.000e+00  0.000e+00  0.000e+00  0.000e+00 
 0.000e+00 -1.000e+00  2.000e+00 -1.000e+00  0.000e+00  0.000e+00 
 0.000e+00  0.000e+00 -1.000e+00  2.000e+00 -1.000e+00  0.000e+00 
 0.000e+00  0.000e+00  0.000e+00 -1.000e+00  2.000e+00 -1.000e+00 
 0.000e+00  0.000e+00  0.000e+00  0.000e+00 -1.000e+00  2.000e+00 


lambda:
 2.728e-02  6.831e-03  6.120e-02  1.084e-01  1.685e-01  2.411e-01 

./a.out : Residual1 = 7.105427e-15 Residual2 = 0.000000e+00 Iterations = 115     Iterations1 = 3 Elapsed1 = 0.00 Elapsed2 = 0.00
============================== a.out n=38 s=2 =========================
### Run  ./a.out 38 6 1e-14 2
A:
 2.000e+00 -1.000e+00  0.000e+00  0.000e+00  0.000e+00  0.000e+00 
-1.000e+00  2.000e+00 -1.000e+00  0.000e+00  0.000e+00  0.000e+00 
 0.000e+00 -1.000e+00  2.000e+00 -1.000e+00  0.000e+00  0.000e+00 
 0.000e+00  0.000e+00 -1.000e+00  2.000e+00 -1.000e+00  0.000e+00 
 0.000e+00  0.000e+00  0.000e+00 -1.000e+00  2.000e+00 -1.000e+00 
 0.000e+00  0.000e+00  0.000e+00  0.000e+00 -1.000e+00  2.000e+00 


lambda:
 2.590e-02  6.485e-03  5.812e-02  1.029e-01  1.600e-01  2.291e-01 

./a.out : Residual1 = 0.000000e+00 Residual2 = 0.000000e+00 Iterations = 119     Iterations1 = 3 Elapsed1 = 0.00 Elapsed2 = 0.00
============================== a.out n=39 s=2 =========================
### Run  ./a.out 39 6 1e-14 2
A:
 2.000e+00 -1.000e+00  0.000e+00  0.000e+00  0.000e+00  0.000e+00 
-1.000e+00  2.000e+00 -1.000e+00  0.000e+00  0.000e+00  0.000e+00 
 0.000e+00 -1.000e+00  2.000e+00 -1.000e+00  0.000e+00  0.000e+00 
 0.000e+00  0.000e+00 -1.000e+00  2.000e+00 -1.000e+00  0.000e+00 
 0.000e+00  0.000e+00  0.000e+00 -1.000e+00  2.000e+00 -1.000e+00 
 0.000e+00  0.000e+00  0.000e+00  0.000e+00 -1.000e+00  2.000e+00 


lambda:
 2.462e-02  6.165e-03  5.526e-02  9.789e-02  1.522e-01  2.180e-01 

./a.out : Residual1 = 1.065814e-14 Residual2 = 0.000000e+00 Iterations = 121     Iterations1 = 3 Elapsed1 = 0.00 Elapsed2 = 0.00
============================== a.out n=40 s=2 =========================
### Run  ./a.out 40 6 1e-14 2
A:
 2.000e+00 -1.000e+00  0.000e+00  0.000e+00  0.000e+00  0.000e+00 
-1.000e+00  2.000e+00 -1.000e+00  0.000e+00  0.000e+00  0.000e+00 
 0.000e+00 -1.000e+00  2.000e+00 -1.000e+00  0.000e+00  0.000e+00 
 0.000e+00  0.000e+00 -1.000e+00  2.000e+00 -1.000e+00  0.000e+00 
 0.000e+00  0.000e+00  0.000e+00 -1.000e+00  2.000e+00 -1.000e+00 
 0.000e+00  0.000e+00  0.000e+00  0.000e+00 -1.000e+00  2.000e+00 


lambda:
 2.344e-02  5.868e-03  5.261e-02  9.321e-02  1.450e-01  2.077e-01 

./a.out : Residual1 = 3.552714e-15 Residual2 = 8.881784e-16 Iterations = 121     Iterations1 = 3 Elapsed1 = 0.00 Elapsed2 = 0.00
============================== a.out n=41 s=2 =========================
### Run  ./a.out 41 6 1e-14 2
A:
 2.000e+00 -1.000e+00  0.000e+00  0.000e+00  0.000e+00  0.000e+00 
-1.000e+00  2.000e+00 -1.000e+00  0.000e+00  0.000e+00  0.000e+00 
 0.000e+00 -1.000e+00  2.000e+00 -1.000e+00  0.000e+00  0.000e+00 
 0.000e+00  0.000e+00 -1.000e+00  2.000e+00 -1.000e+00  0.000e+00 
 0.000e+00  0.000e+00  0.000e+00 -1.000e+00  2.000e+00 -1.000e+00 
 0.000e+00  0.000e+00  0.000e+00  0.000e+00 -1.000e+00  2.000e+00 


lambda:
 2.234e-02  5.592e-03  5.014e-02  8.885e-02  1.383e-01  1.981e-01 

./a.out : Residual1 = 3.552714e-15 Residual2 = 4.440892e-16 Iterations = 126     Iterations1 = 3 Elapsed1 = 0.00 Elapsed2 = 0.00
============================== a.out n=42 s=2 =========================
### Run  ./a.out 42 6 1e-14 2
A:
 2.000e+00 -1.000e+00  0.000e+00  0.000e+00  0.000e+00  0.000e+00 
-1.000e+00  2.000e+00 -1.000e+00  0.000e+00  0.000e+00  0.000e+00 
 0.000e+00 -1.000e+00  2.000e+00 -1.000e+00  0.000e+00  0.000e+00 
 0.000e+00  0.000e+00 -1.000e+00  2.000e+00 -1.000e+00  0.000e+00 
 0.000e+00  0.000e+00  0.000e+00 -1.000e+00  2.000e+00 -1.000e+00 
 0.000e+00  0.000e+00  0.000e+00  0.000e+00 -1.000e+00  2.000e+00 


lambda:
 2.131e-02  5.335e-03  4.785e-02  8.480e-02  1.320e-01  1.891e-01 

./a.out : Residual1 = 7.105427e-15 Residual2 = 4.440892e-16 Iterations = 130     Iterations1 = 3 Elapsed1 = 0.00 Elapsed2 = 0.00
============================== a.out n=43 s=2 =========================
### Run  ./a.out 43 6 1e-14 2
A:
 2.000e+00 -1.000e+00  0.000e+00  0.000e+00  0.000e+00  0.000e+00 
-1.000e+00  2.000e+00 -1.000e+00  0.000e+00  0.000e+00  0.000e+00 
 0.000e+00 -1.000e+00  2.000e+00 -1.000e+00  0.000e+00  0.000e+00 
 0.000e+00  0.000e+00 -1.000e+00  2.000e+00 -1.000e+00  0.000e+00 
 0.000e+00  0.000e+00  0.000e+00 -1.000e+00  2.000e+00 -1.000e+00 
 0.000e+00  0.000e+00  0.000e+00  0.000e+00 -1.000e+00  2.000e+00 


lambda:
 2.036e-02  5.096e-03  4.571e-02  8.101e-02  1.261e-01  1.807e-01 

./a.out : Residual1 = 3.552714e-15 Residual2 = 0.000000e+00 Iterations = 131     Iterations1 = 3 Elapsed1 = 0.00 Elapsed2 = 0.00
============================== a.out n=44 s=2 =========================
### Run  ./a.out 44 6 1e-14 2
A:
 2.000e+00 -1.000e+00  0.000e+00  0.000e+00  0.000e+00  0.000e+00 
-1.000e+00  2.000e+00 -1.000e+00  0.000e+00  0.000e+00  0.000e+00 
 0.000e+00 -1.000e+00  2.000e+00 -1.000e+00  0.000e+00  0.000e+00 
 0.000e+00  0.000e+00 -1.000e+00  2.000e+00 -1.000e+00  0.000e+00 
 0.000e+00  0.000e+00  0.000e+00 -1.000e+00  2.000e+00 -1.000e+00 
 0.000e+00  0.000e+00  0.000e+00  0.000e+00 -1.000e+00  2.000e+00 


lambda:
 1.946e-02  4.872e-03  4.370e-02  7.748e-02  1.206e-01  1.729e-01 

./a.out : Residual1 = 3.552714e-15 Residual2 = 0.000000e+00 Iterations = 137     Iterations1 = 3 Elapsed1 = 0.00 Elapsed2 = 0.00
============================== a.out n=45 s=2 =========================
### Run  ./a.out 45 6 1e-14 2
A:
 2.000e+00 -1.000e+00  0.000e+00  0.000e+00  0.000e+00  0.000e+00 
-1.000e+00  2.000e+00 -1.000e+00  0.000e+00  0.000e+00  0.000e+00 
 0.000e+00 -1.000e+00  2.000e+00 -1.000e+00  0.000e+00  0.000e+00 
 0.000e+00  0.000e+00 -1.000e+00  2.000e+00 -1.000e+00  0.000e+00 
 0.000e+00  0.000e+00  0.000e+00 -1.000e+00  2.000e+00 -1.000e+00 
 0.000e+00  0.000e+00  0.000e+00  0.000e+00 -1.000e+00  2.000e+00 


lambda:
 1.863e-02  4.662e-03  4.183e-02  7.417e-02  1.155e-01  1.656e-01 

./a.out : Residual1 = 0.000000e+00 Residual2 = 0.000000e+00 Iterations = 140     Iterations1 = 3 Elapsed1 = 0.00 Elapsed2 = 0.00
============================== a.out n=46 s=2 =========================
### Run  ./a.out 46 6 1e-14 2
A:
 2.000e+00 -1.000e+00  0.000e+00  0.000e+00  0.000e+00  0.000e+00 
-1.000e+00  2.000e+00 -1.000e+00  0.000e+00  0.000e+00  0.000e+00 
 0.000e+00 -1.000e+00  2.000e+00 -1.000e+00  0.000e+00  0.000e+00 
 0.000e+00  0.000e+00 -1.000e+00  2.000e+00 -1.000e+00  0.000e+00 
 0.000e+00  0.000e+00  0.000e+00 -1.000e+00  2.000e+00 -1.000e+00 
 0.000e+00  0.000e+00  0.000e+00  0.000e+00 -1.000e+00  2.000e+00 


lambda:
 1.785e-02  4.466e-03  4.008e-02  7.106e-02  1.107e-01  1.587e-01 

./a.out : Residual1 = 1.065814e-14 Residual2 = 8.881784e-16 Iterations = 146     Iterations1 = 3 Elapsed1 = 0.00 Elapsed2 = 0.00
============================== a.out n=47 s=2 =========================
### Run  ./a.out 47 6 1e-14 2
A:
 2.000e+00 -1.000e+00  0.000e+00  0.000e+00  0.000e+00  0.000e+00 
-1.000e+00  2.000e+00 -1.000e+00  0.000e+00  0.000e+00  0.000e+00 
 0.000e+00 -1.000e+00  2.000e+00 -1.000e+00  0.000e+00  0.000e+00 
 0.000e+00  0.000e+00 -1.000e+00  2.000e+00 -1.000e+00  0.000e+00 
 0.000e+00  0.000e+00  0.000e+00 -1.000e+00  2.000e+00 -1.000e+00 
 0.000e+00  0.000e+00  0.000e+00  0.000e+00 -1.000e+00  2.000e+00 


lambda:
 1.711e-02  4.282e-03  3.843e-02  6.815e-02  1.061e-01  1.522e-01 

./a.out : Residual1 = 3.552714e-15 Residual2 = 8.881784e-16 Iterations = 145     Iterations1 = 3 Elapsed1 = 0.00 Elapsed2 = 0.00
============================== a.out n=48 s=2 =========================
### Run  ./a.out 48 6 1e-14 2
A:
 2.000e+00 -1.000e+00  0.000e+00  0.000e+00  0.000e+00  0.000e+00 
-1.000e+00  2.000e+00 -1.000e+00  0.000e+00  0.000e+00  0.000e+00 
 0.000e+00 -1.000e+00  2.000e+00 -1.000e+00  0.000e+00  0.000e+00 
 0.000e+00  0.000e+00 -1.000e+00  2.000e+00 -1.000e+00  0.000e+00 
 0.000e+00  0.000e+00  0.000e+00 -1.000e+00  2.000e+00 -1.000e+00 
 0.000e+00  0.000e+00  0.000e+00  0.000e+00 -1.000e+00  2.000e+00 


lambda:
 1.642e-02  4.109e-03  3.688e-02  6.541e-02  1.019e-01  1.462e-01 

./a.out : Residual1 = 3.552714e-15 Residual2 = 0.000000e+00 Iterations = 148     Iterations1 = 3 Elapsed1 = 0.00 Elapsed2 = 0.00
============================== a.out n=49 s=2 =========================
### Run  ./a.out 49 6 1e-14 2
A:
 2.000e+00 -1.000e+00  0.000e+00  0.000e+00  0.000e+00  0.000e+00 
-1.000e+00  2.000e+00 -1.000e+00  0.000e+00  0.000e+00  0.000e+00 
 0.000e+00 -1.000e+00  2.000e+00 -1.000e+00  0.000e+00  0.000e+00 
 0.000e+00  0.000e+00 -1.000e+00  2.000e+00 -1.000e+00  0.000e+00 
 0.000e+00  0.000e+00  0.000e+00 -1.000e+00  2.000e+00 -1.000e+00 
 0.000e+00  0.000e+00  0.000e+00  0.000e+00 -1.000e+00  2.000e+00 


lambda:
 1.577e-02  3.947e-03  3.543e-02  6.283e-02  9.789e-02  1.404e-01 

./a.out : Residual1 = 3.552714e-15 Residual2 = 0.000000e+00 Iterations = 153     Iterations1 = 3 Elapsed1 = 0.00 Elapsed2 = 0.00
============================== a.out n=50 s=2 =========================
### Run  ./a.out 50 6 1e-14 2
A:
 2.000e+00 -1.000e+00  0.000e+00  0.000e+00  0.000e+00  0.000e+00 
-1.000e+00  2.000e+00 -1.000e+00  0.000e+00  0.000e+00  0.000e+00 
 0.000e+00 -1.000e+00  2.000e+00 -1.000e+00  0.000e+00  0.000e+00 
 0.000e+00  0.000e+00 -1.000e+00  2.000e+00 -1.000e+00  0.000e+00 
 0.000e+00  0.000e+00  0.000e+00 -1.000e+00  2.000e+00 -1.000e+00 
 0.000e+00  0.000e+00  0.000e+00  0.000e+00 -1.000e+00  2.000e+00 


lambda:
 1.516e-02  3.793e-03  3.405e-02  6.041e-02  9.412e-02  1.351e-01 

./a.out : Residual1 = 3.552714e-15 Residual2 = 8.881784e-16 Iterations = 151     Iterations1 = 3 Elapsed1 = 0.00 Elapsed2 = 0.00
============================== a.out n=51 s=2 =========================
### Run  ./a.out 51 6 1e-14 2
A:
 2.000e+00 -1.000e+00  0.000e+00  0.000e+00  0.000e+00  0.000e+00 
-1.000e+00  2.000e+00 -1.000e+00  0.000e+00  0.000e+00  0.000e+00 
 0.000e+00 -1.000e+00  2.000e+00 -1.000e+00  0.000e+00  0.000e+00 
 0.000e+00  0.000e+00 -1.000e+00  2.000e+00 -1.000e+00  0.000e+00 
 0.000e+00  0.000e+00  0.000e+00 -1.000e+00  2.000e+00 -1.000e+00 
 0.000e+00  0.000e+00  0.000e+00  0.000e+00 -1.000e+00  2.000e+00 


lambda:
 1.458e-02  3.649e-03  3.276e-02  5.812e-02  9.056e-02  1.300e-01 

./a.out : Residual1 = 0.000000e+00 Residual2 = 8.881784e-16 Iterations = 158     Iterations1 = 3 Elapsed1 = 0.00 Elapsed2 = 0.00
============================== a.out n=52 s=2 =========================
### Run  ./a.out 52 6 1e-14 2
A:
 2.000e+00 -1.000e+00  0.000e+00  0.000e+00  0.000e+00  0.000e+00 
-1.000e+00  2.000e+00 -1.000e+00  0.000e+00  0.000e+00  0.000e+00 
 0.000e+00 -1.000e+00  2.000e+00 -1.000e+00  0.000e+00  0.000e+00 
 0.000e+00  0.000e+00 -1.000e+00  2.000e+00 -1.000e+00  0.000e+00 
 0.000e+00  0.000e+00  0.000e+00 -1.000e+00  2.000e+00 -1.000e+00 
 0.000e+00  0.000e+00  0.000e+00  0.000e+00 -1.000e+00  2.000e+00 


lambda:
 1.404e-02  3.513e-03  3.154e-02  5.595e-02  8.720e-02  1.252e-01 

./a.out : Residual1 = 7.105427e-15 Residual2 = 8.881784e-16 Iterations = 160     Iterations1 = 3 Elapsed1 = 0.00 Elapsed2 = 0.00
============================== a.out n=53 s=2 =========================
### Run  ./a.out 53 6 1e-14 2
A:
 2.000e+00 -1.000e+00  0.000e+00  0.000e+00  0.000e+00  0.000e+00 
-1.000e+00  2.000e+00 -1.000e+00  0.000e+00  0.000e+00  0.000e+00 
 0.000e+00 -1.000e+00  2.000e+00 -1.000e+00  0.000e+00  0.000e+00 
 0.000e+00  0.000e+00 -1.000e+00  2.000e+00 -1.000e+00  0.000e+00 
 0.000e+00  0.000e+00  0.000e+00 -1.000e+00  2.000e+00 -1.000e+00 
 0.000e+00  0.000e+00  0.000e+00  0.000e+00 -1.000e+00  2.000e+00 


lambda:
 1.352e-02  3.384e-03  3.038e-02  5.391e-02  8.402e-02  1.206e-01 

./a.out : Residual1 = 7.105427e-15 Residual2 = 1.776357e-15 Iterations = 159     Iterations1 = 3 Elapsed1 = 0.00 Elapsed2 = 0.00
============================== a.out n=54 s=2 =========================
### Run  ./a.out 54 6 1e-14 2
A:
 2.000e+00 -1.000e+00  0.000e+00  0.000e+00  0.000e+00  0.000e+00 
-1.000e+00  2.000e+00 -1.000e+00  0.000e+00  0.000e+00  0.000e+00 
 0.000e+00 -1.000e+00  2.000e+00 -1.000e+00  0.000e+00  0.000e+00 
 0.000e+00  0.000e+00 -1.000e+00  2.000e+00 -1.000e+00  0.000e+00 
 0.000e+00  0.000e+00  0.000e+00 -1.000e+00  2.000e+00 -1.000e+00 
 0.000e+00  0.000e+00  0.000e+00  0.000e+00 -1.000e+00  2.000e+00 


lambda:
 1.304e-02  3.262e-03  2.929e-02  5.198e-02  8.101e-02  1.163e-01 

./a.out : Residual1 = 3.552714e-15 Residual2 = 8.881784e-16 Iterations = 167     Iterations1 = 3 Elapsed1 = 0.00 Elapsed2 = 0.00
============================== a.out n=55 s=2 =========================
### Run  ./a.out 55 6 1e-14 2
A:
 2.000e+00 -1.000e+00  0.000e+00  0.000e+00  0.000e+00  0.000e+00 
-1.000e+00  2.000e+00 -1.000e+00  0.000e+00  0.000e+00  0.000e+00 
 0.000e+00 -1.000e+00  2.000e+00 -1.000e+00  0.000e+00  0.000e+00 
 0.000e+00  0.000e+00 -1.000e+00  2.000e+00 -1.000e+00  0.000e+00 
 0.000e+00  0.000e+00  0.000e+00 -1.000e+00  2.000e+00 -1.000e+00 
 0.000e+00  0.000e+00  0.000e+00  0.000e+00 -1.000e+00  2.000e+00 


lambda:
 1.258e-02  3.146e-03  2.826e-02  5.014e-02  7.817e-02  1.122e-01 

./a.out : Residual1 = 7.105427e-15 Residual2 = 0.000000e+00 Iterations = 166     Iterations1 = 3 Elapsed1 = 0.00 Elapsed2 = 0.00
============================== a.out n=56 s=2 =========================
### Run  ./a.out 56 6 1e-14 2
A:
 2.000e+00 -1.000e+00  0.000e+00  0.000e+00  0.000e+00  0.000e+00 
-1.000e+00  2.000e+00 -1.000e+00  0.000e+00  0.000e+00  0.000e+00 
 0.000e+00 -1.000e+00  2.000e+00 -1.000e+00  0.000e+00  0.000e+00 
 0.000e+00  0.000e+00 -1.000e+00  2.000e+00 -1.000e+00  0.000e+00 
 0.000e+00  0.000e+00  0.000e+00 -1.000e+00  2.000e+00 -1.000e+00 
 0.000e+00  0.000e+00  0.000e+00  0.000e+00 -1.000e+00  2.000e+00 


lambda:
 1.214e-02  3.037e-03  2.728e-02  4.841e-02  7.546e-02  1.084e-01 

./a.out : Residual1 = 1.065814e-14 Residual2 = 1.776357e-15 Iterations = 169     Iterations1 = 3 Elapsed1 = 0.00 Elapsed2 = 0.00
============================== a.out n=57 s=2 =========================
### Run  ./a.out 57 6 1e-14 2
A:
 2.000e+00 -1.000e+00  0.000e+00  0.000e+00  0.000e+00  0.000e+00 
-1.000e+00  2.000e+00 -1.000e+00  0.000e+00  0.000e+00  0.000e+00 
 0.000e+00 -1.000e+00  2.000e+00 -1.000e+00  0.000e+00  0.000e+00 
 0.000e+00  0.000e+00 -1.000e+00  2.000e+00 -1.000e+00  0.000e+00 
 0.000e+00  0.000e+00  0.000e+00 -1.000e+00  2.000e+00 -1.000e+00 
 0.000e+00  0.000e+00  0.000e+00  0.000e+00 -1.000e+00  2.000e+00 


lambda:
 1.172e-02  2.933e-03  2.635e-02  4.676e-02  7.290e-02  1.047e-01 

./a.out : Residual1 = 3.552714e-15 Residual2 = 8.881784e-16 Iterations = 177     Iterations1 = 3 Elapsed1 = 0.00 Elapsed2 = 0.00
============================== a.out n=58 s=2 =========================
### Run  ./a.out 58 6 1e-14 2
A:
 2.000e+00 -1.000e+00  0.000e+00  0.000e+00  0.000e+00  0.000e+00 
-1.000e+00  2.000e+00 -1.000e+00  0.000e+00  0.000e+00  0.000e+00 
 0.000e+00 -1.000e+00  2.000e+00 -1.000e+00  0.000e+00  0.000e+00 
 0.000e+00  0.000e+00 -1.000e+00  2.000e+00 -1.000e+00  0.000e+00 
 0.000e+00  0.000e+00  0.000e+00 -1.000e+00  2.000e+00 -1.000e+00 
 0.000e+00  0.000e+00  0.000e+00  0.000e+00 -1.000e+00  2.000e+00 


lambda:
 1.133e-02  2.835e-03  2.546e-02  4.519e-02  7.046e-02  1.012e-01 

./a.out : Residual1 = 1.776357e-14 Residual2 = 8.881784e-16 Iterations = 182     Iterations1 = 3 Elapsed1 = 0.00 Elapsed2 = 0.00
============================== a.out n=59 s=2 =========================
### Run  ./a.out 59 6 1e-14 2
A:
 2.000e+00 -1.000e+00  0.000e+00  0.000e+00  0.000e+00  0.000e+00 
-1.000e+00  2.000e+00 -1.000e+00  0.000e+00  0.000e+00  0.000e+00 
 0.000e+00 -1.000e+00  2.000e+00 -1.000e+00  0.000e+00  0.000e+00 
 0.000e+00  0.000e+00 -1.000e+00  2.000e+00 -1.000e+00  0.000e+00 
 0.000e+00  0.000e+00  0.000e+00 -1.000e+00  2.000e+00 -1.000e+00 
 0.000e+00  0.000e+00  0.000e+00  0.000e+00 -1.000e+00  2.000e+00 


lambda:
 1.096e-02  2.741e-03  2.462e-02  4.370e-02  6.815e-02  9.789e-02 

./a.out : Residual1 = 3.197442e-14 Residual2 = 1.776357e-15 Iterations = 182     Iterations1 = 3 Elapsed1 = 0.00 Elapsed2 = 0.00
============================== a.out n=60 s=2 =========================
### Run  ./a.out 60 6 1e-14 2
A:
 2.000e+00 -1.000e+00  0.000e+00  0.000e+00  0.000e+00  0.000e+00 
-1.000e+00  2.000e+00 -1.000e+00  0.000e+00  0.000e+00  0.000e+00 
 0.000e+00 -1.000e+00  2.000e+00 -1.000e+00  0.000e+00  0.000e+00 
 0.000e+00  0.000e+00 -1.000e+00  2.000e+00 -1.000e+00  0.000e+00 
 0.000e+00  0.000e+00  0.000e+00 -1.000e+00  2.000e+00 -1.000e+00 
 0.000e+00  0.000e+00  0.000e+00  0.000e+00 -1.000e+00  2.000e+00 


lambda:
 1.060e-02  2.652e-03  2.382e-02  4.229e-02  6.594e-02  9.473e-02 

./a.out : Residual1 = 0.000000e+00 Residual2 = 8.881784e-16 Iterations = 182     Iterations1 = 3 Elapsed1 = 0.00 Elapsed2 = 0.00
============================== a.out n=61 s=2 =========================
### Run  ./a.out 61 6 1e-14 2
A:
 2.000e+00 -1.000e+00  0.000e+00  0.000e+00  0.000e+00  0.000e+00 
-1.000e+00  2.000e+00 -1.000e+00  0.000e+00  0.000e+00  0.000e+00 
 0.000e+00 -1.000e+00  2.000e+00 -1.000e+00  0.000e+00  0.000e+00 
 0.000e+00  0.000e+00 -1.000e+00  2.000e+00 -1.000e+00  0.000e+00 
 0.000e+00  0.000e+00  0.000e+00 -1.000e+00  2.000e+00 -1.000e+00 
 0.000e+00  0.000e+00  0.000e+00  0.000e+00 -1.000e+00  2.000e+00 


lambda:
 1.026e-02  2.567e-03  2.306e-02  4.094e-02  6.385e-02  9.172e-02 

./a.out : Residual1 = 1.065814e-14 Residual2 = 0.000000e+00 Iterations = 182     Iterations1 = 2 Elapsed1 = 0.00 Elapsed2 = 0.00
============================== a.out n=62 s=2 =========================
### Run  ./a.out 62 6 1e-14 2
A:
 2.000e+00 -1.000e+00  0.000e+00  0.000e+00  0.000e+00  0.000e+00 
-1.000e+00  2.000e+00 -1.000e+00  0.000e+00  0.000e+00  0.000e+00 
 0.000e+00 -1.000e+00  2.000e+00 -1.000e+00  0.000e+00  0.000e+00 
 0.000e+00  0.000e+00 -1.000e+00  2.000e+00 -1.000e+00  0.000e+00 
 0.000e+00  0.000e+00  0.000e+00 -1.000e+00  2.000e+00 -1.000e+00 
 0.000e+00  0.000e+00  0.000e+00  0.000e+00 -1.000e+00  2.000e+00 


lambda:
 9.938e-03  2.486e-03  2.234e-02  3.966e-02  6.185e-02  8.885e-02 

./a.out : Residual1 = 3.552714e-15 Residual2 = 8.881784e-16 Iterations = 185     Iterations1 = 2 Elapsed1 = 0.00 Elapsed2 = 0.00
============================== a.out n=63 s=2 =========================
### Run  ./a.out 63 6 1e-14 2
A:
 2.000e+00 -1.000e+00  0.000e+00  0.000e+00  0.000e+00  0.000e+00 
-1.000e+00  2.000e+00 -1.000e+00  0.000e+00  0.000e+00  0.000e+00 
 0.000e+00 -1.000e+00  2.000e+00 -1.000e+00  0.000e+00  0.000e+00 
 0.000e+00  0.000e+00 -1.000e+00  2.000e+00 -1.000e+00  0.000e+00 
 0.000e+00  0.000e+00  0.000e+00 -1.000e+00  2.000e+00 -1.000e+00 
 0.000e+00  0.000e+00  0.000e+00  0.000e+00 -1.000e+00  2.000e+00 


lambda:
 9.631e-03  2.409e-03  2.165e-02  3.843e-02  5.994e-02  8.612e-02 

./a.out : Residual1 = 1.421085e-14 Residual2 = 8.881784e-16 Iterations = 190     Iterations1 = 3 Elapsed1 = 0.00 Elapsed2 = 0.00
============================== a.out n=64 s=2 =========================
### Run  ./a.out 64 6 1e-14 2
A:
 2.000e+00 -1.000e+00  0.000e+00  0.000e+00  0.000e+00  0.000e+00 
-1.000e+00  2.000e+00 -1.000e+00  0.000e+00  0.000e+00  0.000e+00 
 0.000e+00 -1.000e+00  2.000e+00 -1.000e+00  0.000e+00  0.000e+00 
 0.000e+00  0.000e+00 -1.000e+00  2.000e+00 -1.000e+00  0.000e+00 
 0.000e+00  0.000e+00  0.000e+00 -1.000e+00  2.000e+00 -1.000e+00 
 0.000e+00  0.000e+00  0.000e+00  0.000e+00 -1.000e+00  2.000e+00 


lambda:
 9.337e-03  2.336e-03  2.099e-02  3.726e-02  5.812e-02  8.351e-02 

./a.out : Residual1 = 1.065814e-14 Residual2 = 0.000000e+00 Iterations = 193     Iterations1 = 3 Elapsed1 = 0.00 Elapsed2 = 0.00
============================== a.out n=65 s=2 =========================
### Run  ./a.out 65 6 1e-14 2
A:
 2.000e+00 -1.000e+00  0.000e+00  0.000e+00  0.000e+00  0.000e+00 
-1.000e+00  2.000e+00 -1.000e+00  0.000e+00  0.000e+00  0.000e+00 
 0.000e+00 -1.000e+00  2.000e+00 -1.000e+00  0.000e+00  0.000e+00 
 0.000e+00  0.000e+00 -1.000e+00  2.000e+00 -1.000e+00  0.000e+00 
 0.000e+00  0.000e+00  0.000e+00 -1.000e+00  2.000e+00 -1.000e+00 
 0.000e+00  0.000e+00  0.000e+00  0.000e+00 -1.000e+00  2.000e+00 


lambda:
 9.056e-03  2.265e-03  2.036e-02  3.614e-02  5.638e-02  8.101e-02 

./a.out : Residual1 = 1.421085e-14 Residual2 = 8.881784e-16 Iterations = 197     Iterations1 = 3 Elapsed1 = 0.00 Elapsed2 = 0.00
============================== a.out n=66 s=2 =========================
### Run  ./a.out 66 6 1e-14 2
A:
 2.000e+00 -1.000e+00  0.000e+00  0.000e+00  0.000e+00  0.000e+00 
-1.000e+00  2.000e+00 -1.000e+00  0.000e+00  0.000e+00  0.000e+00 
 0.000e+00 -1.000e+00  2.000e+00 -1.000e+00  0.000e+00  0.000e+00 
 0.000e+00  0.000e+00 -1.000e+00  2.000e+00 -1.000e+00  0.000e+00 
 0.000e+00  0.000e+00  0.000e+00 -1.000e+00  2.000e+00 -1.000e+00 
 0.000e+00  0.000e+00  0.000e+00  0.000e+00 -1.000e+00  2.000e+00 


lambda:
 8.788e-03  2.198e-03  1.975e-02  3.507e-02  5.471e-02  7.863e-02 

./a.out : Residual1 = 1.421085e-14 Residual2 = 0.000000e+00 Iterations = 209     Iterations1 = 3 Elapsed1 = 0.00 Elapsed2 = 0.00
============================== a.out n=67 s=2 =========================
### Run  ./a.out 67 6 1e-14 2
A:
 2.000e+00 -1.000e+00  0.000e+00  0.000e+00  0.000e+00  0.000e+00 
-1.000e+00  2.000e+00 -1.000e+00  0.000e+00  0.000e+00  0.000e+00 
 0.000e+00 -1.000e+00  2.000e+00 -1.000e+00  0.000e+00  0.000e+00 
 0.000e+00  0.000e+00 -1.000e+00  2.000e+00 -1.000e+00  0.000e+00 
 0.000e+00  0.000e+00  0.000e+00 -1.000e+00  2.000e+00 -1.000e+00 
 0.000e+00  0.000e+00  0.000e+00  0.000e+00 -1.000e+00  2.000e+00 


lambda:
 8.532e-03  2.134e-03  1.918e-02  3.405e-02  5.312e-02  7.635e-02 

./a.out : Residual1 = 1.421085e-14 Residual2 = 8.881784e-16 Iterations = 201     Iterations1 = 3 Elapsed1 = 0.00 Elapsed2 = 0.00
============================== a.out n=68 s=2 =========================
### Run  ./a.out 68 6 1e-14 2
A:
 2.000e+00 -1.000e+00  0.000e+00  0.000e+00  0.000e+00  0.000e+00 
-1.000e+00  2.000e+00 -1.000e+00  0.000e+00  0.000e+00  0.000e+00 
 0.000e+00 -1.000e+00  2.000e+00 -1.000e+00  0.000e+00  0.000e+00 
 0.000e+00  0.000e+00 -1.000e+00  2.000e+00 -1.000e+00  0.000e+00 
 0.000e+00  0.000e+00  0.000e+00 -1.000e+00  2.000e+00 -1.000e+00 
 0.000e+00  0.000e+00  0.000e+00  0.000e+00 -1.000e+00  2.000e+00 


lambda:
 8.286e-03  2.073e-03  1.863e-02  3.308e-02  5.160e-02  7.417e-02 

./a.out : Residual1 = 1.421085e-14 Residual2 = 1.776357e-15 Iterations = 209     Iterations1 = 3 Elapsed1 = 0.00 Elapsed2 = 0.00
============================== a.out n=69 s=2 =========================
### Run  ./a.out 69 6 1e-14 2
A:
 2.000e+00 -1.000e+00  0.000e+00  0.000e+00  0.000e+00  0.000e+00 
-1.000e+00  2.000e+00 -1.000e+00  0.000e+00  0.000e+00  0.000e+00 
 0.000e+00 -1.000e+00  2.000e+00 -1.000e+00  0.000e+00  0.000e+00 
 0.000e+00  0.000e+00 -1.000e+00  2.000e+00 -1.000e+00  0.000e+00 
 0.000e+00  0.000e+00  0.000e+00 -1.000e+00  2.000e+00 -1.000e+00 
 0.000e+00  0.000e+00  0.000e+00  0.000e+00 -1.000e+00  2.000e+00 


lambda:
 8.051e-03  2.014e-03  1.810e-02  3.214e-02  5.014e-02  7.207e-02 

./a.out : Residual1 = 0.000000e+00 Residual2 = 0.000000e+00 Iterations = 209     Iterations1 = 3 Elapsed1 = 0.00 Elapsed2 = 0.00
============================== a.out n=70 s=2 =========================
### Run  ./a.out 70 6 1e-14 2
A:
 2.000e+00 -1.000e+00  0.000e+00  0.000e+00  0.000e+00  0.000e+00 
-1.000e+00  2.000e+00 -1.000e+00  0.000e+00  0.000e+00  0.000e+00 
 0.000e+00 -1.000e+00  2.000e+00 -1.000e+00  0.000e+00  0.000e+00 
 0.000e+00  0.000e+00 -1.000e+00  2.000e+00 -1.000e+00  0.000e+00 
 0.000e+00  0.000e+00  0.000e+00 -1.000e+00  2.000e+00 -1.000e+00 
 0.000e+00  0.000e+00  0.000e+00  0.000e+00 -1.000e+00  2.000e+00 


lambda:
 7.826e-03  1.958e-03  1.759e-02  3.124e-02  4.875e-02  7.007e-02 

./a.out : Residual1 = 7.105427e-15 Residual2 = 8.881784e-16 Iterations = 217     Iterations1 = 3 Elapsed1 = 0.00 Elapsed2 = 0.00
============================== a.out n=71 s=2 =========================
### Run  ./a.out 71 6 1e-14 2
A:
 2.000e+00 -1.000e+00  0.000e+00  0.000e+00  0.000e+00  0.000e+00 
-1.000e+00  2.000e+00 -1.000e+00  0.000e+00  0.000e+00  0.000e+00 
 0.000e+00 -1.000e+00  2.000e+00 -1.000e+00  0.000e+00  0.000e+00 
 0.000e+00  0.000e+00 -1.000e+00  2.000e+00 -1.000e+00  0.000e+00 
 0.000e+00  0.000e+00  0.000e+00 -1.000e+00  2.000e+00 -1.000e+00 
 0.000e+00  0.000e+00  0.000e+00  0.000e+00 -1.000e+00  2.000e+00 


lambda:
 7.611e-03  1.904e-03  1.711e-02  3.038e-02  4.741e-02  6.815e-02 

./a.out : Residual1 = 7.105427e-15 Residual2 = 8.881784e-16 Iterations = 215     Iterations1 = 3 Elapsed1 = 0.00 Elapsed2 = 0.00
============================== a.out n=72 s=2 =========================
### Run  ./a.out 72 6 1e-14 2
A:
 2.000e+00 -1.000e+00  0.000e+00  0.000e+00  0.000e+00  0.000e+00 
-1.000e+00  2.000e+00 -1.000e+00  0.000e+00  0.000e+00  0.000e+00 
 0.000e+00 -1.000e+00  2.000e+00 -1.000e+00  0.000e+00  0.000e+00 
 0.000e+00  0.000e+00 -1.000e+00  2.000e+00 -1.000e+00  0.000e+00 
 0.000e+00  0.000e+00  0.000e+00 -1.000e+00  2.000e+00 -1.000e+00 
 0.000e+00  0.000e+00  0.000e+00  0.000e+00 -1.000e+00  2.000e+00 


lambda:
 7.404e-03  1.852e-03  1.665e-02  2.956e-02  4.612e-02  6.630e-02 

./a.out : Residual1 = 7.105427e-15 Residual2 = 0.000000e+00 Iterations = 225     Iterations1 = 3 Elapsed1 = 0.00 Elapsed2 = 0.00
============================== a.out n=73 s=2 =========================
### Run  ./a.out 73 6 1e-14 2
A:
 2.000e+00 -1.000e+00  0.000e+00  0.000e+00  0.000e+00  0.000e+00 
-1.000e+00  2.000e+00 -1.000e+00  0.000e+00  0.000e+00  0.000e+00 
 0.000e+00 -1.000e+00  2.000e+00 -1.000e+00  0.000e+00  0.000e+00 
 0.000e+00  0.000e+00 -1.000e+00  2.000e+00 -1.000e+00  0.000e+00 
 0.000e+00  0.000e+00  0.000e+00 -1.000e+00  2.000e+00 -1.000e+00 
 0.000e+00  0.000e+00  0.000e+00  0.000e+00 -1.000e+00  2.000e+00 


lambda:
 7.205e-03  1.802e-03  1.620e-02  2.877e-02  4.489e-02  6.453e-02 

./a.out : Residual1 = 2.131628e-14 Residual2 = 8.881784e-16 Iterations = 217     Iterations1 = 2 Elapsed1 = 0.00 Elapsed2 = 0.00
============================== a.out n=74 s=2 =========================
### Run  ./a.out 74 6 1e-14 2
A:
 2.000e+00 -1.000e+00  0.000e+00  0.000e+00  0.000e+00  0.000e+00 
-1.000e+00  2.000e+00 -1.000e+00  0.000e+00  0.000e+00  0.000e+00 
 0.000e+00 -1.000e+00  2.000e+00 -1.000e+00  0.000e+00  0.000e+00 
 0.000e+00  0.000e+00 -1.000e+00  2.000e+00 -1.000e+00  0.000e+00 
 0.000e+00  0.000e+00  0.000e+00 -1.000e+00  2.000e+00 -1.000e+00 
 0.000e+00  0.000e+00  0.000e+00  0.000e+00 -1.000e+00  2.000e+00 


lambda:
 7.014e-03  1.754e-03  1.577e-02  2.801e-02  4.370e-02  6.283e-02 

./a.out : Residual1 = 1.421085e-14 Residual2 = 0.000000e+00 Iterations = 223     Iterations1 = 3 Elapsed1 = 0.00 Elapsed2 = 0.00
============================== a.out n=75 s=2 =========================
### Run  ./a.out 75 6 1e-14 2
A:
 2.000e+00 -1.000e+00  0.000e+00  0.000e+00  0.000e+00  0.000e+00 
-1.000e+00  2.000e+00 -1.000e+00  0.000e+00  0.000e+00  0.000e+00 
 0.000e+00 -1.000e+00  2.000e+00 -1.000e+00  0.000e+00  0.000e+00 
 0.000e+00  0.000e+00 -1.000e+00  2.000e+00 -1.000e+00  0.000e+00 
 0.000e+00  0.000e+00  0.000e+00 -1.000e+00  2.000e+00 -1.000e+00 
 0.000e+00  0.000e+00  0.000e+00  0.000e+00 -1.000e+00  2.000e+00 


lambda:
 6.831e-03  1.708e-03  1.536e-02  2.728e-02  4.257e-02  6.120e-02 

./a.out : Residual1 = 1.421085e-14 Residual2 = 8.881784e-16 Iterations = 229     Iterations1 = 3 Elapsed1 = 0.00 Elapsed2 = 0.00
============================== a.out n=76 s=2 =========================
### Run  ./a.out 76 6 1e-14 2
A:
 2.000e+00 -1.000e+00  0.000e+00  0.000e+00  0.000e+00  0.000e+00 
-1.000e+00  2.000e+00 -1.000e+00  0.000e+00  0.000e+00  0.000e+00 
 0.000e+00 -1.000e+00  2.000e+00 -1.000e+00  0.000e+00  0.000e+00 
 0.000e+00  0.000e+00 -1.000e+00  2.000e+00 -1.000e+00  0.000e+00 
 0.000e+00  0.000e+00  0.000e+00 -1.000e+00  2.000e+00 -1.000e+00 
 0.000e+00  0.000e+00  0.000e+00  0.000e+00 -1.000e+00  2.000e+00 


lambda:
 6.655e-03  1.664e-03  1.496e-02  2.658e-02  4.147e-02  5.963e-02 

./a.out : Residual1 = 7.105427e-15 Residual2 = 8.881784e-16 Iterations = 235     Iterations1 = 3 Elapsed1 = 0.00 Elapsed2 = 0.00
============================== a.out n=77 s=2 =========================
### Run  ./a.out 77 6 1e-14 2
A:
 2.000e+00 -1.000e+00  0.000e+00  0.000e+00  0.000e+00  0.000e+00 
-1.000e+00  2.000e+00 -1.000e+00  0.000e+00  0.000e+00  0.000e+00 
 0.000e+00 -1.000e+00  2.000e+00 -1.000e+00  0.000e+00  0.000e+00 
 0.000e+00  0.000e+00 -1.000e+00  2.000e+00 -1.000e+00  0.000e+00 
 0.000e+00  0.000e+00  0.000e+00 -1.000e+00  2.000e+00 -1.000e+00 
 0.000e+00  0.000e+00  0.000e+00  0.000e+00 -1.000e+00  2.000e+00 


lambda:
 6.485e-03  1.622e-03  1.458e-02  2.590e-02  4.042e-02  5.812e-02 

./a.out : Residual1 = 0.000000e+00 Residual2 = 0.000000e+00 Iterations = 234     Iterations1 = 3 Elapsed1 = 0.00 Elapsed2 = 0.00
============================== a.out n=78 s=2 =========================
### Run  ./a.out 78 6 1e-14 2
A:
 2.000e+00 -1.000e+00  0.000e+00  0.000e+00  0.000e+00  0.000e+00 
-1.000e+00  2.000e+00 -1.000e+00  0.000e+00  0.000e+00  0.000e+00 
 0.000e+00 -1.000e+00  2.000e+00 -1.000e+00  0.000e+00  0.000e+00 
 0.000e+00  0.000e+00 -1.000e+00  2.000e+00 -1.000e+00  0.000e+00 
 0.000e+00  0.000e+00  0.000e+00 -1.000e+00  2.000e+00 -1.000e+00 
 0.000e+00  0.000e+00  0.000e+00  0.000e+00 -1.000e+00  2.000e+00 


lambda:
 6.322e-03  1.581e-03  1.422e-02  2.525e-02  3.941e-02  5.666e-02 

./a.out : Residual1 = 7.105427e-15 Residual2 = 0.000000e+00 Iterations = 240     Iterations1 = 3 Elapsed1 = 0.00 Elapsed2 = 0.00
============================== a.out n=79 s=2 =========================
### Run  ./a.out 79 6 1e-14 2
A:
 2.000e+00 -1.000e+00  0.000e+00  0.000e+00  0.000e+00  0.000e+00 
-1.000e+00  2.000e+00 -1.000e+00  0.000e+00  0.000e+00  0.000e+00 
 0.000e+00 -1.000e+00  2.000e+00 -1.000e+00  0.000e+00  0.000e+00 
 0.000e+00  0.000e+00 -1.000e+00  2.000e+00 -1.000e+00  0.000e+00 
 0.000e+00  0.000e+00  0.000e+00 -1.000e+00  2.000e+00 -1.000e+00 
 0.000e+00  0.000e+00  0.000e+00  0.000e+00 -1.000e+00  2.000e+00 


lambda:
 6.165e-03  1.542e-03  1.386e-02  2.462e-02  3.843e-02  5.526e-02 

./a.out : Residual1 = 0.000000e+00 Residual2 = 0.000000e+00 Iterations = 236     Iterations1 = 2 Elapsed1 = 0.00 Elapsed2 = 0.00
============================== a.out n=80 s=2 =========================
### Run  ./a.out 80 6 1e-14 2
A:
 2.000e+00 -1.000e+00  0.000e+00  0.000e+00  0.000e+00  0.000e+00 
-1.000e+00  2.000e+00 -1.000e+00  0.000e+00  0.000e+00  0.000e+00 
 0.000e+00 -1.000e+00  2.000e+00 -1.000e+00  0.000e+00  0.000e+00 
 0.000e+00  0.000e+00 -1.000e+00  2.000e+00 -1.000e+00  0.000e+00 
 0.000e+00  0.000e+00  0.000e+00 -1.000e+00  2.000e+00 -1.000e+00 
 0.000e+00  0.000e+00  0.000e+00  0.000e+00 -1.000e+00  2.000e+00 


lambda:
 6.014e-03  1.504e-03  1.352e-02  2.402e-02  3.749e-02  5.391e-02 

./a.out : Residual1 = 7.105427e-15 Residual2 = 8.881784e-16 Iterations = 233     Iterations1 = 2 Elapsed1 = 0.00 Elapsed2 = 0.00
============================== a.out n=81 s=2 =========================
### Run  ./a.out 81 6 1e-14 2
A:
 2.000e+00 -1.000e+00  0.000e+00  0.000e+00  0.000e+00  0.000e+00 
-1.000e+00  2.000e+00 -1.000e+00  0.000e+00  0.000e+00  0.000e+00 
 0.000e+00 -1.000e+00  2.000e+00 -1.000e+00  0.000e+00  0.000e+00 
 0.000e+00  0.000e+00 -1.000e+00  2.000e+00 -1.000e+00  0.000e+00 
 0.000e+00  0.000e+00  0.000e+00 -1.000e+00  2.000e+00 -1.000e+00 
 0.000e+00  0.000e+00  0.000e+00  0.000e+00 -1.000e+00  2.000e+00 


lambda:
 5.868e-03  1.468e-03  1.320e-02  2.344e-02  3.658e-02  5.261e-02 

./a.out : Residual1 = 1.421085e-14 Residual2 = 0.000000e+00 Iterations = 242     Iterations1 = 2 Elapsed1 = 0.00 Elapsed2 = 0.00
============================== a.out n=82 s=2 =========================
### Run  ./a.out 82 6 1e-14 2
A:
 2.000e+00 -1.000e+00  0.000e+00  0.000e+00  0.000e+00  0.000e+00 
-1.000e+00  2.000e+00 -1.000e+00  0.000e+00  0.000e+00  0.000e+00 
 0.000e+00 -1.000e+00  2.000e+00 -1.000e+00  0.000e+00  0.000e+00 
 0.000e+00  0.000e+00 -1.000e+00  2.000e+00 -1.000e+00  0.000e+00 
 0.000e+00  0.000e+00  0.000e+00 -1.000e+00  2.000e+00 -1.000e+00 
 0.000e+00  0.000e+00  0.000e+00  0.000e+00 -1.000e+00  2.000e+00 


lambda:
 5.728e-03  1.432e-03  1.288e-02  2.288e-02  3.571e-02  5.135e-02 

./a.out : Residual1 = 3.552714e-14 Residual2 = 1.776357e-15 Iterations = 251     Iterations1 = 3 Elapsed1 = 0.00 Elapsed2 = 0.00
============================== a.out n=83 s=2 =========================
### Run  ./a.out 83 6 1e-14 2
A:
 2.000e+00 -1.000e+00  0.000e+00  0.000e+00  0.000e+00  0.000e+00 
-1.000e+00  2.000e+00 -1.000e+00  0.000e+00  0.000e+00  0.000e+00 
 0.000e+00 -1.000e+00  2.000e+00 -1.000e+00  0.000e+00  0.000e+00 
 0.000e+00  0.000e+00 -1.000e+00  2.000e+00 -1.000e+00  0.000e+00 
 0.000e+00  0.000e+00  0.000e+00 -1.000e+00  2.000e+00 -1.000e+00 
 0.000e+00  0.000e+00  0.000e+00  0.000e+00 -1.000e+00  2.000e+00 


lambda:
 5.592e-03  1.399e-03  1.258e-02  2.234e-02  3.487e-02  5.014e-02 

./a.out : Residual1 = 2.131628e-14 Residual2 = 8.881784e-16 Iterations = 250     Iterations1 = 3 Elapsed1 = 0.00 Elapsed2 = 0.00
============================== a.out n=84 s=2 =========================
### Run  ./a.out 84 6 1e-14 2
A:
 2.000e+00 -1.000e+00  0.000e+00  0.000e+00  0.000e+00  0.000e+00 
-1.000e+00  2.000e+00 -1.000e+00  0.000e+00  0.000e+00  0.000e+00 
 0.000e+00 -1.000e+00  2.000e+00 -1.000e+00  0.000e+00  0.000e+00 
 0.000e+00  0.000e+00 -1.000e+00  2.000e+00 -1.000e+00  0.000e+00 
 0.000e+00  0.000e+00  0.000e+00 -1.000e+00  2.000e+00 -1.000e+00 
 0.000e+00  0.000e+00  0.000e+00  0.000e+00 -1.000e+00  2.000e+00 


lambda:
 5.462e-03  1.366e-03  1.228e-02  2.182e-02  3.405e-02  4.898e-02 

./a.out : Residual1 = 3.552714e-14 Residual2 = 0.000000e+00 Iterations = 251     Iterations1 = 2 Elapsed1 = 0.00 Elapsed2 = 0.00
============================== a.out n=85 s=2 =========================
### Run  ./a.out 85 6 1e-14 2
A:
 2.000e+00 -1.000e+00  0.000e+00  0.000e+00  0.000e+00  0.000e+00 
-1.000e+00  2.000e+00 -1.000e+00  0.000e+00  0.000e+00  0.000e+00 
 0.000e+00 -1.000e+00  2.000e+00 -1.000e+00  0.000e+00  0.000e+00 
 0.000e+00  0.000e+00 -1.000e+00  2.000e+00 -1.000e+00  0.000e+00 
 0.000e+00  0.000e+00  0.000e+00 -1.000e+00  2.000e+00 -1.000e+00 
 0.000e+00  0.000e+00  0.000e+00  0.000e+00 -1.000e+00  2.000e+00 


lambda:
 5.335e-03  1.334e-03  1.200e-02  2.131e-02  3.327e-02  4.785e-02 

./a.out : Residual1 = 2.131628e-14 Residual2 = 8.881784e-16 Iterations = 265     Iterations1 = 3 Elapsed1 = 0.00 Elapsed2 = 0.00
============================== a.out n=86 s=2 =========================
### Run  ./a.out 86 6 1e-14 2
A:
 2.000e+00 -1.000e+00  0.000e+00  0.000e+00  0.000e+00  0.000e+00 
-1.000e+00  2.000e+00 -1.000e+00  0.000e+00  0.000e+00  0.000e+00 
 0.000e+00 -1.000e+00  2.000e+00 -1.000e+00  0.000e+00  0.000e+00 
 0.000e+00  0.000e+00 -1.000e+00  2.000e+00 -1.000e+00  0.000e+00 
 0.000e+00  0.000e+00  0.000e+00 -1.000e+00  2.000e+00 -1.000e+00 
 0.000e+00  0.000e+00  0.000e+00  0.000e+00 -1.000e+00  2.000e+00 


lambda:
 5.214e-03  1.304e-03  1.172e-02  2.083e-02  3.251e-02  4.676e-02 

./a.out : Residual1 = 1.421085e-14 Residual2 = 8.881784e-16 Iterations = 261     Iterations1 = 3 Elapsed1 = 0.00 Elapsed2 = 0.00
============================== a.out n=87 s=2 =========================
### Run  ./a.out 87 6 1e-14 2
A:
 2.000e+00 -1.000e+00  0.000e+00  0.000e+00  0.000e+00  0.000e+00 
-1.000e+00  2.000e+00 -1.000e+00  0.000e+00  0.000e+00  0.000e+00 
 0.000e+00 -1.000e+00  2.000e+00 -1.000e+00  0.000e+00  0.000e+00 
 0.000e+00  0.000e+00 -1.000e+00  2.000e+00 -1.000e+00  0.000e+00 
 0.000e+00  0.000e+00  0.000e+00 -1.000e+00  2.000e+00 -1.000e+00 
 0.000e+00  0.000e+00  0.000e+00  0.000e+00 -1.000e+00  2.000e+00 


lambda:
 5.096e-03  1.274e-03  1.146e-02  2.036e-02  3.178e-02  4.571e-02 

./a.out : Residual1 = 2.131628e-14 Residual2 = 8.881784e-16 Iterations = 266     Iterations1 = 3 Elapsed1 = 0.00 Elapsed2 = 0.00
============================== a.out n=88 s=2 =========================
### Run  ./a.out 88 6 1e-14 2
A:
 2.000e+00 -1.000e+00  0.000e+00  0.000e+00  0.000e+00  0.000e+00 
-1.000e+00  2.000e+00 -1.000e+00  0.000e+00  0.000e+00  0.000e+00 
 0.000e+00 -1.000e+00  2.000e+00 -1.000e+00  0.000e+00  0.000e+00 
 0.000e+00  0.000e+00 -1.000e+00  2.000e+00 -1.000e+00  0.000e+00 
 0.000e+00  0.000e+00  0.000e+00 -1.000e+00  2.000e+00 -1.000e+00 
 0.000e+00  0.000e+00  0.000e+00  0.000e+00 -1.000e+00  2.000e+00 


lambda:
 4.982e-03  1.246e-03  1.120e-02  1.990e-02  3.107e-02  4.469e-02 

./a.out : Residual1 = 1.421085e-14 Residual2 = 0.000000e+00 Iterations = 264     Iterations1 = 3 Elapsed1 = 0.00 Elapsed2 = 0.00
============================== a.out n=89 s=2 =========================
### Run  ./a.out 89 6 1e-14 2
A:
 2.000e+00 -1.000e+00  0.000e+00  0.000e+00  0.000e+00  0.000e+00 
-1.000e+00  2.000e+00 -1.000e+00  0.000e+00  0.000e+00  0.000e+00 
 0.000e+00 -1.000e+00  2.000e+00 -1.000e+00  0.000e+00  0.000e+00 
 0.000e+00  0.000e+00 -1.000e+00  2.000e+00 -1.000e+00  0.000e+00 
 0.000e+00  0.000e+00  0.000e+00 -1.000e+00  2.000e+00 -1.000e+00 
 0.000e+00  0.000e+00  0.000e+00  0.000e+00 -1.000e+00  2.000e+00 


lambda:
 4.872e-03  1.218e-03  1.096e-02  1.946e-02  3.038e-02  4.370e-02 

./a.out : Residual1 = 1.421085e-14 Residual2 = 0.000000e+00 Iterations = 264     Iterations1 = 2 Elapsed1 = 0.00 Elapsed2 = 0.00
============================== a.out n=90 s=2 =========================
### Run  ./a.out 90 6 1e-14 2
A:
 2.000e+00 -1.000e+00  0.000e+00  0.000e+00  0.000e+00  0.000e+00 
-1.000e+00  2.000e+00 -1.000e+00  0.000e+00  0.000e+00  0.000e+00 
 0.000e+00 -1.000e+00  2.000e+00 -1.000e+00  0.000e+00  0.000e+00 
 0.000e+00  0.000e+00 -1.000e+00  2.000e+00 -1.000e+00  0.000e+00 
 0.000e+00  0.000e+00  0.000e+00 -1.000e+00  2.000e+00 -1.000e+00 
 0.000e+00  0.000e+00  0.000e+00  0.000e+00 -1.000e+00  2.000e+00 


lambda:
 4.765e-03  1.192e-03  1.072e-02  1.904e-02  2.972e-02  4.275e-02 

./a.out : Residual1 = 7.105427e-15 Residual2 = 0.000000e+00 Iterations = 272     Iterations1 = 3 Elapsed1 = 0.00 Elapsed2 = 0.00
============================== a.out n=91 s=2 =========================
### Run  ./a.out 91 6 1e-14 2
A:
 2.000e+00 -1.000e+00  0.000e+00  0.000e+00  0.000e+00  0.000e+00 
-1.000e+00  2.000e+00 -1.000e+00  0.000e+00  0.000e+00  0.000e+00 
 0.000e+00 -1.000e+00  2.000e+00 -1.000e+00  0.000e+00  0.000e+00 
 0.000e+00  0.000e+00 -1.000e+00  2.000e+00 -1.000e+00  0.000e+00 
 0.000e+00  0.000e+00  0.000e+00 -1.000e+00  2.000e+00 -1.000e+00 
 0.000e+00  0.000e+00  0.000e+00  0.000e+00 -1.000e+00  2.000e+00 


lambda:
 4.662e-03  1.166e-03  1.049e-02  1.863e-02  2.908e-02  4.183e-02 

./a.out : Residual1 = 3.552714e-14 Residual2 = 0.000000e+00 Iterations = 279     Iterations1 = 3 Elapsed1 = 0.00 Elapsed2 = 0.00
============================== a.out n=92 s=2 =========================
### Run  ./a.out 92 6 1e-14 2
A:
 2.000e+00 -1.000e+00  0.000e+00  0.000e+00  0.000e+00  0.000e+00 
-1.000e+00  2.000e+00 -1.000e+00  0.000e+00  0.000e+00  0.000e+00 
 0.000e+00 -1.000e+00  2.000e+00 -1.000e+00  0.000e+00  0.000e+00 
 0.000e+00  0.000e+00 -1.000e+00  2.000e+00 -1.000e+00  0.000e+00 
 0.000e+00  0.000e+00  0.000e+00 -1.000e+00  2.000e+00 -1.000e+00 
 0.000e+00  0.000e+00  0.000e+00  0.000e+00 -1.000e+00  2.000e+00 


lambda:
 4.563e-03  1.141e-03  1.026e-02  1.823e-02  2.846e-02  4.094e-02 

./a.out : Residual1 = 7.105427e-15 Residual2 = 0.000000e+00 Iterations = 280     Iterations1 = 3 Elapsed1 = 0.00 Elapsed2 = 0.00
============================== a.out n=93 s=2 =========================
### Run  ./a.out 93 6 1e-14 2
A:
 2.000e+00 -1.000e+00  0.000e+00  0.000e+00  0.000e+00  0.000e+00 
-1.000e+00  2.000e+00 -1.000e+00  0.000e+00  0.000e+00  0.000e+00 
 0.000e+00 -1.000e+00  2.000e+00 -1.000e+00  0.000e+00  0.000e+00 
 0.000e+00  0.000e+00 -1.000e+00  2.000e+00 -1.000e+00  0.000e+00 
 0.000e+00  0.000e+00  0.000e+00 -1.000e+00  2.000e+00 -1.000e+00 
 0.000e+00  0.000e+00  0.000e+00  0.000e+00 -1.000e+00  2.000e+00 


lambda:
 4.466e-03  1.117e-03  1.004e-02  1.785e-02  2.786e-02  4.008e-02 

./a.out : Residual1 = 7.105427e-15 Residual2 = 8.881784e-16 Iterations = 278     Iterations1 = 2 Elapsed1 = 0.00 Elapsed2 = 0.00
============================== a.out n=94 s=2 =========================
### Run  ./a.out 94 6 1e-14 2
A:
 2.000e+00 -1.000e+00  0.000e+00  0.000e+00  0.000e+00  0.000e+00 
-1.000e+00  2.000e+00 -1.000e+00  0.000e+00  0.000e+00  0.000e+00 
 0.000e+00 -1.000e+00  2.000e+00 -1.000e+00  0.000e+00  0.000e+00 
 0.000e+00  0.000e+00 -1.000e+00  2.000e+00 -1.000e+00  0.000e+00 
 0.000e+00  0.000e+00  0.000e+00 -1.000e+00  2.000e+00 -1.000e+00 
 0.000e+00  0.000e+00  0.000e+00  0.000e+00 -1.000e+00  2.000e+00 


lambda:
 4.373e-03  1.093e-03  9.834e-03  1.747e-02  2.728e-02  3.924e-02 

./a.out : Residual1 = 7.105427e-15 Residual2 = 0.000000e+00 Iterations = 285     Iterations1 = 3 Elapsed1 = 0.00 Elapsed2 = 0.00
============================== a.out n=95 s=2 =========================
### Run  ./a.out 95 6 1e-14 2
A:
 2.000e+00 -1.000e+00  0.000e+00  0.000e+00  0.000e+00  0.000e+00 
-1.000e+00  2.000e+00 -1.000e+00  0.000e+00  0.000e+00  0.000e+00 
 0.000e+00 -1.000e+00  2.000e+00 -1.000e+00  0.000e+00  0.000e+00 
 0.000e+00  0.000e+00 -1.000e+00  2.000e+00 -1.000e+00  0.000e+00 
 0.000e+00  0.000e+00  0.000e+00 -1.000e+00  2.000e+00 -1.000e+00 
 0.000e+00  0.000e+00  0.000e+00  0.000e+00 -1.000e+00  2.000e+00 


lambda:
 4.282e-03  1.071e-03  9.631e-03  1.711e-02  2.671e-02  3.843e-02 

./a.out : Residual1 = 1.421085e-14 Residual2 = 0.000000e+00 Iterations = 283     Iterations1 = 2 Elapsed1 = 0.00 Elapsed2 = 0.00
============================== a.out n=96 s=2 =========================
### Run  ./a.out 96 6 1e-14 2
A:
 2.000e+00 -1.000e+00  0.000e+00  0.000e+00  0.000e+00  0.000e+00 
-1.000e+00  2.000e+00 -1.000e+00  0.000e+00  0.000e+00  0.000e+00 
 0.000e+00 -1.000e+00  2.000e+00 -1.000e+00  0.000e+00  0.000e+00 
 0.000e+00  0.000e+00 -1.000e+00  2.000e+00 -1.000e+00  0.000e+00 
 0.000e+00  0.000e+00  0.000e+00 -1.000e+00  2.000e+00 -1.000e+00 
 0.000e+00  0.000e+00  0.000e+00  0.000e+00 -1.000e+00  2.000e+00 


lambda:
 4.194e-03  1.049e-03  9.433e-03  1.676e-02  2.617e-02  3.764e-02 

./a.out : Residual1 = 2.131628e-14 Residual2 = 0.000000e+00 Iterations = 282     Iterations1 = 2 Elapsed1 = 0.00 Elapsed2 = 0.00
============================== a.out n=97 s=2 =========================
### Run  ./a.out 97 6 1e-14 2
A:
 2.000e+00 -1.000e+00  0.000e+00  0.000e+00  0.000e+00  0.000e+00 
-1.000e+00  2.000e+00 -1.000e+00  0.000e+00  0.000e+00  0.000e+00 
 0.000e+00 -1.000e+00  2.000e+00 -1.000e+00  0.000e+00  0.000e+00 
 0.000e+00  0.000e+00 -1.000e+00  2.000e+00 -1.000e+00  0.000e+00 
 0.000e+00  0.000e+00  0.000e+00 -1.000e+00  2.000e+00 -1.000e+00 
 0.000e+00  0.000e+00  0.000e+00  0.000e+00 -1.000e+00  2.000e+00 


lambda:
 4.109e-03  1.028e-03  9.242e-03  1.642e-02  2.564e-02  3.688e-02 

./a.out : Residual1 = 4.263256e-14 Residual2 = 8.881784e-16 Iterations = 285     Iterations1 = 2 Elapsed1 = 0.00 Elapsed2 = 0.00
============================== a.out n=98 s=2 =========================
### Run  ./a.out 98 6 1e-14 2
A:
 2.000e+00 -1.000e+00  0.000e+00  0.000e+00  0.000e+00  0.000e+00 
-1.000e+00  2.000e+00 -1.000e+00  0.000e+00  0.000e+00  0.000e+00 
 0.000e+00 -1.000e+00  2.000e+00 -1.000e+00  0.000e+00  0.000e+00 
 0.000e+00  0.000e+00 -1.000e+00  2.000e+00 -1.000e+00  0.000e+00 
 0.000e+00  0.000e+00  0.000e+00 -1.000e+00  2.000e+00 -1.000e+00 
 0.000e+00  0.000e+00  0.000e+00  0.000e+00 -1.000e+00  2.000e+00 


lambda:
 4.027e-03  1.007e-03  9.056e-03  1.609e-02  2.512e-02  3.614e-02 

./a.out : Residual1 = 3.552714e-14 Residual2 = 1.776357e-15 Iterations = 292     Iterations1 = 2 Elapsed1 = 0.00 Elapsed2 = 0.00
============================== a.out n=99 s=2 =========================
### Run  ./a.out 99 6 1e-14 2
A:
 2.000e+00 -1.000e+00  0.000e+00  0.000e+00  0.000e+00  0.000e+00 
-1.000e+00  2.000e+00 -1.000e+00  0.000e+00  0.000e+00  0.000e+00 
 0.000e+00 -1.000e+00  2.000e+00 -1.000e+00  0.000e+00  0.000e+00 
 0.000e+00  0.000e+00 -1.000e+00  2.000e+00 -1.000e+00  0.000e+00 
 0.000e+00  0.000e+00  0.000e+00 -1.000e+00  2.000e+00 -1.000e+00 
 0.000e+00  0.000e+00  0.000e+00  0.000e+00 -1.000e+00  2.000e+00 


lambda:
 3.947e-03  9.869e-04  8.876e-03  1.577e-02  2.462e-02  3.543e-02 

./a.out : Residual1 = 2.842171e-14 Residual2 = 8.881784e-16 Iterations = 291     Iterations1 = 2 Elapsed1 = 0.00 Elapsed2 = 0.00
============================== a.out n=100 s=2 =========================
### Run  ./a.out 100 6 1e-14 2
A:
 2.000e+00 -1.000e+00  0.000e+00  0.000e+00  0.000e+00  0.000e+00 
-1.000e+00  2.000e+00 -1.000e+00  0.000e+00  0.000e+00  0.000e+00 
 0.000e+00 -1.000e+00  2.000e+00 -1.000e+00  0.000e+00  0.000e+00 
 0.000e+00  0.000e+00 -1.000e+00  2.000e+00 -1.000e+00  0.000e+00 
 0.000e+00  0.000e+00  0.000e+00 -1.000e+00  2.000e+00 -1.000e+00 
 0.000e+00  0.000e+00  0.000e+00  0.000e+00 -1.000e+00  2.000e+00 


lambda:
 3.869e-03  9.674e-04  8.701e-03  1.546e-02  2.414e-02  3.473e-02 

./a.out : Residual1 = 2.131628e-14 Residual2 = 0.000000e+00 Iterations = 305     Iterations1 = 3 Elapsed1 = 0.00 Elapsed2 = 0.00
============================== a.out n=1 s=3 =========================
### Run  ./a.out 1 6 1e-14 3
A:
 0.000e+00 


lambda:
 0.000e+00 

./a.out : Residual1 = -nan Residual2 = -nan Iterations = 0     Iterations1 = 0 Elapsed1 = 0.00 Elapsed2 = 0.00
============================== a.out n=2 s=3 =========================
### Run  ./a.out 2 6 1e-14 3
A:
 1.000e+00  0.000e+00 
 0.000e+00  1.000e+00 


lambda:
 1.000e+00  1.000e+00 

./a.out : Residual1 = 0.000000e+00 Residual2 = 0.000000e+00 Iterations = 0     Iterations1 = 0 Elapsed1 = 0.00 Elapsed2 = 0.00
============================== a.out n=3 s=3 =========================
### Run  ./a.out 3 6 1e-14 3
A:
 1.000e+00  0.000e+00  0.000e+00 
 0.000e+00  1.000e+00  1.000e+00 
 0.000e+00  1.000e+00  2.000e+00 


lambda:
 1.000e+00  3.820e-01  2.618e+00 

./a.out : Residual1 = 0.000000e+00 Residual2 = 0.000000e+00 Iterations = 4     Iterations1 = 1 Elapsed1 = 0.00 Elapsed2 = 0.00
============================== a.out n=4 s=3 =========================
### Run  ./a.out 4 6 1e-14 3
A:
 1.000e+00  0.000e+00  0.000e+00  0.000e+00 
 0.000e+00  1.000e+00  0.000e+00  1.000e+00 
 0.000e+00  0.000e+00  1.000e+00  2.000e+00 
 0.000e+00  1.000e+00  2.000e+00  3.000e+00 


lambda:
 4.449e+00  1.000e+00 -4.495e-01  1.000e+00 

./a.out : Residual1 = 2.960595e-16 Residual2 = 1.480297e-16 Iterations = 10     Iterations1 = 2 Elapsed1 = 0.00 Elapsed2 = 0.00
============================== a.out n=5 s=3 =========================
### Run  ./a.out 5 6 1e-14 3
A:
 1.000e+00  0.000e+00  0.000e+00  0.000e+00  0.000e+00 
 0.000e+00  1.000e+00  0.000e+00  0.000e+00  1.000e+00 
 0.000e+00  0.000e+00  1.000e+00  0.000e+00  2.000e+00 
 0.000e+00  0.000e+00  0.000e+00  1.000e+00  3.000e+00 
 0.000e+00  1.000e+00  2.000e+00  3.000e+00  4.000e+00 


lambda:
 6.531e+00  1.000e+00 -1.531e+00  1.000e+00  1.000e+00 

./a.out : Residual1 = 0.000000e+00 Residual2 = 1.776357e-16 Iterations = 12     Iterations1 = 2 Elapsed1 = 0.00 Elapsed2 = 0.00
============================== a.out n=6 s=3 =========================
### Run  ./a.out 6 6 1e-14 3
A:
 1.000e+00  0.000e+00  0.000e+00  0.000e+00  0.000e+00  0.000e+00 
 0.000e+00  1.000e+00  0.000e+00  0.000e+00  0.000e+00  1.000e+00 
 0.000e+00  0.000e+00  1.000e+00  0.000e+00  0.000e+00  2.000e+00 
 0.000e+00  0.000e+00  0.000e+00  1.000e+00  0.000e+00  3.000e+00 
 0.000e+00  0.000e+00  0.000e+00  0.000e+00  1.000e+00  4.000e+00 
 0.000e+00  1.000e+00  2.000e+00  3.000e+00  4.000e+00  5.000e+00 


lambda:
-2.831e+00  1.000e+00  1.000e+00  8.831e+00  1.000e+00  1.000e+00 

./a.out : Residual1 = 3.552714e-16 Residual2 = 1.184238e-16 Iterations = 11     Iterations1 = 1 Elapsed1 = 0.00 Elapsed2 = 0.00
============================== a.out n=7 s=3 =========================
### Run  ./a.out 7 6 1e-14 3
A:
 1.000e+00  0.000e+00  0.000e+00  0.000e+00  0.000e+00  0.000e+00 
 0.000e+00  1.000e+00  0.000e+00  0.000e+00  0.000e+00  0.000e+00 
 0.000e+00  0.000e+00  1.000e+00  0.000e+00  0.000e+00  0.000e+00 
 0.000e+00  0.000e+00  0.000e+00  1.000e+00  0.000e+00  0.000e+00 
 0.000e+00  0.000e+00  0.000e+00  0.000e+00  1.000e+00  0.000e+00 
 0.000e+00  0.000e+00  0.000e+00  0.000e+00  0.000e+00  1.000e+00 


lambda:
-4.326e+00  1.000e+00  1.000e+00  1.133e+01  1.000e+00  1.000e+00 

./a.out : Residual1 = 4.229421e-16 Residual2 = 0.000000e+00 Iterations = 10     Iterations1 = 1 Elapsed1 = 0.00 Elapsed2 = 0.00
============================== a.out n=8 s=3 =========================
### Run  ./a.out 8 6 1e-14 3
A:
 1.000e+00  0.000e+00  0.000e+00  0.000e+00  0.000e+00  0.000e+00 
 0.000e+00  1.000e+00  0.000e+00  0.000e+00  0.000e+00  0.000e+00 
 0.000e+00  0.000e+00  1.000e+00  0.000e+00  0.000e+00  0.000e+00 
 0.000e+00  0.000e+00  0.000e+00  1.000e+00  0.000e+00  0.000e+00 
 0.000e+00  0.000e+00  0.000e+00  0.000e+00  1.000e+00  0.000e+00 
 0.000e+00  0.000e+00  0.000e+00  0.000e+00  0.000e+00  1.000e+00 


lambda:
-6.000e+00  1.000e+00  1.000e+00  1.400e+01  1.000e+00  1.000e+00 

./a.out : Residual1 = 5.709718e-16 Residual2 = 1.268826e-16 Iterations = 11     Iterations1 = 1 Elapsed1 = 0.00 Elapsed2 = 0.00
============================== a.out n=9 s=3 =========================
### Run  ./a.out 9 6 1e-14 3
A:
 1.000e+00  0.000e+00  0.000e+00  0.000e+00  0.000e+00  0.000e+00 
 0.000e+00  1.000e+00  0.000e+00  0.000e+00  0.000e+00  0.000e+00 
 0.000e+00  0.000e+00  1.000e+00  0.000e+00  0.000e+00  0.000e+00 
 0.000e+00  0.000e+00  0.000e+00  1.000e+00  0.000e+00  0.000e+00 
 0.000e+00  0.000e+00  0.000e+00  0.000e+00  1.000e+00  0.000e+00 
 0.000e+00  0.000e+00  0.000e+00  0.000e+00  0.000e+00  1.000e+00 


lambda:
-7.839e+00  1.000e+00  1.000e+00  1.684e+01  1.000e+00  1.000e+00 

./a.out : Residual1 = 9.868649e-17 Residual2 = 9.868649e-17 Iterations = 12     Iterations1 = 1 Elapsed1 = 0.00 Elapsed2 = 0.00
============================== a.out n=10 s=3 =========================
### Run  ./a.out 10 6 1e-14 3
A:
 1.000e+00  0.000e+00  0.000e+00  0.000e+00  0.000e+00  0.000e+00 
 0.000e+00  1.000e+00  0.000e+00  0.000e+00  0.000e+00  0.000e+00 
 0.000e+00  0.000e+00  1.000e+00  0.000e+00  0.000e+00  0.000e+00 
 0.000e+00  0.000e+00  0.000e+00  1.000e+00  0.000e+00  0.000e+00 
 0.000e+00  0.000e+00  0.000e+00  0.000e+00  1.000e+00  0.000e+00 
 0.000e+00  0.000e+00  0.000e+00  0.000e+00  0.000e+00  1.000e+00 


lambda:
 1.000e+00  1.000e+00 -9.832e+00  1.983e+01  1.000e+00  1.000e+00 

./a.out : Residual1 = 1.578984e-16 Residual2 = 3.157968e-16 Iterations = 13     Iterations1 = 1 Elapsed1 = 0.00 Elapsed2 = 0.00
============================== a.out n=11 s=3 =========================
### Run  ./a.out 11 6 1e-14 3
A:
 1.000e+00  0.000e+00  0.000e+00  0.000e+00  0.000e+00  0.000e+00 
 0.000e+00  1.000e+00  0.000e+00  0.000e+00  0.000e+00  0.000e+00 
 0.000e+00  0.000e+00  1.000e+00  0.000e+00  0.000e+00  0.000e+00 
 0.000e+00  0.000e+00  0.000e+00  1.000e+00  0.000e+00  0.000e+00 
 0.000e+00  0.000e+00  0.000e+00  0.000e+00  1.000e+00  0.000e+00 
 0.000e+00  0.000e+00  0.000e+00  0.000e+00  0.000e+00  1.000e+00 


lambda:
 1.000e+00  1.000e+00 -1.197e+01  2.297e+01  1.000e+00  1.000e+00 

./a.out : Residual1 = 7.105427e-16 Residual2 = 6.459479e-17 Iterations = 12     Iterations1 = 1 Elapsed1 = 0.00 Elapsed2 = 0.00
============================== a.out n=12 s=3 =========================
### Run  ./a.out 12 6 1e-14 3
A:
 1.000e+00  0.000e+00  0.000e+00  0.000e+00  0.000e+00  0.000e+00 
 0.000e+00  1.000e+00  0.000e+00  0.000e+00  0.000e+00  0.000e+00 
 0.000e+00  0.000e+00  1.000e+00  0.000e+00  0.000e+00  0.000e+00 
 0.000e+00  0.000e+00  0.000e+00  1.000e+00  0.000e+00  0.000e+00 
 0.000e+00  0.000e+00  0.000e+00  0.000e+00  1.000e+00  0.000e+00 
 0.000e+00  0.000e+00  0.000e+00  0.000e+00  0.000e+00  1.000e+00 


lambda:
 1.000e+00  1.000e+00 -1.425e+01  2.625e+01  1.000e+00  1.000e+00 

./a.out : Residual1 = 4.306320e-16 Residual2 = 2.691450e-16 Iterations = 11     Iterations1 = 0 Elapsed1 = 0.00 Elapsed2 = 0.00
============================== a.out n=13 s=3 =========================
### Run  ./a.out 13 6 1e-14 3
A:
 1.000e+00  0.000e+00  0.000e+00  0.000e+00  0.000e+00  0.000e+00 
 0.000e+00  1.000e+00  0.000e+00  0.000e+00  0.000e+00  0.000e+00 
 0.000e+00  0.000e+00  1.000e+00  0.000e+00  0.000e+00  0.000e+00 
 0.000e+00  0.000e+00  0.000e+00  1.000e+00  0.000e+00  0.000e+00 
 0.000e+00  0.000e+00  0.000e+00  0.000e+00  1.000e+00  0.000e+00 
 0.000e+00  0.000e+00  0.000e+00  0.000e+00  0.000e+00  1.000e+00 


lambda:
 1.000e+00  1.000e+00 -1.666e+01  2.966e+01  1.000e+00  1.000e+00 

./a.out : Residual1 = 9.109522e-17 Residual2 = 9.109522e-17 Iterations = 11     Iterations1 = 0 Elapsed1 = 0.00 Elapsed2 = 0.00
============================== a.out n=14 s=3 =========================
### Run  ./a.out 14 6 1e-14 3
A:
 1.000e+00  0.000e+00  0.000e+00  0.000e+00  0.000e+00  0.000e+00 
 0.000e+00  1.000e+00  0.000e+00  0.000e+00  0.000e+00  0.000e+00 
 0.000e+00  0.000e+00  1.000e+00  0.000e+00  0.000e+00  0.000e+00 
 0.000e+00  0.000e+00  0.000e+00  1.000e+00  0.000e+00  0.000e+00 
 0.000e+00  0.000e+00  0.000e+00  0.000e+00  1.000e+00  0.000e+00 
 0.000e+00  0.000e+00  0.000e+00  0.000e+00  0.000e+00  1.000e+00 


lambda:
 1.000e+00  1.000e+00 -1.919e+01  3.319e+01  1.000e+00  1.000e+00 

./a.out : Residual1 = 3.123265e-16 Residual2 = 1.561632e-16 Iterations = 11     Iterations1 = 0 Elapsed1 = 0.00 Elapsed2 = 0.00
============================== a.out n=15 s=3 =========================
### Run  ./a.out 15 6 1e-14 3
A:
 1.000e+00  0.000e+00  0.000e+00  0.000e+00  0.000e+00  0.000e+00 
 0.000e+00  1.000e+00  0.000e+00  0.000e+00  0.000e+00  0.000e+00 
 0.000e+00  0.000e+00  1.000e+00  0.000e+00  0.000e+00  0.000e+00 
 0.000e+00  0.000e+00  0.000e+00  1.000e+00  0.000e+00  0.000e+00 
 0.000e+00  0.000e+00  0.000e+00  0.000e+00  1.000e+00  0.000e+00 
 0.000e+00  0.000e+00  0.000e+00  0.000e+00  0.000e+00  1.000e+00 


lambda:
 1.000e+00  1.000e+00 -2.185e+01  3.685e+01  1.000e+00  1.000e+00 

./a.out : Residual1 = 0.000000e+00 Residual2 = 6.767074e-17 Iterations = 11     Iterations1 = 0 Elapsed1 = 0.00 Elapsed2 = 0.00
============================== a.out n=16 s=3 =========================
### Run  ./a.out 16 6 1e-14 3
A:
 1.000e+00  0.000e+00  0.000e+00  0.000e+00  0.000e+00  0.000e+00 
 0.000e+00  1.000e+00  0.000e+00  0.000e+00  0.000e+00  0.000e+00 
 0.000e+00  0.000e+00  1.000e+00  0.000e+00  0.000e+00  0.000e+00 
 0.000e+00  0.000e+00  0.000e+00  1.000e+00  0.000e+00  0.000e+00 
 0.000e+00  0.000e+00  0.000e+00  0.000e+00  1.000e+00  0.000e+00 
 0.000e+00  0.000e+00  0.000e+00  0.000e+00  0.000e+00  1.000e+00 


lambda:
 1.000e+00  1.000e+00 -2.462e+01  4.062e+01  1.000e+00  1.000e+00 

./a.out : Residual1 = 0.000000e+00 Residual2 = 1.776357e-16 Iterations = 11     Iterations1 = 0 Elapsed1 = 0.00 Elapsed2 = 0.00
============================== a.out n=17 s=3 =========================
### Run  ./a.out 17 6 1e-14 3
A:
 1.000e+00  0.000e+00  0.000e+00  0.000e+00  0.000e+00  0.000e+00 
 0.000e+00  1.000e+00  0.000e+00  0.000e+00  0.000e+00  0.000e+00 
 0.000e+00  0.000e+00  1.000e+00  0.000e+00  0.000e+00  0.000e+00 
 0.000e+00  0.000e+00  0.000e+00  1.000e+00  0.000e+00  0.000e+00 
 0.000e+00  0.000e+00  0.000e+00  0.000e+00  1.000e+00  0.000e+00 
 0.000e+00  0.000e+00  0.000e+00  0.000e+00  0.000e+00  1.000e+00 


lambda:
 1.000e+00  1.000e+00 -2.750e+01  4.450e+01  1.000e+00  1.000e+00 

./a.out : Residual1 = 5.224579e-17 Residual2 = 1.044916e-16 Iterations = 11     Iterations1 = 0 Elapsed1 = 0.00 Elapsed2 = 0.00
============================== a.out n=18 s=3 =========================
### Run  ./a.out 18 6 1e-14 3
A:
 1.000e+00  0.000e+00  0.000e+00  0.000e+00  0.000e+00  0.000e+00 
 0.000e+00  1.000e+00  0.000e+00  0.000e+00  0.000e+00  0.000e+00 
 0.000e+00  0.000e+00  1.000e+00  0.000e+00  0.000e+00  0.000e+00 
 0.000e+00  0.000e+00  0.000e+00  1.000e+00  0.000e+00  0.000e+00 
 0.000e+00  0.000e+00  0.000e+00  0.000e+00  1.000e+00  0.000e+00 
 0.000e+00  0.000e+00  0.000e+00  0.000e+00  0.000e+00  1.000e+00 


lambda:
 1.000e+00  1.000e+00 -3.050e+01  4.850e+01  1.000e+00  1.000e+00 

./a.out : Residual1 = 3.715256e-16 Residual2 = 4.644070e-17 Iterations = 11     Iterations1 = 0 Elapsed1 = 0.00 Elapsed2 = 0.00
============================== a.out n=19 s=3 =========================
### Run  ./a.out 19 6 1e-14 3
A:
 1.000e+00  0.000e+00  0.000e+00  0.000e+00  0.000e+00  0.000e+00 
 0.000e+00  1.000e+00  0.000e+00  0.000e+00  0.000e+00  0.000e+00 
 0.000e+00  0.000e+00  1.000e+00  0.000e+00  0.000e+00  0.000e+00 
 0.000e+00  0.000e+00  0.000e+00  1.000e+00  0.000e+00  0.000e+00 
 0.000e+00  0.000e+00  0.000e+00  0.000e+00  1.000e+00  0.000e+00 
 0.000e+00  0.000e+00  0.000e+00  0.000e+00  0.000e+00  1.000e+00 


lambda:
 1.000e+00  1.000e+00 -3.360e+01  5.260e+01  1.000e+00  1.000e+00 

./a.out : Residual1 = 1.246566e-16 Residual2 = 4.155221e-17 Iterations = 11     Iterations1 = 0 Elapsed1 = 0.00 Elapsed2 = 0.00
============================== a.out n=20 s=3 =========================
### Run  ./a.out 20 6 1e-14 3
A:
 1.000e+00  0.000e+00  0.000e+00  0.000e+00  0.000e+00  0.000e+00 
 0.000e+00  1.000e+00  0.000e+00  0.000e+00  0.000e+00  0.000e+00 
 0.000e+00  0.000e+00  1.000e+00  0.000e+00  0.000e+00  0.000e+00 
 0.000e+00  0.000e+00  0.000e+00  1.000e+00  0.000e+00  0.000e+00 
 0.000e+00  0.000e+00  0.000e+00  0.000e+00  1.000e+00  0.000e+00 
 0.000e+00  0.000e+00  0.000e+00  0.000e+00  0.000e+00  1.000e+00 


lambda:
 1.000e+00  1.000e+00 -3.680e+01  5.680e+01  1.000e+00  1.000e+00 

./a.out : Residual1 = 3.739699e-17 Residual2 = 1.495879e-16 Iterations = 10     Iterations1 = 0 Elapsed1 = 0.00 Elapsed2 = 0.00
============================== a.out n=21 s=3 =========================
### Run  ./a.out 21 6 1e-14 3
A:
 1.000e+00  0.000e+00  0.000e+00  0.000e+00  0.000e+00  0.000e+00 
 0.000e+00  1.000e+00  0.000e+00  0.000e+00  0.000e+00  0.000e+00 
 0.000e+00  0.000e+00  1.000e+00  0.000e+00  0.000e+00  0.000e+00 
 0.000e+00  0.000e+00  0.000e+00  1.000e+00  0.000e+00  0.000e+00 
 0.000e+00  0.000e+00  0.000e+00  0.000e+00  1.000e+00  0.000e+00 
 0.000e+00  0.000e+00  0.000e+00  0.000e+00  0.000e+00  1.000e+00 


lambda:
 1.000e+00  1.000e+00 -4.010e+01  6.110e+01  1.000e+00  1.000e+00 

./a.out : Residual1 = 1.015061e-16 Residual2 = 6.767074e-17 Iterations = 10     Iterations1 = 0 Elapsed1 = 0.00 Elapsed2 = 0.00
============================== a.out n=22 s=3 =========================
### Run  ./a.out 22 6 1e-14 3
A:
 1.000e+00  0.000e+00  0.000e+00  0.000e+00  0.000e+00  0.000e+00 
 0.000e+00  1.000e+00  0.000e+00  0.000e+00  0.000e+00  0.000e+00 
 0.000e+00  0.000e+00  1.000e+00  0.000e+00  0.000e+00  0.000e+00 
 0.000e+00  0.000e+00  0.000e+00  1.000e+00  0.000e+00  0.000e+00 
 0.000e+00  0.000e+00  0.000e+00  0.000e+00  1.000e+00  0.000e+00 
 0.000e+00  0.000e+00  0.000e+00  0.000e+00  0.000e+00  1.000e+00 


lambda:
 1.000e+00  1.000e+00 -4.350e+01  6.550e+01  1.000e+00  1.000e+00 

./a.out : Residual1 = 5.536697e-16 Residual2 = 1.845566e-16 Iterations = 10     Iterations1 = 0 Elapsed1 = 0.00 Elapsed2 = 0.00
============================== a.out n=23 s=3 =========================
### Run  ./a.out 23 6 1e-14 3
A:
 1.000e+00  0.000e+00  0.000e+00  0.000e+00  0.000e+00  0.000e+00 
 0.000e+00  1.000e+00  0.000e+00  0.000e+00  0.000e+00  0.000e+00 
 0.000e+00  0.000e+00  1.000e+00  0.000e+00  0.000e+00  0.000e+00 
 0.000e+00  0.000e+00  0.000e+00  1.000e+00  0.000e+00  0.000e+00 
 0.000e+00  0.000e+00  0.000e+00  0.000e+00  1.000e+00  0.000e+00 
 0.000e+00  0.000e+00  0.000e+00  0.000e+00  0.000e+00  1.000e+00 


lambda:
 1.000e+00  1.000e+00 -4.699e+01  6.999e+01  1.000e+00  1.000e+00 

./a.out : Residual1 = 1.123388e-16 Residual2 = 1.123388e-16 Iterations = 10     Iterations1 = 0 Elapsed1 = 0.00 Elapsed2 = 0.00
============================== a.out n=24 s=3 =========================
### Run  ./a.out 24 6 1e-14 3
A:
 1.000e+00  0.000e+00  0.000e+00  0.000e+00  0.000e+00  0.000e+00 
 0.000e+00  1.000e+00  0.000e+00  0.000e+00  0.000e+00  0.000e+00 
 0.000e+00  0.000e+00  1.000e+00  0.000e+00  0.000e+00  0.000e+00 
 0.000e+00  0.000e+00  0.000e+00  1.000e+00  0.000e+00  0.000e+00 
 0.000e+00  0.000e+00  0.000e+00  0.000e+00  1.000e+00  0.000e+00 
 0.000e+00  0.000e+00  0.000e+00  0.000e+00  0.000e+00  1.000e+00 


lambda:
 1.000e+00  1.000e+00 -5.058e+01  7.458e+01  1.000e+00  1.000e+00 

./a.out : Residual1 = 2.574430e-17 Residual2 = 2.059544e-16 Iterations = 9     Iterations1 = 0 Elapsed1 = 0.00 Elapsed2 = 0.00
============================== a.out n=25 s=3 =========================
### Run  ./a.out 25 6 1e-14 3
A:
 1.000e+00  0.000e+00  0.000e+00  0.000e+00  0.000e+00  0.000e+00 
 0.000e+00  1.000e+00  0.000e+00  0.000e+00  0.000e+00  0.000e+00 
 0.000e+00  0.000e+00  1.000e+00  0.000e+00  0.000e+00  0.000e+00 
 0.000e+00  0.000e+00  0.000e+00  1.000e+00  0.000e+00  0.000e+00 
 0.000e+00  0.000e+00  0.000e+00  0.000e+00  1.000e+00  0.000e+00 
 0.000e+00  0.000e+00  0.000e+00  0.000e+00  0.000e+00  1.000e+00 


lambda:
 1.000e+00  1.000e+00 -5.426e+01  7.926e+01  1.000e+00  1.000e+00 

./a.out : Residual1 = 3.552714e-16 Residual2 = 3.315866e-16 Iterations = 9     Iterations1 = 0 Elapsed1 = 0.00 Elapsed2 = 0.00
============================== a.out n=26 s=3 =========================
### Run  ./a.out 26 6 1e-14 3
A:
 1.000e+00  0.000e+00  0.000e+00  0.000e+00  0.000e+00  0.000e+00 
 0.000e+00  1.000e+00  0.000e+00  0.000e+00  0.000e+00  0.000e+00 
 0.000e+00  0.000e+00  1.000e+00  0.000e+00  0.000e+00  0.000e+00 
 0.000e+00  0.000e+00  0.000e+00  1.000e+00  0.000e+00  0.000e+00 
 0.000e+00  0.000e+00  0.000e+00  0.000e+00  1.000e+00  0.000e+00 
 0.000e+00  0.000e+00  0.000e+00  0.000e+00  0.000e+00  1.000e+00 


lambda:
 1.000e+00  1.000e+00 -5.802e+01  8.402e+01  1.000e+00  1.000e+00 

./a.out : Residual1 = 8.745141e-17 Residual2 = 2.186285e-16 Iterations = 9     Iterations1 = 0 Elapsed1 = 0.00 Elapsed2 = 0.00
============================== a.out n=27 s=3 =========================
### Run  ./a.out 27 6 1e-14 3
A:
 1.000e+00  0.000e+00  0.000e+00  0.000e+00  0.000e+00  0.000e+00 
 0.000e+00  1.000e+00  0.000e+00  0.000e+00  0.000e+00  0.000e+00 
 0.000e+00  0.000e+00  1.000e+00  0.000e+00  0.000e+00  0.000e+00 
 0.000e+00  0.000e+00  0.000e+00  1.000e+00  0.000e+00  0.000e+00 
 0.000e+00  0.000e+00  0.000e+00  0.000e+00  1.000e+00  0.000e+00 
 0.000e+00  0.000e+00  0.000e+00  0.000e+00  0.000e+00  1.000e+00 


lambda:
 1.000e+00  1.000e+00 -6.187e+01  8.887e+01  1.000e+00  1.000e+00 

./a.out : Residual1 = 6.073015e-17 Residual2 = 8.097353e-17 Iterations = 9     Iterations1 = 0 Elapsed1 = 0.00 Elapsed2 = 0.00
============================== a.out n=28 s=3 =========================
### Run  ./a.out 28 6 1e-14 3
A:
 1.000e+00  0.000e+00  0.000e+00  0.000e+00  0.000e+00  0.000e+00 
 0.000e+00  1.000e+00  0.000e+00  0.000e+00  0.000e+00  0.000e+00 
 0.000e+00  0.000e+00  1.000e+00  0.000e+00  0.000e+00  0.000e+00 
 0.000e+00  0.000e+00  0.000e+00  1.000e+00  0.000e+00  0.000e+00 
 0.000e+00  0.000e+00  0.000e+00  0.000e+00  1.000e+00  0.000e+00 
 0.000e+00  0.000e+00  0.000e+00  0.000e+00  0.000e+00  1.000e+00 


lambda:
 1.000e+00  1.000e+00 -6.581e+01  9.381e+01  1.000e+00  1.000e+00 

./a.out : Residual1 = 4.887331e-16 Residual2 = 4.511382e-16 Iterations = 9     Iterations1 = 0 Elapsed1 = 0.00 Elapsed2 = 0.00
============================== a.out n=29 s=3 =========================
### Run  ./a.out 29 6 1e-14 3
A:
 1.000e+00  0.000e+00  0.000e+00  0.000e+00  0.000e+00  0.000e+00 
 0.000e+00  1.000e+00  0.000e+00  0.000e+00  0.000e+00  0.000e+00 
 0.000e+00  0.000e+00  1.000e+00  0.000e+00  0.000e+00  0.000e+00 
 0.000e+00  0.000e+00  0.000e+00  1.000e+00  0.000e+00  0.000e+00 
 0.000e+00  0.000e+00  0.000e+00  0.000e+00  1.000e+00  0.000e+00 
 0.000e+00  0.000e+00  0.000e+00  0.000e+00  0.000e+00  1.000e+00 


lambda:
 1.000e+00  1.000e+00 -6.983e+01  9.883e+01  1.000e+00  1.000e+00 

./a.out : Residual1 = 1.750105e-16 Residual2 = 1.050063e-16 Iterations = 9     Iterations1 = 0 Elapsed1 = 0.00 Elapsed2 = 0.00
============================== a.out n=30 s=3 =========================
### Run  ./a.out 30 6 1e-14 3
A:
 1.000e+00  0.000e+00  0.000e+00  0.000e+00  0.000e+00  0.000e+00 
 0.000e+00  1.000e+00  0.000e+00  0.000e+00  0.000e+00  0.000e+00 
 0.000e+00  0.000e+00  1.000e+00  0.000e+00  0.000e+00  0.000e+00 
 0.000e+00  0.000e+00  0.000e+00  1.000e+00  0.000e+00  0.000e+00 
 0.000e+00  0.000e+00  0.000e+00  0.000e+00  1.000e+00  0.000e+00 
 0.000e+00  0.000e+00  0.000e+00  0.000e+00  0.000e+00  1.000e+00 


lambda:
 1.000e+00  1.000e+00 -7.394e+01  1.039e+02  1.000e+00  1.000e+00 

./a.out : Residual1 = 3.266863e-17 Residual2 = 9.800589e-17 Iterations = 9     Iterations1 = 0 Elapsed1 = 0.00 Elapsed2 = 0.00
============================== a.out n=31 s=3 =========================
### Run  ./a.out 31 6 1e-14 3
A:
 1.000e+00  0.000e+00  0.000e+00  0.000e+00  0.000e+00  0.000e+00 
 0.000e+00  1.000e+00  0.000e+00  0.000e+00  0.000e+00  0.000e+00 
 0.000e+00  0.000e+00  1.000e+00  0.000e+00  0.000e+00  0.000e+00 
 0.000e+00  0.000e+00  0.000e+00  1.000e+00  0.000e+00  0.000e+00 
 0.000e+00  0.000e+00  0.000e+00  0.000e+00  1.000e+00  0.000e+00 
 0.000e+00  0.000e+00  0.000e+00  0.000e+00  0.000e+00  1.000e+00 


lambda:
 1.000e+00  1.000e+00 -7.812e+01  1.091e+02  1.000e+00  1.000e+00 

./a.out : Residual1 = 9.168293e-17 Residual2 = 1.833659e-16 Iterations = 9     Iterations1 = 0 Elapsed1 = 0.00 Elapsed2 = 0.00
============================== a.out n=32 s=3 =========================
### Run  ./a.out 32 6 1e-14 3
A:
 1.000e+00  0.000e+00  0.000e+00  0.000e+00  0.000e+00  0.000e+00 
 0.000e+00  1.000e+00  0.000e+00  0.000e+00  0.000e+00  0.000e+00 
 0.000e+00  0.000e+00  1.000e+00  0.000e+00  0.000e+00  0.000e+00 
 0.000e+00  0.000e+00  0.000e+00  1.000e+00  0.000e+00  0.000e+00 
 0.000e+00  0.000e+00  0.000e+00  0.000e+00  1.000e+00  0.000e+00 
 0.000e+00  0.000e+00  0.000e+00  0.000e+00  0.000e+00  1.000e+00 


lambda:
 1.000e+00  1.000e+00 -8.239e+01  1.144e+02  1.000e+00  1.000e+00 

./a.out : Residual1 = 2.292073e-16 Residual2 = 2.292073e-16 Iterations = 9     Iterations1 = 0 Elapsed1 = 0.00 Elapsed2 = 0.00
============================== a.out n=33 s=3 =========================
### Run  ./a.out 33 6 1e-14 3
A:
 1.000e+00  0.000e+00  0.000e+00  0.000e+00  0.000e+00  0.000e+00 
 0.000e+00  1.000e+00  0.000e+00  0.000e+00  0.000e+00  0.000e+00 
 0.000e+00  0.000e+00  1.000e+00  0.000e+00  0.000e+00  0.000e+00 
 0.000e+00  0.000e+00  0.000e+00  1.000e+00  0.000e+00  0.000e+00 
 0.000e+00  0.000e+00  0.000e+00  0.000e+00  1.000e+00  0.000e+00 
 0.000e+00  0.000e+00  0.000e+00  0.000e+00  0.000e+00  1.000e+00 


lambda:
 1.000e+00  1.000e+00 -8.673e+01  1.197e+02  1.000e+00  1.000e+00 

./a.out : Residual1 = 8.074349e-17 Residual2 = 1.614870e-16 Iterations = 9     Iterations1 = 0 Elapsed1 = 0.00 Elapsed2 = 0.00
============================== a.out n=34 s=3 =========================
### Run  ./a.out 34 6 1e-14 3
A:
 1.000e+00  0.000e+00  0.000e+00  0.000e+00  0.000e+00  0.000e+00 
 0.000e+00  1.000e+00  0.000e+00  0.000e+00  0.000e+00  0.000e+00 
 0.000e+00  0.000e+00  1.000e+00  0.000e+00  0.000e+00  0.000e+00 
 0.000e+00  0.000e+00  0.000e+00  1.000e+00  0.000e+00  0.000e+00 
 0.000e+00  0.000e+00  0.000e+00  0.000e+00  1.000e+00  0.000e+00 
 0.000e+00  0.000e+00  0.000e+00  0.000e+00  0.000e+00  1.000e+00 


lambda:
 1.000e+00  1.000e+00 -9.115e+01  1.251e+02  1.000e+00  1.000e+00 

./a.out : Residual1 = 2.279816e-16 Residual2 = 5.066258e-17 Iterations = 9     Iterations1 = 0 Elapsed1 = 0.00 Elapsed2 = 0.00
============================== a.out n=35 s=3 =========================
### Run  ./a.out 35 6 1e-14 3
A:
 1.000e+00  0.000e+00  0.000e+00  0.000e+00  0.000e+00  0.000e+00 
 0.000e+00  1.000e+00  0.000e+00  0.000e+00  0.000e+00  0.000e+00 
 0.000e+00  0.000e+00  1.000e+00  0.000e+00  0.000e+00  0.000e+00 
 0.000e+00  0.000e+00  0.000e+00  1.000e+00  0.000e+00  0.000e+00 
 0.000e+00  0.000e+00  0.000e+00  0.000e+00  1.000e+00  0.000e+00 
 0.000e+00  0.000e+00  0.000e+00  0.000e+00  0.000e+00  1.000e+00 


lambda:
 1.000e+00  1.000e+00 -9.564e+01  1.306e+02  1.000e+00  1.000e+00 

./a.out : Residual1 = 7.165137e-17 Residual2 = 0.000000e+00 Iterations = 9     Iterations1 = 0 Elapsed1 = 0.00 Elapsed2 = 0.00
============================== a.out n=36 s=3 =========================
### Run  ./a.out 36 6 1e-14 3
A:
 1.000e+00  0.000e+00  0.000e+00  0.000e+00  0.000e+00  0.000e+00 
 0.000e+00  1.000e+00  0.000e+00  0.000e+00  0.000e+00  0.000e+00 
 0.000e+00  0.000e+00  1.000e+00  0.000e+00  0.000e+00  0.000e+00 
 0.000e+00  0.000e+00  0.000e+00  1.000e+00  0.000e+00  0.000e+00 
 0.000e+00  0.000e+00  0.000e+00  0.000e+00  1.000e+00  0.000e+00 
 0.000e+00  0.000e+00  0.000e+00  0.000e+00  0.000e+00  1.000e+00 


lambda:
 1.000e+00  1.000e+00 -1.002e+02  1.362e+02  1.000e+00  1.000e+00 

./a.out : Residual1 = 1.127846e-16 Residual2 = 1.804553e-16 Iterations = 9     Iterations1 = 0 Elapsed1 = 0.00 Elapsed2 = 0.00
============================== a.out n=37 s=3 =========================
### Run  ./a.out 37 6 1e-14 3
A:
 1.000e+00  0.000e+00  0.000e+00  0.000e+00  0.000e+00  0.000e+00 
 0.000e+00  1.000e+00  0.000e+00  0.000e+00  0.000e+00  0.000e+00 
 0.000e+00  0.000e+00  1.000e+00  0.000e+00  0.000e+00  0.000e+00 
 0.000e+00  0.000e+00  0.000e+00  1.000e+00  0.000e+00  0.000e+00 
 0.000e+00  0.000e+00  0.000e+00  0.000e+00  1.000e+00  0.000e+00 
 0.000e+00  0.000e+00  0.000e+00  0.000e+00  0.000e+00  1.000e+00 


lambda:
 1.000e+00  1.000e+00 -1.049e+02  1.419e+02  1.000e+00  1.000e+00 

./a.out : Residual1 = 1.493633e-16 Residual2 = 8.535048e-17 Iterations = 9     Iterations1 = 0 Elapsed1 = 0.00 Elapsed2 = 0.00
============================== a.out n=38 s=3 =========================
### Run  ./a.out 38 6 1e-14 3
A:
 1.000e+00  0.000e+00  0.000e+00  0.000e+00  0.000e+00  0.000e+00 
 0.000e+00  1.000e+00  0.000e+00  0.000e+00  0.000e+00  0.000e+00 
 0.000e+00  0.000e+00  1.000e+00  0.000e+00  0.000e+00  0.000e+00 
 0.000e+00  0.000e+00  0.000e+00  1.000e+00  0.000e+00  0.000e+00 
 0.000e+00  0.000e+00  0.000e+00  0.000e+00  1.000e+00  0.000e+00 
 0.000e+00  0.000e+00  0.000e+00  0.000e+00  0.000e+00  1.000e+00 


lambda:
 1.000e+00  1.000e+00 -1.096e+02  1.476e+02  1.000e+00  1.000e+00 

./a.out : Residual1 = 4.447209e-16 Residual2 = 3.638626e-16 Iterations = 9     Iterations1 = 0 Elapsed1 = 0.00 Elapsed2 = 0.00
============================== a.out n=39 s=3 =========================
### Run  ./a.out 39 6 1e-14 3
A:
 1.000e+00  0.000e+00  0.000e+00  0.000e+00  0.000e+00  0.000e+00 
 0.000e+00  1.000e+00  0.000e+00  0.000e+00  0.000e+00  0.000e+00 
 0.000e+00  0.000e+00  1.000e+00  0.000e+00  0.000e+00  0.000e+00 
 0.000e+00  0.000e+00  0.000e+00  1.000e+00  0.000e+00  0.000e+00 
 0.000e+00  0.000e+00  0.000e+00  0.000e+00  1.000e+00  0.000e+00 
 0.000e+00  0.000e+00  0.000e+00  0.000e+00  0.000e+00  1.000e+00 


lambda:
 1.000e+00  1.000e+00 -1.144e+02  1.534e+02  1.000e+00  1.000e+00 

./a.out : Residual1 = 2.684912e-16 Residual2 = 0.000000e+00 Iterations = 9     Iterations1 = 0 Elapsed1 = 0.00 Elapsed2 = 0.00
============================== a.out n=40 s=3 =========================
### Run  ./a.out 40 6 1e-14 3
A:
 1.000e+00  0.000e+00  0.000e+00  0.000e+00  0.000e+00  0.000e+00 
 0.000e+00  1.000e+00  0.000e+00  0.000e+00  0.000e+00  0.000e+00 
 0.000e+00  0.000e+00  1.000e+00  0.000e+00  0.000e+00  0.000e+00 
 0.000e+00  0.000e+00  0.000e+00  1.000e+00  0.000e+00  0.000e+00 
 0.000e+00  0.000e+00  0.000e+00  0.000e+00  1.000e+00  0.000e+00 
 0.000e+00  0.000e+00  0.000e+00  0.000e+00  0.000e+00  1.000e+00 


lambda:
 1.000e+00  1.000e+00 -1.192e+02  1.592e+02  1.000e+00  1.000e+00 

./a.out : Residual1 = 1.275333e-16 Residual2 = 2.186285e-16 Iterations = 9     Iterations1 = 0 Elapsed1 = 0.00 Elapsed2 = 0.00
============================== a.out n=41 s=3 =========================
### Run  ./a.out 41 6 1e-14 3
A:
 1.000e+00  0.000e+00  0.000e+00  0.000e+00  0.000e+00  0.000e+00 
 0.000e+00  1.000e+00  0.000e+00  0.000e+00  0.000e+00  0.000e+00 
 0.000e+00  0.000e+00  1.000e+00  0.000e+00  0.000e+00  0.000e+00 
 0.000e+00  0.000e+00  0.000e+00  1.000e+00  0.000e+00  0.000e+00 
 0.000e+00  0.000e+00  0.000e+00  0.000e+00  1.000e+00  0.000e+00 
 0.000e+00  0.000e+00  0.000e+00  0.000e+00  0.000e+00  1.000e+00 


lambda:
 1.000e+00  1.000e+00 -1.241e+02  1.651e+02  1.000e+00  1.000e+00 

./a.out : Residual1 = 1.386425e-16 Residual2 = 1.039819e-16 Iterations = 9     Iterations1 = 0 Elapsed1 = 0.00 Elapsed2 = 0.00
============================== a.out n=42 s=3 =========================
### Run  ./a.out 42 6 1e-14 3
A:
 1.000e+00  0.000e+00  0.000e+00  0.000e+00  0.000e+00  0.000e+00 
 0.000e+00  1.000e+00  0.000e+00  0.000e+00  0.000e+00  0.000e+00 
 0.000e+00  0.000e+00  1.000e+00  0.000e+00  0.000e+00  0.000e+00 
 0.000e+00  0.000e+00  0.000e+00  1.000e+00  0.000e+00  0.000e+00 
 0.000e+00  0.000e+00  0.000e+00  0.000e+00  1.000e+00  0.000e+00 
 0.000e+00  0.000e+00  0.000e+00  0.000e+00  0.000e+00  1.000e+00 


lambda:
 1.000e+00  1.000e+00 -1.291e+02  1.711e+02  1.000e+00  1.000e+00 

./a.out : Residual1 = 3.301012e-16 Residual2 = 1.980607e-16 Iterations = 9     Iterations1 = 0 Elapsed1 = 0.00 Elapsed2 = 0.00
============================== a.out n=43 s=3 =========================
### Run  ./a.out 43 6 1e-14 3
A:
 1.000e+00  0.000e+00  0.000e+00  0.000e+00  0.000e+00  0.000e+00 
 0.000e+00  1.000e+00  0.000e+00  0.000e+00  0.000e+00  0.000e+00 
 0.000e+00  0.000e+00  1.000e+00  0.000e+00  0.000e+00  0.000e+00 
 0.000e+00  0.000e+00  0.000e+00  1.000e+00  0.000e+00  0.000e+00 
 0.000e+00  0.000e+00  0.000e+00  0.000e+00  1.000e+00  0.000e+00 
 0.000e+00  0.000e+00  0.000e+00  0.000e+00  0.000e+00  1.000e+00 


lambda:
 1.000e+00  1.000e+00 -1.342e+02  1.772e+02  1.000e+00  1.000e+00 

./a.out : Residual1 = 1.258990e-16 Residual2 = 9.442428e-17 Iterations = 9     Iterations1 = 0 Elapsed1 = 0.00 Elapsed2 = 0.00
============================== a.out n=44 s=3 =========================
### Run  ./a.out 44 6 1e-14 3
A:
 1.000e+00  0.000e+00  0.000e+00  0.000e+00  0.000e+00  0.000e+00 
 0.000e+00  1.000e+00  0.000e+00  0.000e+00  0.000e+00  0.000e+00 
 0.000e+00  0.000e+00  1.000e+00  0.000e+00  0.000e+00  0.000e+00 
 0.000e+00  0.000e+00  0.000e+00  1.000e+00  0.000e+00  0.000e+00 
 0.000e+00  0.000e+00  0.000e+00  0.000e+00  1.000e+00  0.000e+00 
 0.000e+00  0.000e+00  0.000e+00  0.000e+00  0.000e+00  1.000e+00 


lambda:
 1.000e+00  1.000e+00 -1.393e+02  1.833e+02  1.000e+00  1.000e+00 

./a.out : Residual1 = 6.008818e-17 Residual2 = 6.008818e-17 Iterations = 9     Iterations1 = 0 Elapsed1 = 0.00 Elapsed2 = 0.00
============================== a.out n=45 s=3 =========================
### Run  ./a.out 45 6 1e-14 3
A:
 1.000e+00  0.000e+00  0.000e+00  0.000e+00  0.000e+00  0.000e+00 
 0.000e+00  1.000e+00  0.000e+00  0.000e+00  0.000e+00  0.000e+00 
 0.000e+00  0.000e+00  1.000e+00  0.000e+00  0.000e+00  0.000e+00 
 0.000e+00  0.000e+00  0.000e+00  1.000e+00  0.000e+00  0.000e+00 
 0.000e+00  0.000e+00  0.000e+00  0.000e+00  1.000e+00  0.000e+00 
 0.000e+00  0.000e+00  0.000e+00  0.000e+00  0.000e+00  1.000e+00 


lambda:
 1.000e+00  1.000e+00 -1.445e+02  1.895e+02  1.000e+00  1.000e+00 

./a.out : Residual1 = 2.870880e-17 Residual2 = 8.612639e-17 Iterations = 9     Iterations1 = 0 Elapsed1 = 0.00 Elapsed2 = 0.00
============================== a.out n=46 s=3 =========================
### Run  ./a.out 46 6 1e-14 3
A:
 1.000e+00  0.000e+00  0.000e+00  0.000e+00  0.000e+00  0.000e+00 
 0.000e+00  1.000e+00  0.000e+00  0.000e+00  0.000e+00  0.000e+00 
 0.000e+00  0.000e+00  1.000e+00  0.000e+00  0.000e+00  0.000e+00 
 0.000e+00  0.000e+00  0.000e+00  1.000e+00  0.000e+00  0.000e+00 
 0.000e+00  0.000e+00  0.000e+00  0.000e+00  1.000e+00  0.000e+00 
 0.000e+00  0.000e+00  0.000e+00  0.000e+00  0.000e+00  1.000e+00 


lambda:
 1.000e+00  1.000e+00 -1.498e+02  1.958e+02  1.000e+00  1.000e+00 

./a.out : Residual1 = 1.647635e-16 Residual2 = 2.746059e-17 Iterations = 9     Iterations1 = 0 Elapsed1 = 0.00 Elapsed2 = 0.00
============================== a.out n=47 s=3 =========================
### Run  ./a.out 47 6 1e-14 3
A:
 1.000e+00  0.000e+00  0.000e+00  0.000e+00  0.000e+00  0.000e+00 
 0.000e+00  1.000e+00  0.000e+00  0.000e+00  0.000e+00  0.000e+00 
 0.000e+00  0.000e+00  1.000e+00  0.000e+00  0.000e+00  0.000e+00 
 0.000e+00  0.000e+00  0.000e+00  1.000e+00  0.000e+00  0.000e+00 
 0.000e+00  0.000e+00  0.000e+00  0.000e+00  1.000e+00  0.000e+00 
 0.000e+00  0.000e+00  0.000e+00  0.000e+00  0.000e+00  1.000e+00 


lambda:
 1.000e+00  1.000e+00 -1.551e+02  2.021e+02  1.000e+00  1.000e+00 

./a.out : Residual1 = 1.051682e-16 Residual2 = 7.887616e-17 Iterations = 9     Iterations1 = 0 Elapsed1 = 0.00 Elapsed2 = 0.00
============================== a.out n=48 s=3 =========================
### Run  ./a.out 48 6 1e-14 3
A:
 1.000e+00  0.000e+00  0.000e+00  0.000e+00  0.000e+00  0.000e+00 
 0.000e+00  1.000e+00  0.000e+00  0.000e+00  0.000e+00  0.000e+00 
 0.000e+00  0.000e+00  1.000e+00  0.000e+00  0.000e+00  0.000e+00 
 0.000e+00  0.000e+00  0.000e+00  1.000e+00  0.000e+00  0.000e+00 
 0.000e+00  0.000e+00  0.000e+00  0.000e+00  1.000e+00  0.000e+00 
 0.000e+00  0.000e+00  0.000e+00  0.000e+00  0.000e+00  1.000e+00 


lambda:
 1.000e+00  1.000e+00 -1.605e+02  2.085e+02  1.000e+00  1.000e+00 

./a.out : Residual1 = 1.007862e-16 Residual2 = 5.039310e-17 Iterations = 9     Iterations1 = 0 Elapsed1 = 0.00 Elapsed2 = 0.00
============================== a.out n=49 s=3 =========================
### Run  ./a.out 49 6 1e-14 3
A:
 1.000e+00  0.000e+00  0.000e+00  0.000e+00  0.000e+00  0.000e+00 
 0.000e+00  1.000e+00  0.000e+00  0.000e+00  0.000e+00  0.000e+00 
 0.000e+00  0.000e+00  1.000e+00  0.000e+00  0.000e+00  0.000e+00 
 0.000e+00  0.000e+00  0.000e+00  1.000e+00  0.000e+00  0.000e+00 
 0.000e+00  0.000e+00  0.000e+00  0.000e+00  1.000e+00  0.000e+00 
 0.000e+00  0.000e+00  0.000e+00  0.000e+00  0.000e+00  1.000e+00 


lambda:
 1.000e+00  1.000e+00 -1.660e+02  2.150e+02  1.000e+00  1.000e+00 

./a.out : Residual1 = 2.175131e-16 Residual2 = 2.416812e-16 Iterations = 9     Iterations1 = 0 Elapsed1 = 0.00 Elapsed2 = 0.00
============================== a.out n=50 s=3 =========================
### Run  ./a.out 50 6 1e-14 3
A:
 1.000e+00  0.000e+00  0.000e+00  0.000e+00  0.000e+00  0.000e+00 
 0.000e+00  1.000e+00  0.000e+00  0.000e+00  0.000e+00  0.000e+00 
 0.000e+00  0.000e+00  1.000e+00  0.000e+00  0.000e+00  0.000e+00 
 0.000e+00  0.000e+00  0.000e+00  1.000e+00  0.000e+00  0.000e+00 
 0.000e+00  0.000e+00  0.000e+00  0.000e+00  1.000e+00  0.000e+00 
 0.000e+00  0.000e+00  0.000e+00  0.000e+00  0.000e+00  1.000e+00 


lambda:
 1.000e+00  1.000e+00 -1.715e+02  2.215e+02  1.000e+00  1.000e+00 

./a.out : Residual1 = 2.088126e-16 Residual2 = 1.856112e-16 Iterations = 9     Iterations1 = 0 Elapsed1 = 0.00 Elapsed2 = 0.00
============================== a.out n=51 s=3 =========================
### Run  ./a.out 51 6 1e-14 3
A:
 1.000e+00  0.000e+00  0.000e+00  0.000e+00  0.000e+00  0.000e+00 
 0.000e+00  1.000e+00  0.000e+00  0.000e+00  0.000e+00  0.000e+00 
 0.000e+00  0.000e+00  1.000e+00  0.000e+00  0.000e+00  0.000e+00 
 0.000e+00  0.000e+00  0.000e+00  1.000e+00  0.000e+00  0.000e+00 
 0.000e+00  0.000e+00  0.000e+00  0.000e+00  1.000e+00  0.000e+00 
 0.000e+00  0.000e+00  0.000e+00  0.000e+00  0.000e+00  1.000e+00 


lambda:
 1.000e+00  1.000e+00 -1.770e+02  2.280e+02  1.000e+00  1.000e+00 

./a.out : Residual1 = 4.458307e-17 Residual2 = 4.458307e-17 Iterations = 9     Iterations1 = 0 Elapsed1 = 0.00 Elapsed2 = 0.00
============================== a.out n=52 s=3 =========================
### Run  ./a.out 52 6 1e-14 3
A:
 1.000e+00  0.000e+00  0.000e+00  0.000e+00  0.000e+00  0.000e+00 
 0.000e+00  1.000e+00  0.000e+00  0.000e+00  0.000e+00  0.000e+00 
 0.000e+00  0.000e+00  1.000e+00  0.000e+00  0.000e+00  0.000e+00 
 0.000e+00  0.000e+00  0.000e+00  1.000e+00  0.000e+00  0.000e+00 
 0.000e+00  0.000e+00  0.000e+00  0.000e+00  1.000e+00  0.000e+00 
 0.000e+00  0.000e+00  0.000e+00  0.000e+00  0.000e+00  1.000e+00 


lambda:
 1.000e+00  1.000e+00 -1.827e+02  2.347e+02  1.000e+00  1.000e+00 

./a.out : Residual1 = 8.573668e-17 Residual2 = 0.000000e+00 Iterations = 9     Iterations1 = 0 Elapsed1 = 0.00 Elapsed2 = 0.00
============================== a.out n=53 s=3 =========================
### Run  ./a.out 53 6 1e-14 3
A:
 1.000e+00  0.000e+00  0.000e+00  0.000e+00  0.000e+00  0.000e+00 
 0.000e+00  1.000e+00  0.000e+00  0.000e+00  0.000e+00  0.000e+00 
 0.000e+00  0.000e+00  1.000e+00  0.000e+00  0.000e+00  0.000e+00 
 0.000e+00  0.000e+00  0.000e+00  1.000e+00  0.000e+00  0.000e+00 
 0.000e+00  0.000e+00  0.000e+00  0.000e+00  1.000e+00  0.000e+00 
 0.000e+00  0.000e+00  0.000e+00  0.000e+00  0.000e+00  1.000e+00 


lambda:
 1.000e+00  1.000e+00 -1.884e+02  2.414e+02  1.000e+00  1.000e+00 

./a.out : Residual1 = 2.062533e-16 Residual2 = 1.650027e-16 Iterations = 9     Iterations1 = 0 Elapsed1 = 0.00 Elapsed2 = 0.00
============================== a.out n=54 s=3 =========================
### Run  ./a.out 54 6 1e-14 3
A:
 1.000e+00  0.000e+00  0.000e+00  0.000e+00  0.000e+00  0.000e+00 
 0.000e+00  1.000e+00  0.000e+00  0.000e+00  0.000e+00  0.000e+00 
 0.000e+00  0.000e+00  1.000e+00  0.000e+00  0.000e+00  0.000e+00 
 0.000e+00  0.000e+00  0.000e+00  1.000e+00  0.000e+00  0.000e+00 
 0.000e+00  0.000e+00  0.000e+00  0.000e+00  1.000e+00  0.000e+00 
 0.000e+00  0.000e+00  0.000e+00  0.000e+00  0.000e+00  1.000e+00 


lambda:
 1.000e+00  1.000e+00 -1.941e+02  2.481e+02  1.000e+00  1.000e+00 

./a.out : Residual1 = 5.958430e-17 Residual2 = 0.000000e+00 Iterations = 9     Iterations1 = 0 Elapsed1 = 0.00 Elapsed2 = 0.00
============================== a.out n=55 s=3 =========================
### Run  ./a.out 55 6 1e-14 3
A:
 1.000e+00  0.000e+00  0.000e+00  0.000e+00  0.000e+00  0.000e+00 
 0.000e+00  1.000e+00  0.000e+00  0.000e+00  0.000e+00  0.000e+00 
 0.000e+00  0.000e+00  1.000e+00  0.000e+00  0.000e+00  0.000e+00 
 0.000e+00  0.000e+00  0.000e+00  1.000e+00  0.000e+00  0.000e+00 
 0.000e+00  0.000e+00  0.000e+00  0.000e+00  1.000e+00  0.000e+00 
 0.000e+00  0.000e+00  0.000e+00  0.000e+00  0.000e+00  1.000e+00 


lambda:
 1.000e+00  1.000e+00 -2.000e+02  2.550e+02  1.000e+00  1.000e+00 

./a.out : Residual1 = 7.655679e-17 Residual2 = 1.148352e-16 Iterations = 9     Iterations1 = 0 Elapsed1 = 0.00 Elapsed2 = 0.00
============================== a.out n=56 s=3 =========================
### Run  ./a.out 56 6 1e-14 3
A:
 1.000e+00  0.000e+00  0.000e+00  0.000e+00  0.000e+00  0.000e+00 
 0.000e+00  1.000e+00  0.000e+00  0.000e+00  0.000e+00  0.000e+00 
 0.000e+00  0.000e+00  1.000e+00  0.000e+00  0.000e+00  0.000e+00 
 0.000e+00  0.000e+00  0.000e+00  1.000e+00  0.000e+00  0.000e+00 
 0.000e+00  0.000e+00  0.000e+00  0.000e+00  1.000e+00  0.000e+00 
 0.000e+00  0.000e+00  0.000e+00  0.000e+00  0.000e+00  1.000e+00 


lambda:
 1.000e+00  1.000e+00 -2.058e+02  2.618e+02  1.000e+00  1.000e+00 

./a.out : Residual1 = 5.536697e-17 Residual2 = 2.952905e-16 Iterations = 8     Iterations1 = 0 Elapsed1 = 0.00 Elapsed2 = 0.00
============================== a.out n=57 s=3 =========================
### Run  ./a.out 57 6 1e-14 3
A:
 1.000e+00  0.000e+00  0.000e+00  0.000e+00  0.000e+00  0.000e+00 
 0.000e+00  1.000e+00  0.000e+00  0.000e+00  0.000e+00  0.000e+00 
 0.000e+00  0.000e+00  1.000e+00  0.000e+00  0.000e+00  0.000e+00 
 0.000e+00  0.000e+00  0.000e+00  1.000e+00  0.000e+00  0.000e+00 
 0.000e+00  0.000e+00  0.000e+00  0.000e+00  1.000e+00  0.000e+00 
 0.000e+00  0.000e+00  0.000e+00  0.000e+00  0.000e+00  1.000e+00 


lambda:
 1.000e+00  1.000e+00 -2.118e+02  2.688e+02  1.000e+00  1.000e+00 

./a.out : Residual1 = 3.561618e-17 Residual2 = 1.068485e-16 Iterations = 8     Iterations1 = 0 Elapsed1 = 0.00 Elapsed2 = 0.00
============================== a.out n=58 s=3 =========================
### Run  ./a.out 58 6 1e-14 3
A:
 1.000e+00  0.000e+00  0.000e+00  0.000e+00  0.000e+00  0.000e+00 
 0.000e+00  1.000e+00  0.000e+00  0.000e+00  0.000e+00  0.000e+00 
 0.000e+00  0.000e+00  1.000e+00  0.000e+00  0.000e+00  0.000e+00 
 0.000e+00  0.000e+00  0.000e+00  1.000e+00  0.000e+00  0.000e+00 
 0.000e+00  0.000e+00  0.000e+00  0.000e+00  1.000e+00  0.000e+00 
 0.000e+00  0.000e+00  0.000e+00  0.000e+00  0.000e+00  1.000e+00 


lambda:
 1.000e+00  1.000e+00 -2.178e+02  2.758e+02  1.000e+00  1.000e+00 

./a.out : Residual1 = 1.031641e-16 Residual2 = 1.375521e-16 Iterations = 8     Iterations1 = 0 Elapsed1 = 0.00 Elapsed2 = 0.00
============================== a.out n=59 s=3 =========================
### Run  ./a.out 59 6 1e-14 3
A:
 1.000e+00  0.000e+00  0.000e+00  0.000e+00  0.000e+00  0.000e+00 
 0.000e+00  1.000e+00  0.000e+00  0.000e+00  0.000e+00  0.000e+00 
 0.000e+00  0.000e+00  1.000e+00  0.000e+00  0.000e+00  0.000e+00 
 0.000e+00  0.000e+00  0.000e+00  1.000e+00  0.000e+00  0.000e+00 
 0.000e+00  0.000e+00  0.000e+00  0.000e+00  1.000e+00  0.000e+00 
 0.000e+00  0.000e+00  0.000e+00  0.000e+00  0.000e+00  1.000e+00 


lambda:
 1.000e+00  1.000e+00 -2.238e+02  2.828e+02  1.000e+00  1.000e+00 

./a.out : Residual1 = 2.657787e-16 Residual2 = 1.661117e-16 Iterations = 8     Iterations1 = 0 Elapsed1 = 0.00 Elapsed2 = 0.00
============================== a.out n=60 s=3 =========================
### Run  ./a.out 60 6 1e-14 3
A:
 1.000e+00  0.000e+00  0.000e+00  0.000e+00  0.000e+00  0.000e+00 
 0.000e+00  1.000e+00  0.000e+00  0.000e+00  0.000e+00  0.000e+00 
 0.000e+00  0.000e+00  1.000e+00  0.000e+00  0.000e+00  0.000e+00 
 0.000e+00  0.000e+00  0.000e+00  1.000e+00  0.000e+00  0.000e+00 
 0.000e+00  0.000e+00  0.000e+00  0.000e+00  1.000e+00  0.000e+00 
 0.000e+00  0.000e+00  0.000e+00  0.000e+00  0.000e+00  1.000e+00 


lambda:
 1.000e+00  1.000e+00 -2.299e+02  2.899e+02  1.000e+00  1.000e+00 

./a.out : Residual1 = 1.605746e-17 Residual2 = 0.000000e+00 Iterations = 8     Iterations1 = 0 Elapsed1 = 0.00 Elapsed2 = 0.00
============================== a.out n=61 s=3 =========================
### Run  ./a.out 61 6 1e-14 3
A:
 1.000e+00  0.000e+00  0.000e+00  0.000e+00  0.000e+00  0.000e+00 
 0.000e+00  1.000e+00  0.000e+00  0.000e+00  0.000e+00  0.000e+00 
 0.000e+00  0.000e+00  1.000e+00  0.000e+00  0.000e+00  0.000e+00 
 0.000e+00  0.000e+00  0.000e+00  1.000e+00  0.000e+00  0.000e+00 
 0.000e+00  0.000e+00  0.000e+00  0.000e+00  1.000e+00  0.000e+00 
 0.000e+00  0.000e+00  0.000e+00  0.000e+00  0.000e+00  1.000e+00 


lambda:
 1.000e+00  1.000e+00 -2.361e+02  2.971e+02  1.000e+00  1.000e+00 

./a.out : Residual1 = 3.106198e-17 Residual2 = 3.106198e-17 Iterations = 9     Iterations1 = 0 Elapsed1 = 0.00 Elapsed2 = 0.00
============================== a.out n=62 s=3 =========================
### Run  ./a.out 62 6 1e-14 3
A:
 1.000e+00  0.000e+00  0.000e+00  0.000e+00  0.000e+00  0.000e+00 
 0.000e+00  1.000e+00  0.000e+00  0.000e+00  0.000e+00  0.000e+00 
 0.000e+00  0.000e+00  1.000e+00  0.000e+00  0.000e+00  0.000e+00 
 0.000e+00  0.000e+00  0.000e+00  1.000e+00  0.000e+00  0.000e+00 
 0.000e+00  0.000e+00  0.000e+00  0.000e+00  1.000e+00  0.000e+00 
 0.000e+00  0.000e+00  0.000e+00  0.000e+00  0.000e+00  1.000e+00 


lambda:
 1.000e+00  1.000e+00 -2.423e+02  3.043e+02  1.000e+00  1.000e+00 

./a.out : Residual1 = 1.502999e-16 Residual2 = 3.005998e-17 Iterations = 9     Iterations1 = 0 Elapsed1 = 0.00 Elapsed2 = 0.00
============================== a.out n=63 s=3 =========================
### Run  ./a.out 63 6 1e-14 3
A:
 1.000e+00  0.000e+00  0.000e+00  0.000e+00  0.000e+00  0.000e+00 
 0.000e+00  1.000e+00  0.000e+00  0.000e+00  0.000e+00  0.000e+00 
 0.000e+00  0.000e+00  1.000e+00  0.000e+00  0.000e+00  0.000e+00 
 0.000e+00  0.000e+00  0.000e+00  1.000e+00  0.000e+00  0.000e+00 
 0.000e+00  0.000e+00  0.000e+00  0.000e+00  1.000e+00  0.000e+00 
 0.000e+00  0.000e+00  0.000e+00  0.000e+00  0.000e+00  1.000e+00 


lambda:
 1.000e+00  1.000e+00 -2.486e+02  3.116e+02  1.000e+00  1.000e+00 

./a.out : Residual1 = 1.891870e-16 Residual2 = 5.821139e-17 Iterations = 9     Iterations1 = 0 Elapsed1 = 0.00 Elapsed2 = 0.00
============================== a.out n=64 s=3 =========================
### Run  ./a.out 64 6 1e-14 3
A:
 1.000e+00  0.000e+00  0.000e+00  0.000e+00  0.000e+00  0.000e+00 
 0.000e+00  1.000e+00  0.000e+00  0.000e+00  0.000e+00  0.000e+00 
 0.000e+00  0.000e+00  1.000e+00  0.000e+00  0.000e+00  0.000e+00 
 0.000e+00  0.000e+00  0.000e+00  1.000e+00  0.000e+00  0.000e+00 
 0.000e+00  0.000e+00  0.000e+00  0.000e+00  1.000e+00  0.000e+00 
 0.000e+00  0.000e+00  0.000e+00  0.000e+00  0.000e+00  1.000e+00 


lambda:
 1.000e+00  1.000e+00 -2.549e+02  3.189e+02  1.000e+00  1.000e+00 

./a.out : Residual1 = 2.537653e-16 Residual2 = 1.973730e-16 Iterations = 9     Iterations1 = 0 Elapsed1 = 0.00 Elapsed2 = 0.00
============================== a.out n=65 s=3 =========================
### Run  ./a.out 65 6 1e-14 3
A:
 1.000e+00  0.000e+00  0.000e+00  0.000e+00  0.000e+00  0.000e+00 
 0.000e+00  1.000e+00  0.000e+00  0.000e+00  0.000e+00  0.000e+00 
 0.000e+00  0.000e+00  1.000e+00  0.000e+00  0.000e+00  0.000e+00 
 0.000e+00  0.000e+00  0.000e+00  1.000e+00  0.000e+00  0.000e+00 
 0.000e+00  0.000e+00  0.000e+00  0.000e+00  1.000e+00  0.000e+00 
 0.000e+00  0.000e+00  0.000e+00  0.000e+00  0.000e+00  1.000e+00 


lambda:
 1.000e+00  1.000e+00 -2.613e+02  3.263e+02  1.000e+00  1.000e+00 

./a.out : Residual1 = 3.279428e-16 Residual2 = 2.186285e-16 Iterations = 9     Iterations1 = 0 Elapsed1 = 0.00 Elapsed2 = 0.00
============================== a.out n=66 s=3 =========================
### Run  ./a.out 66 6 1e-14 3
A:
 1.000e+00  0.000e+00  0.000e+00  0.000e+00  0.000e+00  0.000e+00 
 0.000e+00  1.000e+00  0.000e+00  0.000e+00  0.000e+00  0.000e+00 
 0.000e+00  0.000e+00  1.000e+00  0.000e+00  0.000e+00  0.000e+00 
 0.000e+00  0.000e+00  0.000e+00  1.000e+00  0.000e+00  0.000e+00 
 0.000e+00  0.000e+00  0.000e+00  0.000e+00  1.000e+00  0.000e+00 
 0.000e+00  0.000e+00  0.000e+00  0.000e+00  0.000e+00  1.000e+00 


lambda:
 1.000e+00  1.000e+00 -2.678e+02  3.338e+02  1.000e+00  1.000e+00 

./a.out : Residual1 = 2.120034e-16 Residual2 = 0.000000e+00 Iterations = 9     Iterations1 = 0 Elapsed1 = 0.00 Elapsed2 = 0.00
============================== a.out n=67 s=3 =========================
### Run  ./a.out 67 6 1e-14 3
A:
 1.000e+00  0.000e+00  0.000e+00  0.000e+00  0.000e+00  0.000e+00 
 0.000e+00  1.000e+00  0.000e+00  0.000e+00  0.000e+00  0.000e+00 
 0.000e+00  0.000e+00  1.000e+00  0.000e+00  0.000e+00  0.000e+00 
 0.000e+00  0.000e+00  0.000e+00  1.000e+00  0.000e+00  0.000e+00 
 0.000e+00  0.000e+00  0.000e+00  0.000e+00  1.000e+00  0.000e+00 
 0.000e+00  0.000e+00  0.000e+00  0.000e+00  0.000e+00  1.000e+00 


lambda:
 1.000e+00  1.000e+00 -2.743e+02  3.413e+02  1.000e+00  1.000e+00 

./a.out : Residual1 = 2.570937e-17 Residual2 = 1.542562e-16 Iterations = 9     Iterations1 = 0 Elapsed1 = 0.00 Elapsed2 = 0.00
============================== a.out n=68 s=3 =========================
### Run  ./a.out 68 6 1e-14 3
A:
 1.000e+00  0.000e+00  0.000e+00  0.000e+00  0.000e+00  0.000e+00 
 0.000e+00  1.000e+00  0.000e+00  0.000e+00  0.000e+00  0.000e+00 
 0.000e+00  0.000e+00  1.000e+00  0.000e+00  0.000e+00  0.000e+00 
 0.000e+00  0.000e+00  0.000e+00  1.000e+00  0.000e+00  0.000e+00 
 0.000e+00  0.000e+00  0.000e+00  0.000e+00  1.000e+00  0.000e+00 
 0.000e+00  0.000e+00  0.000e+00  0.000e+00  0.000e+00  1.000e+00 


lambda:
 1.000e+00  1.000e+00 -2.808e+02  3.488e+02  1.000e+00  1.000e+00 

./a.out : Residual1 = 9.981285e-17 Residual2 = 1.497193e-16 Iterations = 9     Iterations1 = 0 Elapsed1 = 0.00 Elapsed2 = 0.00
============================== a.out n=69 s=3 =========================
### Run  ./a.out 69 6 1e-14 3
A:
 1.000e+00  0.000e+00  0.000e+00  0.000e+00  0.000e+00  0.000e+00 
 0.000e+00  1.000e+00  0.000e+00  0.000e+00  0.000e+00  0.000e+00 
 0.000e+00  0.000e+00  1.000e+00  0.000e+00  0.000e+00  0.000e+00 
 0.000e+00  0.000e+00  0.000e+00  1.000e+00  0.000e+00  0.000e+00 
 0.000e+00  0.000e+00  0.000e+00  0.000e+00  1.000e+00  0.000e+00 
 0.000e+00  0.000e+00  0.000e+00  0.000e+00  0.000e+00  1.000e+00 


lambda:
 1.000e+00  1.000e+00 -2.874e+02  3.564e+02  1.000e+00  1.000e+00 

./a.out : Residual1 = 0.000000e+00 Residual2 = 7.268979e-17 Iterations = 9     Iterations1 = 0 Elapsed1 = 0.00 Elapsed2 = 0.00
============================== a.out n=70 s=3 =========================
### Run  ./a.out 70 6 1e-14 3
A:
 1.000e+00  0.000e+00  0.000e+00  0.000e+00  0.000e+00  0.000e+00 
 0.000e+00  1.000e+00  0.000e+00  0.000e+00  0.000e+00  0.000e+00 
 0.000e+00  0.000e+00  1.000e+00  0.000e+00  0.000e+00  0.000e+00 
 0.000e+00  0.000e+00  0.000e+00  1.000e+00  0.000e+00  0.000e+00 
 0.000e+00  0.000e+00  0.000e+00  0.000e+00  1.000e+00  0.000e+00 
 0.000e+00  0.000e+00  0.000e+00  0.000e+00  0.000e+00  1.000e+00 


lambda:
 1.000e+00  1.000e+00 -2.941e+02  3.641e+02  1.000e+00  1.000e+00 

./a.out : Residual1 = 2.353765e-17 Residual2 = 0.000000e+00 Iterations = 9     Iterations1 = 0 Elapsed1 = 0.00 Elapsed2 = 0.00
============================== a.out n=71 s=3 =========================
### Run  ./a.out 71 6 1e-14 3
A:
 1.000e+00  0.000e+00  0.000e+00  0.000e+00  0.000e+00  0.000e+00 
 0.000e+00  1.000e+00  0.000e+00  0.000e+00  0.000e+00  0.000e+00 
 0.000e+00  0.000e+00  1.000e+00  0.000e+00  0.000e+00  0.000e+00 
 0.000e+00  0.000e+00  0.000e+00  1.000e+00  0.000e+00  0.000e+00 
 0.000e+00  0.000e+00  0.000e+00  0.000e+00  1.000e+00  0.000e+00 
 0.000e+00  0.000e+00  0.000e+00  0.000e+00  0.000e+00  1.000e+00 


lambda:
 1.000e+00  1.000e+00 -3.008e+02  3.718e+02  1.000e+00  1.000e+00 

./a.out : Residual1 = 1.143731e-16 Residual2 = 1.372477e-16 Iterations = 9     Iterations1 = 0 Elapsed1 = 0.00 Elapsed2 = 0.00
============================== a.out n=72 s=3 =========================
### Run  ./a.out 72 6 1e-14 3
A:
 1.000e+00  0.000e+00  0.000e+00  0.000e+00  0.000e+00  0.000e+00 
 0.000e+00  1.000e+00  0.000e+00  0.000e+00  0.000e+00  0.000e+00 
 0.000e+00  0.000e+00  1.000e+00  0.000e+00  0.000e+00  0.000e+00 
 0.000e+00  0.000e+00  0.000e+00  1.000e+00  0.000e+00  0.000e+00 
 0.000e+00  0.000e+00  0.000e+00  0.000e+00  1.000e+00  0.000e+00 
 0.000e+00  0.000e+00  0.000e+00  0.000e+00  0.000e+00  1.000e+00 


lambda:
 1.000e+00  1.000e+00 -3.075e+02  3.795e+02  1.000e+00  1.000e+00 

./a.out : Residual1 = 2.223921e-17 Residual2 = 4.447842e-17 Iterations = 9     Iterations1 = 0 Elapsed1 = 0.00 Elapsed2 = 0.00
============================== a.out n=73 s=3 =========================
### Run  ./a.out 73 6 1e-14 3
A:
 1.000e+00  0.000e+00  0.000e+00  0.000e+00  0.000e+00  0.000e+00 
 0.000e+00  1.000e+00  0.000e+00  0.000e+00  0.000e+00  0.000e+00 
 0.000e+00  0.000e+00  1.000e+00  0.000e+00  0.000e+00  0.000e+00 
 0.000e+00  0.000e+00  0.000e+00  1.000e+00  0.000e+00  0.000e+00 
 0.000e+00  0.000e+00  0.000e+00  0.000e+00  1.000e+00  0.000e+00 
 0.000e+00  0.000e+00  0.000e+00  0.000e+00  0.000e+00  1.000e+00 


lambda:
 1.000e+00  1.000e+00 -3.144e+02  3.874e+02  1.000e+00  1.000e+00 

./a.out : Residual1 = 1.297795e-16 Residual2 = 2.162992e-17 Iterations = 9     Iterations1 = 0 Elapsed1 = 0.00 Elapsed2 = 0.00
============================== a.out n=74 s=3 =========================
### Run  ./a.out 74 6 1e-14 3
A:
 1.000e+00  0.000e+00  0.000e+00  0.000e+00  0.000e+00  0.000e+00 
 0.000e+00  1.000e+00  0.000e+00  0.000e+00  0.000e+00  0.000e+00 
 0.000e+00  0.000e+00  1.000e+00  0.000e+00  0.000e+00  0.000e+00 
 0.000e+00  0.000e+00  0.000e+00  1.000e+00  0.000e+00  0.000e+00 
 0.000e+00  0.000e+00  0.000e+00  0.000e+00  1.000e+00  0.000e+00 
 0.000e+00  0.000e+00  0.000e+00  0.000e+00  0.000e+00  1.000e+00 


lambda:
 1.000e+00  1.000e+00 -3.212e+02  3.952e+02  1.000e+00  1.000e+00 

./a.out : Residual1 = 0.000000e+00 Residual2 = 1.683626e-16 Iterations = 9     Iterations1 = 0 Elapsed1 = 0.00 Elapsed2 = 0.00
============================== a.out n=75 s=3 =========================
### Run  ./a.out 75 6 1e-14 3
A:
 1.000e+00  0.000e+00  0.000e+00  0.000e+00  0.000e+00  0.000e+00 
 0.000e+00  1.000e+00  0.000e+00  0.000e+00  0.000e+00  0.000e+00 
 0.000e+00  0.000e+00  1.000e+00  0.000e+00  0.000e+00  0.000e+00 
 0.000e+00  0.000e+00  0.000e+00  1.000e+00  0.000e+00  0.000e+00 
 0.000e+00  0.000e+00  0.000e+00  0.000e+00  1.000e+00  0.000e+00 
 0.000e+00  0.000e+00  0.000e+00  0.000e+00  0.000e+00  1.000e+00 


lambda:
 1.000e+00  1.000e+00 -3.281e+02  4.031e+02  1.000e+00  1.000e+00 

./a.out : Residual1 = 2.662935e-16 Residual2 = 1.638729e-16 Iterations = 9     Iterations1 = 0 Elapsed1 = 0.00 Elapsed2 = 0.00
============================== a.out n=76 s=3 =========================
### Run  ./a.out 76 6 1e-14 3
A:
 1.000e+00  0.000e+00  0.000e+00  0.000e+00  0.000e+00  0.000e+00 
 0.000e+00  1.000e+00  0.000e+00  0.000e+00  0.000e+00  0.000e+00 
 0.000e+00  0.000e+00  1.000e+00  0.000e+00  0.000e+00  0.000e+00 
 0.000e+00  0.000e+00  0.000e+00  1.000e+00  0.000e+00  0.000e+00 
 0.000e+00  0.000e+00  0.000e+00  0.000e+00  1.000e+00  0.000e+00 
 0.000e+00  0.000e+00  0.000e+00  0.000e+00  0.000e+00  1.000e+00 


lambda:
 1.000e+00  1.000e+00 -3.351e+02  4.111e+02  1.000e+00  1.000e+00 

./a.out : Residual1 = 1.196704e-16 Residual2 = 0.000000e+00 Iterations = 9     Iterations1 = 0 Elapsed1 = 0.00 Elapsed2 = 0.00
============================== a.out n=77 s=3 =========================
### Run  ./a.out 77 6 1e-14 3
A:
 1.000e+00  0.000e+00  0.000e+00  0.000e+00  0.000e+00  0.000e+00 
 0.000e+00  1.000e+00  0.000e+00  0.000e+00  0.000e+00  0.000e+00 
 0.000e+00  0.000e+00  1.000e+00  0.000e+00  0.000e+00  0.000e+00 
 0.000e+00  0.000e+00  0.000e+00  1.000e+00  0.000e+00  0.000e+00 
 0.000e+00  0.000e+00  0.000e+00  0.000e+00  1.000e+00  0.000e+00 
 0.000e+00  0.000e+00  0.000e+00  0.000e+00  0.000e+00  1.000e+00 


lambda:
 1.000e+00  1.000e+00 -3.421e+02  4.191e+02  1.000e+00  1.000e+00 

./a.out : Residual1 = 1.748431e-16 Residual2 = 1.165620e-16 Iterations = 9     Iterations1 = 0 Elapsed1 = 0.00 Elapsed2 = 0.00
============================== a.out n=78 s=3 =========================
### Run  ./a.out 78 6 1e-14 3
A:
 1.000e+00  0.000e+00  0.000e+00  0.000e+00  0.000e+00  0.000e+00 
 0.000e+00  1.000e+00  0.000e+00  0.000e+00  0.000e+00  0.000e+00 
 0.000e+00  0.000e+00  1.000e+00  0.000e+00  0.000e+00  0.000e+00 
 0.000e+00  0.000e+00  0.000e+00  1.000e+00  0.000e+00  0.000e+00 
 0.000e+00  0.000e+00  0.000e+00  0.000e+00  1.000e+00  0.000e+00 
 0.000e+00  0.000e+00  0.000e+00  0.000e+00  0.000e+00  1.000e+00 


lambda:
 1.000e+00  1.000e+00 -3.492e+02  4.272e+02  1.000e+00  1.000e+00 

./a.out : Residual1 = 1.892888e-17 Residual2 = 1.514310e-16 Iterations = 9     Iterations1 = 0 Elapsed1 = 0.00 Elapsed2 = 0.00
============================== a.out n=79 s=3 =========================
### Run  ./a.out 79 6 1e-14 3
A:
 1.000e+00  0.000e+00  0.000e+00  0.000e+00  0.000e+00  0.000e+00 
 0.000e+00  1.000e+00  0.000e+00  0.000e+00  0.000e+00  0.000e+00 
 0.000e+00  0.000e+00  1.000e+00  0.000e+00  0.000e+00  0.000e+00 
 0.000e+00  0.000e+00  0.000e+00  1.000e+00  0.000e+00  0.000e+00 
 0.000e+00  0.000e+00  0.000e+00  0.000e+00  1.000e+00  0.000e+00 
 0.000e+00  0.000e+00  0.000e+00  0.000e+00  0.000e+00  1.000e+00 


lambda:
 1.000e+00  1.000e+00 -3.563e+02  4.353e+02  1.000e+00  1.000e+00 

./a.out : Residual1 = 1.844967e-17 Residual2 = 3.689933e-17 Iterations = 9     Iterations1 = 0 Elapsed1 = 0.00 Elapsed2 = 0.00
============================== a.out n=80 s=3 =========================
### Run  ./a.out 80 6 1e-14 3
A:
 1.000e+00  0.000e+00  0.000e+00  0.000e+00  0.000e+00  0.000e+00 
 0.000e+00  1.000e+00  0.000e+00  0.000e+00  0.000e+00  0.000e+00 
 0.000e+00  0.000e+00  1.000e+00  0.000e+00  0.000e+00  0.000e+00 
 0.000e+00  0.000e+00  0.000e+00  1.000e+00  0.000e+00  0.000e+00 
 0.000e+00  0.000e+00  0.000e+00  0.000e+00  1.000e+00  0.000e+00 
 0.000e+00  0.000e+00  0.000e+00  0.000e+00  0.000e+00  1.000e+00 


lambda:
 1.000e+00  1.000e+00 -3.634e+02  4.434e+02  1.000e+00  1.000e+00 

./a.out : Residual1 = 5.396527e-17 Residual2 = 3.597685e-17 Iterations = 9     Iterations1 = 0 Elapsed1 = 0.00 Elapsed2 = 0.00
============================== a.out n=81 s=3 =========================
### Run  ./a.out 81 6 1e-14 3
A:
 1.000e+00  0.000e+00  0.000e+00  0.000e+00  0.000e+00  0.000e+00 
 0.000e+00  1.000e+00  0.000e+00  0.000e+00  0.000e+00  0.000e+00 
 0.000e+00  0.000e+00  1.000e+00  0.000e+00  0.000e+00  0.000e+00 
 0.000e+00  0.000e+00  0.000e+00  1.000e+00  0.000e+00  0.000e+00 
 0.000e+00  0.000e+00  0.000e+00  0.000e+00  1.000e+00  0.000e+00 
 0.000e+00  0.000e+00  0.000e+00  0.000e+00  0.000e+00  1.000e+00 


lambda:
 1.000e+00  1.000e+00 -3.706e+02  4.516e+02  1.000e+00  1.000e+00 

./a.out : Residual1 = 1.228099e-16 Residual2 = 0.000000e+00 Iterations = 9     Iterations1 = 0 Elapsed1 = 0.00 Elapsed2 = 0.00
============================== a.out n=82 s=3 =========================
### Run  ./a.out 82 6 1e-14 3
A:
 1.000e+00  0.000e+00  0.000e+00  0.000e+00  0.000e+00  0.000e+00 
 0.000e+00  1.000e+00  0.000e+00  0.000e+00  0.000e+00  0.000e+00 
 0.000e+00  0.000e+00  1.000e+00  0.000e+00  0.000e+00  0.000e+00 
 0.000e+00  0.000e+00  0.000e+00  1.000e+00  0.000e+00  0.000e+00 
 0.000e+00  0.000e+00  0.000e+00  0.000e+00  1.000e+00  0.000e+00 
 0.000e+00  0.000e+00  0.000e+00  0.000e+00  0.000e+00  1.000e+00 


lambda:
 1.000e+00  1.000e+00 -3.779e+02  4.599e+02  1.000e+00  1.000e+00 

./a.out : Residual1 = 8.558178e-17 Residual2 = 3.423271e-17 Iterations = 9     Iterations1 = 0 Elapsed1 = 0.00 Elapsed2 = 0.00
============================== a.out n=83 s=3 =========================
### Run  ./a.out 83 6 1e-14 3
A:
 1.000e+00  0.000e+00  0.000e+00  0.000e+00  0.000e+00  0.000e+00 
 0.000e+00  1.000e+00  0.000e+00  0.000e+00  0.000e+00  0.000e+00 
 0.000e+00  0.000e+00  1.000e+00  0.000e+00  0.000e+00  0.000e+00 
 0.000e+00  0.000e+00  0.000e+00  1.000e+00  0.000e+00  0.000e+00 
 0.000e+00  0.000e+00  0.000e+00  0.000e+00  1.000e+00  0.000e+00 
 0.000e+00  0.000e+00  0.000e+00  0.000e+00  0.000e+00  1.000e+00 


lambda:
 1.000e+00  1.000e+00 -3.852e+02  4.682e+02  1.000e+00  1.000e+00 

./a.out : Residual1 = 2.004470e-16 Residual2 = 2.004470e-16 Iterations = 9     Iterations1 = 0 Elapsed1 = 0.00 Elapsed2 = 0.00
============================== a.out n=84 s=3 =========================
### Run  ./a.out 84 6 1e-14 3
A:
 1.000e+00  0.000e+00  0.000e+00  0.000e+00  0.000e+00  0.000e+00 
 0.000e+00  1.000e+00  0.000e+00  0.000e+00  0.000e+00  0.000e+00 
 0.000e+00  0.000e+00  1.000e+00  0.000e+00  0.000e+00  0.000e+00 
 0.000e+00  0.000e+00  0.000e+00  1.000e+00  0.000e+00  0.000e+00 
 0.000e+00  0.000e+00  0.000e+00  0.000e+00  1.000e+00  0.000e+00 
 0.000e+00  0.000e+00  0.000e+00  0.000e+00  0.000e+00  1.000e+00 


lambda:
 1.000e+00  1.000e+00 -3.926e+02  4.766e+02  1.000e+00  1.000e+00 

./a.out : Residual1 = 2.282868e-16 Residual2 = 1.630620e-16 Iterations = 9     Iterations1 = 0 Elapsed1 = 0.00 Elapsed2 = 0.00
============================== a.out n=85 s=3 =========================
### Run  ./a.out 85 6 1e-14 3
A:
 1.000e+00  0.000e+00  0.000e+00  0.000e+00  0.000e+00  0.000e+00 
 0.000e+00  1.000e+00  0.000e+00  0.000e+00  0.000e+00  0.000e+00 
 0.000e+00  0.000e+00  1.000e+00  0.000e+00  0.000e+00  0.000e+00 
 0.000e+00  0.000e+00  0.000e+00  1.000e+00  0.000e+00  0.000e+00 
 0.000e+00  0.000e+00  0.000e+00  0.000e+00  1.000e+00  0.000e+00 
 0.000e+00  0.000e+00  0.000e+00  0.000e+00  0.000e+00  1.000e+00 


lambda:
 1.000e+00  1.000e+00 -4.000e+02  4.850e+02  1.000e+00  1.000e+00 

./a.out : Residual1 = 1.910703e-16 Residual2 = 0.000000e+00 Iterations = 9     Iterations1 = 0 Elapsed1 = 0.00 Elapsed2 = 0.00
============================== a.out n=86 s=3 =========================
### Run  ./a.out 86 6 1e-14 3
A:
 1.000e+00  0.000e+00  0.000e+00  0.000e+00  0.000e+00  0.000e+00 
 0.000e+00  1.000e+00  0.000e+00  0.000e+00  0.000e+00  0.000e+00 
 0.000e+00  0.000e+00  1.000e+00  0.000e+00  0.000e+00  0.000e+00 
 0.000e+00  0.000e+00  0.000e+00  1.000e+00  0.000e+00  0.000e+00 
 0.000e+00  0.000e+00  0.000e+00  0.000e+00  1.000e+00  0.000e+00 
 0.000e+00  0.000e+00  0.000e+00  0.000e+00  0.000e+00  1.000e+00 


lambda:
 1.000e+00  1.000e+00 -4.074e+02  4.934e+02  1.000e+00  1.000e+00 

./a.out : Residual1 = 6.220894e-17 Residual2 = 6.220894e-17 Iterations = 9     Iterations1 = 0 Elapsed1 = 0.00 Elapsed2 = 0.00
============================== a.out n=87 s=3 =========================
### Run  ./a.out 87 6 1e-14 3
A:
 1.000e+00  0.000e+00  0.000e+00  0.000e+00  0.000e+00  0.000e+00 
 0.000e+00  1.000e+00  0.000e+00  0.000e+00  0.000e+00  0.000e+00 
 0.000e+00  0.000e+00  1.000e+00  0.000e+00  0.000e+00  0.000e+00 
 0.000e+00  0.000e+00  0.000e+00  1.000e+00  0.000e+00  0.000e+00 
 0.000e+00  0.000e+00  0.000e+00  0.000e+00  1.000e+00  0.000e+00 
 0.000e+00  0.000e+00  0.000e+00  0.000e+00  0.000e+00  1.000e+00 


lambda:
 1.000e+00  1.000e+00 -4.149e+02  5.019e+02  1.000e+00  1.000e+00 

./a.out : Residual1 = 3.038942e-17 Residual2 = 1.215577e-16 Iterations = 9     Iterations1 = 0 Elapsed1 = 0.00 Elapsed2 = 0.00
============================== a.out n=88 s=3 =========================
### Run  ./a.out 88 6 1e-14 3
A:
 1.000e+00  0.000e+00  0.000e+00  0.000e+00  0.000e+00  0.000e+00 
 0.000e+00  1.000e+00  0.000e+00  0.000e+00  0.000e+00  0.000e+00 
 0.000e+00  0.000e+00  1.000e+00  0.000e+00  0.000e+00  0.000e+00 
 0.000e+00  0.000e+00  0.000e+00  1.000e+00  0.000e+00  0.000e+00 
 0.000e+00  0.000e+00  0.000e+00  0.000e+00  1.000e+00  0.000e+00 
 0.000e+00  0.000e+00  0.000e+00  0.000e+00  0.000e+00  1.000e+00 


lambda:
 1.000e+00  1.000e+00 -4.225e+02  5.105e+02  1.000e+00  1.000e+00 

./a.out : Residual1 = 1.781925e-16 Residual2 = 1.187950e-16 Iterations = 9     Iterations1 = 0 Elapsed1 = 0.00 Elapsed2 = 0.00
============================== a.out n=89 s=3 =========================
### Run  ./a.out 89 6 1e-14 3
A:
 1.000e+00  0.000e+00  0.000e+00  0.000e+00  0.000e+00  0.000e+00 
 0.000e+00  1.000e+00  0.000e+00  0.000e+00  0.000e+00  0.000e+00 
 0.000e+00  0.000e+00  1.000e+00  0.000e+00  0.000e+00  0.000e+00 
 0.000e+00  0.000e+00  0.000e+00  1.000e+00  0.000e+00  0.000e+00 
 0.000e+00  0.000e+00  0.000e+00  0.000e+00  1.000e+00  0.000e+00 
 0.000e+00  0.000e+00  0.000e+00  0.000e+00  0.000e+00  1.000e+00 


lambda:
 1.000e+00  1.000e+00 -4.300e+02  5.190e+02  1.000e+00  1.000e+00 

./a.out : Residual1 = 8.709410e-17 Residual2 = 8.709410e-17 Iterations = 9     Iterations1 = 0 Elapsed1 = 0.00 Elapsed2 = 0.00
============================== a.out n=90 s=3 =========================
### Run  ./a.out 90 6 1e-14 3
A:
 1.000e+00  0.000e+00  0.000e+00  0.000e+00  0.000e+00  0.000e+00 
 0.000e+00  1.000e+00  0.000e+00  0.000e+00  0.000e+00  0.000e+00 
 0.000e+00  0.000e+00  1.000e+00  0.000e+00  0.000e+00  0.000e+00 
 0.000e+00  0.000e+00  0.000e+00  1.000e+00  0.000e+00  0.000e+00 
 0.000e+00  0.000e+00  0.000e+00  0.000e+00  1.000e+00  0.000e+00 
 0.000e+00  0.000e+00  0.000e+00  0.000e+00  0.000e+00  1.000e+00 


lambda:
 1.000e+00  1.000e+00 -4.377e+02  5.277e+02  1.000e+00  1.000e+00 

./a.out : Residual1 = 2.980554e-16 Residual2 = 2.838623e-17 Iterations = 9     Iterations1 = 0 Elapsed1 = 0.00 Elapsed2 = 0.00
============================== a.out n=91 s=3 =========================
### Run  ./a.out 91 6 1e-14 3
A:
 1.000e+00  0.000e+00  0.000e+00  0.000e+00  0.000e+00  0.000e+00 
 0.000e+00  1.000e+00  0.000e+00  0.000e+00  0.000e+00  0.000e+00 
 0.000e+00  0.000e+00  1.000e+00  0.000e+00  0.000e+00  0.000e+00 
 0.000e+00  0.000e+00  0.000e+00  1.000e+00  0.000e+00  0.000e+00 
 0.000e+00  0.000e+00  0.000e+00  0.000e+00  1.000e+00  0.000e+00 
 0.000e+00  0.000e+00  0.000e+00  0.000e+00  0.000e+00  1.000e+00 


lambda:
 1.000e+00  1.000e+00 -4.454e+02  5.364e+02  1.000e+00  1.000e+00 

./a.out : Residual1 = 1.110494e-16 Residual2 = 2.776235e-17 Iterations = 9     Iterations1 = 0 Elapsed1 = 0.00 Elapsed2 = 0.00
============================== a.out n=92 s=3 =========================
### Run  ./a.out 92 6 1e-14 3
A:
 1.000e+00  0.000e+00  0.000e+00  0.000e+00  0.000e+00  0.000e+00 
 0.000e+00  1.000e+00  0.000e+00  0.000e+00  0.000e+00  0.000e+00 
 0.000e+00  0.000e+00  1.000e+00  0.000e+00  0.000e+00  0.000e+00 
 0.000e+00  0.000e+00  0.000e+00  1.000e+00  0.000e+00  0.000e+00 
 0.000e+00  0.000e+00  0.000e+00  0.000e+00  1.000e+00  0.000e+00 
 0.000e+00  0.000e+00  0.000e+00  0.000e+00  0.000e+00  1.000e+00 


lambda:
 1.000e+00  1.000e+00 -4.531e+02  5.451e+02  1.000e+00  1.000e+00 

./a.out : Residual1 = 4.073824e-17 Residual2 = 5.431765e-17 Iterations = 9     Iterations1 = 0 Elapsed1 = 0.00 Elapsed2 = 0.00
============================== a.out n=93 s=3 =========================
### Run  ./a.out 93 6 1e-14 3
A:
 1.000e+00  0.000e+00  0.000e+00  0.000e+00  0.000e+00  0.000e+00 
 0.000e+00  1.000e+00  0.000e+00  0.000e+00  0.000e+00  0.000e+00 
 0.000e+00  0.000e+00  1.000e+00  0.000e+00  0.000e+00  0.000e+00 
 0.000e+00  0.000e+00  0.000e+00  1.000e+00  0.000e+00  0.000e+00 
 0.000e+00  0.000e+00  0.000e+00  0.000e+00  1.000e+00  0.000e+00 
 0.000e+00  0.000e+00  0.000e+00  0.000e+00  0.000e+00  1.000e+00 


lambda:
 1.000e+00  1.000e+00 -4.609e+02  5.539e+02  1.000e+00  1.000e+00 

./a.out : Residual1 = 2.125981e-16 Residual2 = 1.328738e-16 Iterations = 9     Iterations1 = 0 Elapsed1 = 0.00 Elapsed2 = 0.00
============================== a.out n=94 s=3 =========================
### Run  ./a.out 94 6 1e-14 3
A:
 1.000e+00  0.000e+00  0.000e+00  0.000e+00  0.000e+00  0.000e+00 
 0.000e+00  1.000e+00  0.000e+00  0.000e+00  0.000e+00  0.000e+00 
 0.000e+00  0.000e+00  1.000e+00  0.000e+00  0.000e+00  0.000e+00 
 0.000e+00  0.000e+00  0.000e+00  1.000e+00  0.000e+00  0.000e+00 
 0.000e+00  0.000e+00  0.000e+00  0.000e+00  1.000e+00  0.000e+00 
 0.000e+00  0.000e+00  0.000e+00  0.000e+00  0.000e+00  1.000e+00 


lambda:
 1.000e+00  1.000e+00 -4.687e+02  5.627e+02  1.000e+00  1.000e+00 

./a.out : Residual1 = 7.802803e-17 Residual2 = 7.802803e-17 Iterations = 8     Iterations1 = 0 Elapsed1 = 0.00 Elapsed2 = 0.00
============================== a.out n=95 s=3 =========================
### Run  ./a.out 95 6 1e-14 3
A:
 1.000e+00  0.000e+00  0.000e+00  0.000e+00  0.000e+00  0.000e+00 
 0.000e+00  1.000e+00  0.000e+00  0.000e+00  0.000e+00  0.000e+00 
 0.000e+00  0.000e+00  1.000e+00  0.000e+00  0.000e+00  0.000e+00 
 0.000e+00  0.000e+00  0.000e+00  1.000e+00  0.000e+00  0.000e+00 
 0.000e+00  0.000e+00  0.000e+00  0.000e+00  1.000e+00  0.000e+00 
 0.000e+00  0.000e+00  0.000e+00  0.000e+00  0.000e+00  1.000e+00 


lambda:
 1.000e+00  1.000e+00 -4.765e+02  5.715e+02  1.000e+00  1.000e+00 

./a.out : Residual1 = 1.273089e-16 Residual2 = 5.092356e-17 Iterations = 8     Iterations1 = 0 Elapsed1 = 0.00 Elapsed2 = 0.00
============================== a.out n=96 s=3 =========================
### Run  ./a.out 96 6 1e-14 3
A:
 1.000e+00  0.000e+00  0.000e+00  0.000e+00  0.000e+00  0.000e+00 
 0.000e+00  1.000e+00  0.000e+00  0.000e+00  0.000e+00  0.000e+00 
 0.000e+00  0.000e+00  1.000e+00  0.000e+00  0.000e+00  0.000e+00 
 0.000e+00  0.000e+00  0.000e+00  1.000e+00  0.000e+00  0.000e+00 
 0.000e+00  0.000e+00  0.000e+00  0.000e+00  1.000e+00  0.000e+00 
 0.000e+00  0.000e+00  0.000e+00  0.000e+00  0.000e+00  1.000e+00 


lambda:
 1.000e+00  1.000e+00 -4.845e+02  5.805e+02  1.000e+00  1.000e+00 

./a.out : Residual1 = 3.739699e-17 Residual2 = 1.745193e-16 Iterations = 8     Iterations1 = 0 Elapsed1 = 0.00 Elapsed2 = 0.00
============================== a.out n=97 s=3 =========================
### Run  ./a.out 97 6 1e-14 3
A:
 1.000e+00  0.000e+00  0.000e+00  0.000e+00  0.000e+00  0.000e+00 
 0.000e+00  1.000e+00  0.000e+00  0.000e+00  0.000e+00  0.000e+00 
 0.000e+00  0.000e+00  1.000e+00  0.000e+00  0.000e+00  0.000e+00 
 0.000e+00  0.000e+00  0.000e+00  1.000e+00  0.000e+00  0.000e+00 
 0.000e+00  0.000e+00  0.000e+00  0.000e+00  1.000e+00  0.000e+00 
 0.000e+00  0.000e+00  0.000e+00  0.000e+00  0.000e+00  1.000e+00 


lambda:
 1.000e+00  1.000e+00 -4.924e+02  5.894e+02  1.000e+00  1.000e+00 

./a.out : Residual1 = 4.883455e-17 Residual2 = 9.766910e-17 Iterations = 8     Iterations1 = 0 Elapsed1 = 0.00 Elapsed2 = 0.00
============================== a.out n=98 s=3 =========================
### Run  ./a.out 98 6 1e-14 3
A:
 1.000e+00  0.000e+00  0.000e+00  0.000e+00  0.000e+00  0.000e+00 
 0.000e+00  1.000e+00  0.000e+00  0.000e+00  0.000e+00  0.000e+00 
 0.000e+00  0.000e+00  1.000e+00  0.000e+00  0.000e+00  0.000e+00 
 0.000e+00  0.000e+00  0.000e+00  1.000e+00  0.000e+00  0.000e+00 
 0.000e+00  0.000e+00  0.000e+00  0.000e+00  1.000e+00  0.000e+00 
 0.000e+00  0.000e+00  0.000e+00  0.000e+00  0.000e+00  1.000e+00 


lambda:
 1.000e+00  1.000e+00 -5.004e+02  5.984e+02  1.000e+00  1.000e+00 

./a.out : Residual1 = 1.554733e-16 Residual2 = 1.195948e-16 Iterations = 8     Iterations1 = 0 Elapsed1 = 0.00 Elapsed2 = 0.00
============================== a.out n=99 s=3 =========================
### Run  ./a.out 99 6 1e-14 3
A:
 1.000e+00  0.000e+00  0.000e+00  0.000e+00  0.000e+00  0.000e+00 
 0.000e+00  1.000e+00  0.000e+00  0.000e+00  0.000e+00  0.000e+00 
 0.000e+00  0.000e+00  1.000e+00  0.000e+00  0.000e+00  0.000e+00 
 0.000e+00  0.000e+00  0.000e+00  1.000e+00  0.000e+00  0.000e+00 
 0.000e+00  0.000e+00  0.000e+00  0.000e+00  1.000e+00  0.000e+00 
 0.000e+00  0.000e+00  0.000e+00  0.000e+00  0.000e+00  1.000e+00 


lambda:
 1.000e+00  1.000e+00 -5.084e+02  6.074e+02  1.000e+00  1.000e+00 

./a.out : Residual1 = 1.054609e-16 Residual2 = 2.343575e-17 Iterations = 8     Iterations1 = 0 Elapsed1 = 0.00 Elapsed2 = 0.00
============================== a.out n=100 s=3 =========================
### Run  ./a.out 100 6 1e-14 3
A:
 1.000e+00  0.000e+00  0.000e+00  0.000e+00  0.000e+00  0.000e+00 
 0.000e+00  1.000e+00  0.000e+00  0.000e+00  0.000e+00  0.000e+00 
 0.000e+00  0.000e+00  1.000e+00  0.000e+00  0.000e+00  0.000e+00 
 0.000e+00  0.000e+00  0.000e+00  1.000e+00  0.000e+00  0.000e+00 
 0.000e+00  0.000e+00  0.000e+00  0.000e+00  1.000e+00  0.000e+00 
 0.000e+00  0.000e+00  0.000e+00  0.000e+00  0.000e+00  1.000e+00 


lambda:
 1.000e+00  1.000e+00 -5.165e+02  6.165e+02  1.000e+00  1.000e+00 

./a.out : Residual1 = 1.148352e-16 Residual2 = 1.378022e-16 Iterations = 8     Iterations1 = 0 Elapsed1 = 0.00 Elapsed2 = 0.00
============================== a.out n=1 s=4 =========================
### Run  ./a.out 1 6 1e-14 4
A:
 1.000e+00 


lambda:
 1.000e+00 

./a.out : Residual1 = 0.000000e+00 Residual2 = 0.000000e+00 Iterations = 0     Iterations1 = 0 Elapsed1 = 0.00 Elapsed2 = 0.00
============================== a.out n=2 s=4 =========================
### Run  ./a.out 2 6 1e-14 4
A:
 1.000e+00  5.000e-01 
 5.000e-01  3.333e-01 


lambda:
 1.268e+00  6.574e-02 

./a.out : Residual1 = 0.000000e+00 Residual2 = 0.000000e+00 Iterations = 0     Iterations1 = 0 Elapsed1 = 0.00 Elapsed2 = 0.00
============================== a.out n=3 s=4 =========================
### Run  ./a.out 3 6 1e-14 4
A:
 1.000e+00  5.000e-01  3.333e-01 
 5.000e-01  3.333e-01  2.500e-01 
 3.333e-01  2.500e-01  2.000e-01 


lambda:
 1.408e+00  1.223e-01  2.687e-03 

./a.out : Residual1 = 1.211152e-16 Residual2 = 2.422305e-16 Iterations = 5     Iterations1 = 1 Elapsed1 = 0.00 Elapsed2 = 0.00
============================== a.out n=4 s=4 =========================
### Run  ./a.out 4 6 1e-14 4
A:
 1.000e+00  5.000e-01  3.333e-01  2.500e-01 
 5.000e-01  3.333e-01  2.500e-01  2.000e-01 
 3.333e-01  2.500e-01  2.000e-01  1.667e-01 
 2.500e-01  2.000e-01  1.667e-01  1.429e-01 


lambda:
 1.500e+00  1.691e-01  6.738e-03  9.670e-05 

./a.out : Residual1 = 1.065814e-16 Residual2 = 0.000000e+00 Iterations = 6     Iterations1 = 1 Elapsed1 = 0.00 Elapsed2 = 0.00
============================== a.out n=5 s=4 =========================
### Run  ./a.out 5 6 1e-14 4
A:
 1.000e+00  5.000e-01  3.333e-01  2.500e-01  2.000e-01 
 5.000e-01  3.333e-01  2.500e-01  2.000e-01  1.667e-01 
 3.333e-01  2.500e-01  2.000e-01  1.667e-01  1.429e-01 
 2.500e-01  2.000e-01  1.667e-01  1.429e-01  1.250e-01 
 2.000e-01  1.667e-01  1.429e-01  1.250e-01  1.111e-01 


lambda:
 1.567e+00  2.085e-01  1.141e-02  3.059e-04  3.288e-06 

./a.out : Residual1 = 1.944916e-16 Residual2 = 1.944916e-16 Iterations = 6     Iterations1 = 1 Elapsed1 = 0.00 Elapsed2 = 0.00
============================== a.out n=6 s=4 =========================
### Run  ./a.out 6 6 1e-14 4
A:
 1.000e+00  5.000e-01  3.333e-01  2.500e-01  2.000e-01  1.667e-01 
 5.000e-01  3.333e-01  2.500e-01  2.000e-01  1.667e-01  1.429e-01 
 3.333e-01  2.500e-01  2.000e-01  1.667e-01  1.429e-01  1.250e-01 
 2.500e-01  2.000e-01  1.667e-01  1.429e-01  1.250e-01  1.111e-01 
 2.000e-01  1.667e-01  1.429e-01  1.250e-01  1.111e-01  1.000e-01 
 1.667e-01  1.429e-01  1.250e-01  1.111e-01  1.000e-01  9.091e-02 


lambda:
 1.619e+00  2.424e-01  1.632e-02  6.157e-04  1.257e-05  1.083e-07 

./a.out : Residual1 = 9.063045e-17 Residual2 = 9.063045e-17 Iterations = 7     Iterations1 = 1 Elapsed1 = 0.00 Elapsed2 = 0.00
============================== a.out n=7 s=4 =========================
### Run  ./a.out 7 6 1e-14 4
A:
 1.000e+00  5.000e-01  3.333e-01  2.500e-01  2.000e-01  1.667e-01 
 5.000e-01  3.333e-01  2.500e-01  2.000e-01  1.667e-01  1.429e-01 
 3.333e-01  2.500e-01  2.000e-01  1.667e-01  1.429e-01  1.250e-01 
 2.500e-01  2.000e-01  1.667e-01  1.429e-01  1.250e-01  1.111e-01 
 2.000e-01  1.667e-01  1.429e-01  1.250e-01  1.111e-01  1.000e-01 
 1.667e-01  1.429e-01  1.250e-01  1.111e-01  1.000e-01  9.091e-02 


lambda:
 1.661e+00  2.719e-01  2.129e-02  1.009e-03  2.939e-05  4.857e-07 

./a.out : Residual1 = 0.000000e+00 Residual2 = 8.563704e-17 Iterations = 7     Iterations1 = 1 Elapsed1 = 0.00 Elapsed2 = 0.00
============================== a.out n=8 s=4 =========================
### Run  ./a.out 8 6 1e-14 4
A:
 1.000e+00  5.000e-01  3.333e-01  2.500e-01  2.000e-01  1.667e-01 
 5.000e-01  3.333e-01  2.500e-01  2.000e-01  1.667e-01  1.429e-01 
 3.333e-01  2.500e-01  2.000e-01  1.667e-01  1.429e-01  1.250e-01 
 2.500e-01  2.000e-01  1.667e-01  1.429e-01  1.250e-01  1.111e-01 
 2.000e-01  1.667e-01  1.429e-01  1.250e-01  1.111e-01  1.000e-01 
 1.667e-01  1.429e-01  1.250e-01  1.111e-01  1.000e-01  9.091e-02 


lambda:
 1.696e+00  2.981e-01  2.621e-02  1.468e-03  5.437e-05  1.294e-06 

./a.out : Residual1 = 0.000000e+00 Residual2 = 0.000000e+00 Iterations = 8     Iterations1 = 1 Elapsed1 = 0.00 Elapsed2 = 0.00
============================== a.out n=9 s=4 =========================
### Run  ./a.out 9 6 1e-14 4
A:
 1.000e+00  5.000e-01  3.333e-01  2.500e-01  2.000e-01  1.667e-01 
 5.000e-01  3.333e-01  2.500e-01  2.000e-01  1.667e-01  1.429e-01 
 3.333e-01  2.500e-01  2.000e-01  1.667e-01  1.429e-01  1.250e-01 
 2.500e-01  2.000e-01  1.667e-01  1.429e-01  1.250e-01  1.111e-01 
 2.000e-01  1.667e-01  1.429e-01  1.250e-01  1.111e-01  1.000e-01 
 1.667e-01  1.429e-01  1.250e-01  1.111e-01  1.000e-01  9.091e-02 


lambda:
 1.726e+00  3.216e-01  3.104e-02  1.979e-03  8.758e-05  2.673e-06 

./a.out : Residual1 = 1.569792e-16 Residual2 = 1.569792e-16 Iterations = 8     Iterations1 = 0 Elapsed1 = 0.00 Elapsed2 = 0.00
============================== a.out n=10 s=4 =========================
### Run  ./a.out 10 6 1e-14 4
A:
 1.000e+00  5.000e-01  3.333e-01  2.500e-01  2.000e-01  1.667e-01 
 5.000e-01  3.333e-01  2.500e-01  2.000e-01  1.667e-01  1.429e-01 
 3.333e-01  2.500e-01  2.000e-01  1.667e-01  1.429e-01  1.250e-01 
 2.500e-01  2.000e-01  1.667e-01  1.429e-01  1.250e-01  1.111e-01 
 2.000e-01  1.667e-01  1.429e-01  1.250e-01  1.111e-01  1.000e-01 
 1.667e-01  1.429e-01  1.250e-01  1.111e-01  1.000e-01  9.091e-02 


lambda:
 1.752e+00  3.429e-01  3.574e-02  2.531e-03  1.287e-04  4.730e-06 

./a.out : Residual1 = 1.516197e-16 Residual2 = 7.580984e-17 Iterations = 8     Iterations1 = 0 Elapsed1 = 0.00 Elapsed2 = 0.00
============================== a.out n=11 s=4 =========================
### Run  ./a.out 11 6 1e-14 4
A:
 1.000e+00  5.000e-01  3.333e-01  2.500e-01  2.000e-01  1.667e-01 
 5.000e-01  3.333e-01  2.500e-01  2.000e-01  1.667e-01  1.429e-01 
 3.333e-01  2.500e-01  2.000e-01  1.667e-01  1.429e-01  1.250e-01 
 2.500e-01  2.000e-01  1.667e-01  1.429e-01  1.250e-01  1.111e-01 
 2.000e-01  1.667e-01  1.429e-01  1.250e-01  1.111e-01  1.000e-01 
 1.667e-01  1.429e-01  1.250e-01  1.111e-01  1.000e-01  9.091e-02 


lambda:
 1.775e+00  3.624e-01  4.031e-02  3.114e-03  1.774e-04  7.542e-06 

./a.out : Residual1 = 5.882215e-16 Residual2 = 2.941108e-16 Iterations = 9     Iterations1 = 0 Elapsed1 = 0.00 Elapsed2 = 0.00
============================== a.out n=12 s=4 =========================
### Run  ./a.out 12 6 1e-14 4
A:
 1.000e+00  5.000e-01  3.333e-01  2.500e-01  2.000e-01  1.667e-01 
 5.000e-01  3.333e-01  2.500e-01  2.000e-01  1.667e-01  1.429e-01 
 3.333e-01  2.500e-01  2.000e-01  1.667e-01  1.429e-01  1.250e-01 
 2.500e-01  2.000e-01  1.667e-01  1.429e-01  1.250e-01  1.111e-01 
 2.000e-01  1.667e-01  1.429e-01  1.250e-01  1.111e-01  1.000e-01 
 1.667e-01  1.429e-01  1.250e-01  1.111e-01  1.000e-01  9.091e-02 


lambda:
 1.795e+00  3.803e-01  4.474e-02  3.722e-03  2.331e-04  1.116e-05 

./a.out : Residual1 = 0.000000e+00 Residual2 = 1.431064e-16 Iterations = 9     Iterations1 = 0 Elapsed1 = 0.00 Elapsed2 = 0.00
============================== a.out n=13 s=4 =========================
### Run  ./a.out 13 6 1e-14 4
A:
 1.000e+00  5.000e-01  3.333e-01  2.500e-01  2.000e-01  1.667e-01 
 5.000e-01  3.333e-01  2.500e-01  2.000e-01  1.667e-01  1.429e-01 
 3.333e-01  2.500e-01  2.000e-01  1.667e-01  1.429e-01  1.250e-01 
 2.500e-01  2.000e-01  1.667e-01  1.429e-01  1.250e-01  1.111e-01 
 2.000e-01  1.667e-01  1.429e-01  1.250e-01  1.111e-01  1.000e-01 
 1.667e-01  1.429e-01  1.250e-01  1.111e-01  1.000e-01  9.091e-02 


lambda:
 1.814e+00  3.968e-01  4.903e-02  4.349e-03  2.952e-04  1.562e-05 

./a.out : Residual1 = 2.792896e-16 Residual2 = 6.982241e-16 Iterations = 9     Iterations1 = 0 Elapsed1 = 0.00 Elapsed2 = 0.00
============================== a.out n=14 s=4 =========================
### Run  ./a.out 14 6 1e-14 4
A:
 1.000e+00  5.000e-01  3.333e-01  2.500e-01  2.000e-01  1.667e-01 
 5.000e-01  3.333e-01  2.500e-01  2.000e-01  1.667e-01  1.429e-01 
 3.333e-01  2.500e-01  2.000e-01  1.667e-01  1.429e-01  1.250e-01 
 2.500e-01  2.000e-01  1.667e-01  1.429e-01  1.250e-01  1.111e-01 
 2.000e-01  1.667e-01  1.429e-01  1.250e-01  1.111e-01  1.000e-01 
 1.667e-01  1.429e-01  1.250e-01  1.111e-01  1.000e-01  9.091e-02 


lambda:
 1.831e+00  4.122e-01  5.319e-02  4.989e-03  3.631e-04  2.094e-05 

./a.out : Residual1 = 0.000000e+00 Residual2 = 7.511745e-16 Iterations = 10     Iterations1 = 0 Elapsed1 = 0.00 Elapsed2 = 0.00
============================== a.out n=15 s=4 =========================
### Run  ./a.out 15 6 1e-14 4
A:
 1.000e+00  5.000e-01  3.333e-01  2.500e-01  2.000e-01  1.667e-01 
 5.000e-01  3.333e-01  2.500e-01  2.000e-01  1.667e-01  1.429e-01 
 3.333e-01  2.500e-01  2.000e-01  1.667e-01  1.429e-01  1.250e-01 
 2.500e-01  2.000e-01  1.667e-01  1.429e-01  1.250e-01  1.111e-01 
 2.000e-01  1.667e-01  1.429e-01  1.250e-01  1.111e-01  1.000e-01 
 1.667e-01  1.429e-01  1.250e-01  1.111e-01  1.000e-01  9.091e-02 


lambda:
 1.846e+00  4.266e-01  5.721e-02  5.640e-03  4.365e-04  2.711e-05 

./a.out : Residual1 = 2.676664e-16 Residual2 = 2.676664e-16 Iterations = 10     Iterations1 = 0 Elapsed1 = 0.00 Elapsed2 = 0.00
============================== a.out n=16 s=4 =========================
### Run  ./a.out 16 6 1e-14 4
A:
 1.000e+00  5.000e-01  3.333e-01  2.500e-01  2.000e-01  1.667e-01 
 5.000e-01  3.333e-01  2.500e-01  2.000e-01  1.667e-01  1.429e-01 
 3.333e-01  2.500e-01  2.000e-01  1.667e-01  1.429e-01  1.250e-01 
 2.500e-01  2.000e-01  1.667e-01  1.429e-01  1.250e-01  1.111e-01 
 2.000e-01  1.667e-01  1.429e-01  1.250e-01  1.111e-01  1.000e-01 
 1.667e-01  1.429e-01  1.250e-01  1.111e-01  1.000e-01  9.091e-02 


lambda:
 1.860e+00  4.401e-01  6.111e-02  6.298e-03  5.147e-04  3.413e-05 

./a.out : Residual1 = 6.567950e-16 Residual2 = 8.538336e-16 Iterations = 10     Iterations1 = 0 Elapsed1 = 0.00 Elapsed2 = 0.00
============================== a.out n=17 s=4 =========================
### Run  ./a.out 17 6 1e-14 4
A:
 1.000e+00  5.000e-01  3.333e-01  2.500e-01  2.000e-01  1.667e-01 
 5.000e-01  3.333e-01  2.500e-01  2.000e-01  1.667e-01  1.429e-01 
 3.333e-01  2.500e-01  2.000e-01  1.667e-01  1.429e-01  1.250e-01 
 2.500e-01  2.000e-01  1.667e-01  1.429e-01  1.250e-01  1.111e-01 
 2.000e-01  1.667e-01  1.429e-01  1.250e-01  1.111e-01  1.000e-01 
 1.667e-01  1.429e-01  1.250e-01  1.111e-01  1.000e-01  9.091e-02 


lambda:
 1.873e+00  4.528e-01  6.490e-02  6.961e-03  5.973e-04  4.198e-05 

./a.out : Residual1 = 1.291125e-16 Residual2 = 7.746750e-16 Iterations = 10     Iterations1 = 0 Elapsed1 = 0.00 Elapsed2 = 0.00
============================== a.out n=18 s=4 =========================
### Run  ./a.out 18 6 1e-14 4
A:
 1.000e+00  5.000e-01  3.333e-01  2.500e-01  2.000e-01  1.667e-01 
 5.000e-01  3.333e-01  2.500e-01  2.000e-01  1.667e-01  1.429e-01 
 3.333e-01  2.500e-01  2.000e-01  1.667e-01  1.429e-01  1.250e-01 
 2.500e-01  2.000e-01  1.667e-01  1.429e-01  1.250e-01  1.111e-01 
 2.000e-01  1.667e-01  1.429e-01  1.250e-01  1.111e-01  1.000e-01 
 1.667e-01  1.429e-01  1.250e-01  1.111e-01  1.000e-01  9.091e-02 


lambda:
 1.885e+00  4.649e-01  6.857e-02  7.627e-03  6.839e-04  5.065e-05 

./a.out : Residual1 = 0.000000e+00 Residual2 = 3.811807e-16 Iterations = 11     Iterations1 = 0 Elapsed1 = 0.00 Elapsed2 = 0.00
============================== a.out n=19 s=4 =========================
### Run  ./a.out 19 6 1e-14 4
A:
 1.000e+00  5.000e-01  3.333e-01  2.500e-01  2.000e-01  1.667e-01 
 5.000e-01  3.333e-01  2.500e-01  2.000e-01  1.667e-01  1.429e-01 
 3.333e-01  2.500e-01  2.000e-01  1.667e-01  1.429e-01  1.250e-01 
 2.500e-01  2.000e-01  1.667e-01  1.429e-01  1.250e-01  1.111e-01 
 2.000e-01  1.667e-01  1.429e-01  1.250e-01  1.111e-01  1.000e-01 
 1.667e-01  1.429e-01  1.250e-01  1.111e-01  1.000e-01  9.091e-02 


lambda:
 1.897e+00  4.762e-01  7.213e-02  8.294e-03  7.742e-04  6.011e-05 

./a.out : Residual1 = 2.503505e-16 Residual2 = 6.258763e-16 Iterations = 11     Iterations1 = 0 Elapsed1 = 0.00 Elapsed2 = 0.00
============================== a.out n=20 s=4 =========================
### Run  ./a.out 20 6 1e-14 4
A:
 1.000e+00  5.000e-01  3.333e-01  2.500e-01  2.000e-01  1.667e-01 
 5.000e-01  3.333e-01  2.500e-01  2.000e-01  1.667e-01  1.429e-01 
 3.333e-01  2.500e-01  2.000e-01  1.667e-01  1.429e-01  1.250e-01 
 2.500e-01  2.000e-01  1.667e-01  1.429e-01  1.250e-01  1.111e-01 
 2.000e-01  1.667e-01  1.429e-01  1.250e-01  1.111e-01  1.000e-01 
 1.667e-01  1.429e-01  1.250e-01  1.111e-01  1.000e-01  9.091e-02 


lambda:
 1.907e+00  4.870e-01  7.560e-02  8.961e-03  8.677e-04  7.033e-05 

./a.out : Residual1 = 0.000000e+00 Residual2 = 3.703068e-16 Iterations = 11     Iterations1 = 0 Elapsed1 = 0.00 Elapsed2 = 0.00
============================== a.out n=21 s=4 =========================
### Run  ./a.out 21 6 1e-14 4
A:
 1.000e+00  5.000e-01  3.333e-01  2.500e-01  2.000e-01  1.667e-01 
 5.000e-01  3.333e-01  2.500e-01  2.000e-01  1.667e-01  1.429e-01 
 3.333e-01  2.500e-01  2.000e-01  1.667e-01  1.429e-01  1.250e-01 
 2.500e-01  2.000e-01  1.667e-01  1.429e-01  1.250e-01  1.111e-01 
 2.000e-01  1.667e-01  1.429e-01  1.250e-01  1.111e-01  1.000e-01 
 1.667e-01  1.429e-01  1.250e-01  1.111e-01  1.000e-01  9.091e-02 


lambda:
 1.917e+00  4.973e-01  7.896e-02  9.628e-03  9.642e-04  8.130e-05 

./a.out : Residual1 = 1.218232e-16 Residual2 = 5.482043e-16 Iterations = 11     Iterations1 = 0 Elapsed1 = 0.00 Elapsed2 = 0.00
============================== a.out n=22 s=4 =========================
### Run  ./a.out 22 6 1e-14 4
A:
 1.000e+00  5.000e-01  3.333e-01  2.500e-01  2.000e-01  1.667e-01 
 5.000e-01  3.333e-01  2.500e-01  2.000e-01  1.667e-01  1.429e-01 
 3.333e-01  2.500e-01  2.000e-01  1.667e-01  1.429e-01  1.250e-01 
 2.500e-01  2.000e-01  1.667e-01  1.429e-01  1.250e-01  1.111e-01 
 2.000e-01  1.667e-01  1.429e-01  1.250e-01  1.111e-01  1.000e-01 
 1.667e-01  1.429e-01  1.250e-01  1.111e-01  1.000e-01  9.091e-02 


lambda:
 1.926e+00  5.071e-01  8.224e-02  1.029e-02  1.063e-03  9.298e-05 

./a.out : Residual1 = 3.609686e-16 Residual2 = 6.016143e-17 Iterations = 11     Iterations1 = 0 Elapsed1 = 0.00 Elapsed2 = 0.00
============================== a.out n=23 s=4 =========================
### Run  ./a.out 23 6 1e-14 4
A:
 1.000e+00  5.000e-01  3.333e-01  2.500e-01  2.000e-01  1.667e-01 
 5.000e-01  3.333e-01  2.500e-01  2.000e-01  1.667e-01  1.429e-01 
 3.333e-01  2.500e-01  2.000e-01  1.667e-01  1.429e-01  1.250e-01 
 2.500e-01  2.000e-01  1.667e-01  1.429e-01  1.250e-01  1.111e-01 
 2.000e-01  1.667e-01  1.429e-01  1.250e-01  1.111e-01  1.000e-01 
 1.667e-01  1.429e-01  1.250e-01  1.111e-01  1.000e-01  9.091e-02 


lambda:
 1.935e+00  5.165e-01  8.543e-02  1.095e-02  1.165e-03  1.053e-04 

./a.out : Residual1 = 3.567658e-16 Residual2 = 3.567658e-16 Iterations = 11     Iterations1 = 0 Elapsed1 = 0.00 Elapsed2 = 0.00
============================== a.out n=24 s=4 =========================
### Run  ./a.out 24 6 1e-14 4
A:
 1.000e+00  5.000e-01  3.333e-01  2.500e-01  2.000e-01  1.667e-01 
 5.000e-01  3.333e-01  2.500e-01  2.000e-01  1.667e-01  1.429e-01 
 3.333e-01  2.500e-01  2.000e-01  1.667e-01  1.429e-01  1.250e-01 
 2.500e-01  2.000e-01  1.667e-01  1.429e-01  1.250e-01  1.111e-01 
 2.000e-01  1.667e-01  1.429e-01  1.250e-01  1.111e-01  1.000e-01 
 1.667e-01  1.429e-01  1.250e-01  1.111e-01  1.000e-01  9.091e-02 


lambda:
 1.944e+00  5.255e-01  8.853e-02  1.161e-02  1.269e-03  1.184e-04 

./a.out : Residual1 = 8.232677e-16 Residual2 = 9.408774e-16 Iterations = 11     Iterations1 = 0 Elapsed1 = 0.00 Elapsed2 = 0.00
============================== a.out n=25 s=4 =========================
### Run  ./a.out 25 6 1e-14 4
A:
 1.000e+00  5.000e-01  3.333e-01  2.500e-01  2.000e-01  1.667e-01 
 5.000e-01  3.333e-01  2.500e-01  2.000e-01  1.667e-01  1.429e-01 
 3.333e-01  2.500e-01  2.000e-01  1.667e-01  1.429e-01  1.250e-01 
 2.500e-01  2.000e-01  1.667e-01  1.429e-01  1.250e-01  1.111e-01 
 2.000e-01  1.667e-01  1.429e-01  1.250e-01  1.111e-01  1.000e-01 
 1.667e-01  1.429e-01  1.250e-01  1.111e-01  1.000e-01  9.091e-02 


lambda:
 1.952e+00  5.341e-01  9.156e-02  1.227e-02  1.374e-03  1.320e-04 

./a.out : Residual1 = 0.000000e+00 Residual2 = 4.655074e-16 Iterations = 12     Iterations1 = 0 Elapsed1 = 0.00 Elapsed2 = 0.00
============================== a.out n=26 s=4 =========================
### Run  ./a.out 26 6 1e-14 4
A:
 1.000e+00  5.000e-01  3.333e-01  2.500e-01  2.000e-01  1.667e-01 
 5.000e-01  3.333e-01  2.500e-01  2.000e-01  1.667e-01  1.429e-01 
 3.333e-01  2.500e-01  2.000e-01  1.667e-01  1.429e-01  1.250e-01 
 2.500e-01  2.000e-01  1.667e-01  1.429e-01  1.250e-01  1.111e-01 
 2.000e-01  1.667e-01  1.429e-01  1.250e-01  1.111e-01  1.000e-01 
 1.667e-01  1.429e-01  1.250e-01  1.111e-01  1.000e-01  9.091e-02 


lambda:
 1.959e+00  5.424e-01  9.451e-02  1.292e-02  1.482e-03  1.463e-04 

./a.out : Residual1 = 3.456467e-16 Residual2 = 4.608623e-16 Iterations = 12     Iterations1 = 0 Elapsed1 = 0.00 Elapsed2 = 0.00
============================== a.out n=27 s=4 =========================
### Run  ./a.out 27 6 1e-14 4
A:
 1.000e+00  5.000e-01  3.333e-01  2.500e-01  2.000e-01  1.667e-01 
 5.000e-01  3.333e-01  2.500e-01  2.000e-01  1.667e-01  1.429e-01 
 3.333e-01  2.500e-01  2.000e-01  1.667e-01  1.429e-01  1.250e-01 
 2.500e-01  2.000e-01  1.667e-01  1.429e-01  1.250e-01  1.111e-01 
 2.000e-01  1.667e-01  1.429e-01  1.250e-01  1.111e-01  1.000e-01 
 1.667e-01  1.429e-01  1.250e-01  1.111e-01  1.000e-01  9.091e-02 


lambda:
 1.967e+00  5.504e-01  9.739e-02  1.357e-02  1.591e-03  1.611e-04 

./a.out : Residual1 = 1.141190e-16 Residual2 = 5.705951e-16 Iterations = 12     Iterations1 = 0 Elapsed1 = 0.00 Elapsed2 = 0.00
============================== a.out n=28 s=4 =========================
### Run  ./a.out 28 6 1e-14 4
A:
 1.000e+00  5.000e-01  3.333e-01  2.500e-01  2.000e-01  1.667e-01 
 5.000e-01  3.333e-01  2.500e-01  2.000e-01  1.667e-01  1.429e-01 
 3.333e-01  2.500e-01  2.000e-01  1.667e-01  1.429e-01  1.250e-01 
 2.500e-01  2.000e-01  1.667e-01  1.429e-01  1.250e-01  1.111e-01 
 2.000e-01  1.667e-01  1.429e-01  1.250e-01  1.111e-01  1.000e-01 
 1.667e-01  1.429e-01  1.250e-01  1.111e-01  1.000e-01  9.091e-02 


lambda:
 1.974e+00  5.580e-01  1.002e-01  1.421e-02  1.702e-03  1.765e-04 

./a.out : Residual1 = 1.130812e-16 Residual2 = 3.392436e-16 Iterations = 12     Iterations1 = 0 Elapsed1 = 0.00 Elapsed2 = 0.00
============================== a.out n=29 s=4 =========================
### Run  ./a.out 29 6 1e-14 4
A:
 1.000e+00  5.000e-01  3.333e-01  2.500e-01  2.000e-01  1.667e-01 
 5.000e-01  3.333e-01  2.500e-01  2.000e-01  1.667e-01  1.429e-01 
 3.333e-01  2.500e-01  2.000e-01  1.667e-01  1.429e-01  1.250e-01 
 2.500e-01  2.000e-01  1.667e-01  1.429e-01  1.250e-01  1.111e-01 
 2.000e-01  1.667e-01  1.429e-01  1.250e-01  1.111e-01  1.000e-01 
 1.667e-01  1.429e-01  1.250e-01  1.111e-01  1.000e-01  9.091e-02 


lambda:
 1.980e+00  5.654e-01  1.030e-01  1.485e-02  1.814e-03  1.924e-04 

./a.out : Residual1 = 1.120969e-16 Residual2 = 5.604846e-16 Iterations = 12     Iterations1 = 0 Elapsed1 = 0.00 Elapsed2 = 0.00
============================== a.out n=30 s=4 =========================
### Run  ./a.out 30 6 1e-14 4
A:
 1.000e+00  5.000e-01  3.333e-01  2.500e-01  2.000e-01  1.667e-01 
 5.000e-01  3.333e-01  2.500e-01  2.000e-01  1.667e-01  1.429e-01 
 3.333e-01  2.500e-01  2.000e-01  1.667e-01  1.429e-01  1.250e-01 
 2.500e-01  2.000e-01  1.667e-01  1.429e-01  1.250e-01  1.111e-01 
 2.000e-01  1.667e-01  1.429e-01  1.250e-01  1.111e-01  1.000e-01 
 1.667e-01  1.429e-01  1.250e-01  1.111e-01  1.000e-01  9.091e-02 


lambda:
 1.986e+00  5.726e-01  1.056e-01  1.548e-02  1.927e-03  2.088e-04 

./a.out : Residual1 = 1.111616e-16 Residual2 = 5.558081e-16 Iterations = 12     Iterations1 = 0 Elapsed1 = 0.00 Elapsed2 = 0.00
============================== a.out n=31 s=4 =========================
### Run  ./a.out 31 6 1e-14 4
A:
 1.000e+00  5.000e-01  3.333e-01  2.500e-01  2.000e-01  1.667e-01 
 5.000e-01  3.333e-01  2.500e-01  2.000e-01  1.667e-01  1.429e-01 
 3.333e-01  2.500e-01  2.000e-01  1.667e-01  1.429e-01  1.250e-01 
 2.500e-01  2.000e-01  1.667e-01  1.429e-01  1.250e-01  1.111e-01 
 2.000e-01  1.667e-01  1.429e-01  1.250e-01  1.111e-01  1.000e-01 
 1.667e-01  1.429e-01  1.250e-01  1.111e-01  1.000e-01  9.091e-02 


lambda:
 1.993e+00  5.795e-01  1.083e-01  1.611e-02  2.041e-03  2.257e-04 

./a.out : Residual1 = 2.205424e-16 Residual2 = 6.616273e-16 Iterations = 12     Iterations1 = 0 Elapsed1 = 0.00 Elapsed2 = 0.00
============================== a.out n=32 s=4 =========================
### Run  ./a.out 32 6 1e-14 4
A:
 1.000e+00  5.000e-01  3.333e-01  2.500e-01  2.000e-01  1.667e-01 
 5.000e-01  3.333e-01  2.500e-01  2.000e-01  1.667e-01  1.429e-01 
 3.333e-01  2.500e-01  2.000e-01  1.667e-01  1.429e-01  1.250e-01 
 2.500e-01  2.000e-01  1.667e-01  1.429e-01  1.250e-01  1.111e-01 
 2.000e-01  1.667e-01  1.429e-01  1.250e-01  1.111e-01  1.000e-01 
 1.667e-01  1.429e-01  1.250e-01  1.111e-01  1.000e-01  9.091e-02 


lambda:
 1.998e+00  5.862e-01  1.108e-01  1.673e-02  2.156e-03  2.430e-04 

./a.out : Residual1 = 0.000000e+00 Residual2 = 4.376885e-16 Iterations = 12     Iterations1 = 0 Elapsed1 = 0.00 Elapsed2 = 0.00
============================== a.out n=33 s=4 =========================
### Run  ./a.out 33 6 1e-14 4
A:
 1.000e+00  5.000e-01  3.333e-01  2.500e-01  2.000e-01  1.667e-01 
 5.000e-01  3.333e-01  2.500e-01  2.000e-01  1.667e-01  1.429e-01 
 3.333e-01  2.500e-01  2.000e-01  1.667e-01  1.429e-01  1.250e-01 
 2.500e-01  2.000e-01  1.667e-01  1.429e-01  1.250e-01  1.111e-01 
 2.000e-01  1.667e-01  1.429e-01  1.250e-01  1.111e-01  1.000e-01 
 1.667e-01  1.429e-01  1.250e-01  1.111e-01  1.000e-01  9.091e-02 


lambda:
 2.004e+00  5.927e-01  1.134e-01  1.735e-02  2.272e-03  2.608e-04 

./a.out : Residual1 = 9.775006e-16 Residual2 = 1.303334e-15 Iterations = 12     Iterations1 = 0 Elapsed1 = 0.00 Elapsed2 = 0.00
============================== a.out n=34 s=4 =========================
### Run  ./a.out 34 6 1e-14 4
A:
 1.000e+00  5.000e-01  3.333e-01  2.500e-01  2.000e-01  1.667e-01 
 5.000e-01  3.333e-01  2.500e-01  2.000e-01  1.667e-01  1.429e-01 
 3.333e-01  2.500e-01  2.000e-01  1.667e-01  1.429e-01  1.250e-01 
 2.500e-01  2.000e-01  1.667e-01  1.429e-01  1.250e-01  1.111e-01 
 2.000e-01  1.667e-01  1.429e-01  1.250e-01  1.111e-01  1.000e-01 
 1.667e-01  1.429e-01  1.250e-01  1.111e-01  1.000e-01  9.091e-02 


lambda:
 2.009e+00  5.990e-01  1.158e-01  1.796e-02  2.388e-03  2.790e-04 

./a.out : Residual1 = 1.078355e-16 Residual2 = 4.313420e-16 Iterations = 13     Iterations1 = 0 Elapsed1 = 0.00 Elapsed2 = 0.00
============================== a.out n=35 s=4 =========================
### Run  ./a.out 35 6 1e-14 4
A:
 1.000e+00  5.000e-01  3.333e-01  2.500e-01  2.000e-01  1.667e-01 
 5.000e-01  3.333e-01  2.500e-01  2.000e-01  1.667e-01  1.429e-01 
 3.333e-01  2.500e-01  2.000e-01  1.667e-01  1.429e-01  1.250e-01 
 2.500e-01  2.000e-01  1.667e-01  1.429e-01  1.250e-01  1.111e-01 
 2.000e-01  1.667e-01  1.429e-01  1.250e-01  1.111e-01  1.000e-01 
 1.667e-01  1.429e-01  1.250e-01  1.111e-01  1.000e-01  9.091e-02 


lambda:
 2.015e+00  6.051e-01  1.183e-01  1.857e-02  2.506e-03  2.976e-04 

./a.out : Residual1 = 6.425550e-16 Residual2 = 8.567400e-16 Iterations = 13     Iterations1 = 0 Elapsed1 = 0.00 Elapsed2 = 0.00
============================== a.out n=36 s=4 =========================
### Run  ./a.out 36 6 1e-14 4
A:
 1.000e+00  5.000e-01  3.333e-01  2.500e-01  2.000e-01  1.667e-01 
 5.000e-01  3.333e-01  2.500e-01  2.000e-01  1.667e-01  1.429e-01 
 3.333e-01  2.500e-01  2.000e-01  1.667e-01  1.429e-01  1.250e-01 
 2.500e-01  2.000e-01  1.667e-01  1.429e-01  1.250e-01  1.111e-01 
 2.000e-01  1.667e-01  1.429e-01  1.250e-01  1.111e-01  1.000e-01 
 1.667e-01  1.429e-01  1.250e-01  1.111e-01  1.000e-01  9.091e-02 


lambda:
 2.020e+00  6.110e-01  1.206e-01  1.918e-02  2.623e-03  3.166e-04 

./a.out : Residual1 = 3.191397e-16 Residual2 = 8.510392e-16 Iterations = 13     Iterations1 = 0 Elapsed1 = 0.00 Elapsed2 = 0.00
============================== a.out n=37 s=4 =========================
### Run  ./a.out 37 6 1e-14 4
A:
 1.000e+00  5.000e-01  3.333e-01  2.500e-01  2.000e-01  1.667e-01 
 5.000e-01  3.333e-01  2.500e-01  2.000e-01  1.667e-01  1.429e-01 
 3.333e-01  2.500e-01  2.000e-01  1.667e-01  1.429e-01  1.250e-01 
 2.500e-01  2.000e-01  1.667e-01  1.429e-01  1.250e-01  1.111e-01 
 2.000e-01  1.667e-01  1.429e-01  1.250e-01  1.111e-01  1.000e-01 
 1.667e-01  1.429e-01  1.250e-01  1.111e-01  1.000e-01  9.091e-02 


lambda:
 2.025e+00  6.167e-01  1.229e-01  1.977e-02  2.742e-03  3.360e-04 

./a.out : Residual1 = 2.113912e-16 Residual2 = 7.398693e-16 Iterations = 13     Iterations1 = 0 Elapsed1 = 0.00 Elapsed2 = 0.00
============================== a.out n=38 s=4 =========================
### Run  ./a.out 38 6 1e-14 4
A:
 1.000e+00  5.000e-01  3.333e-01  2.500e-01  2.000e-01  1.667e-01 
 5.000e-01  3.333e-01  2.500e-01  2.000e-01  1.667e-01  1.429e-01 
 3.333e-01  2.500e-01  2.000e-01  1.667e-01  1.429e-01  1.250e-01 
 2.500e-01  2.000e-01  1.667e-01  1.429e-01  1.250e-01  1.111e-01 
 2.000e-01  1.667e-01  1.429e-01  1.250e-01  1.111e-01  1.000e-01 
 1.667e-01  1.429e-01  1.250e-01  1.111e-01  1.000e-01  9.091e-02 


lambda:
 2.029e+00  6.223e-01  1.252e-01  2.037e-02  2.861e-03  3.557e-04 

./a.out : Residual1 = 4.201509e-16 Residual2 = 7.352641e-16 Iterations = 13     Iterations1 = 0 Elapsed1 = 0.00 Elapsed2 = 0.00
============================== a.out n=39 s=4 =========================
### Run  ./a.out 39 6 1e-14 4
A:
 1.000e+00  5.000e-01  3.333e-01  2.500e-01  2.000e-01  1.667e-01 
 5.000e-01  3.333e-01  2.500e-01  2.000e-01  1.667e-01  1.429e-01 
 3.333e-01  2.500e-01  2.000e-01  1.667e-01  1.429e-01  1.250e-01 
 2.500e-01  2.000e-01  1.667e-01  1.429e-01  1.250e-01  1.111e-01 
 2.000e-01  1.667e-01  1.429e-01  1.250e-01  1.111e-01  1.000e-01 
 1.667e-01  1.429e-01  1.250e-01  1.111e-01  1.000e-01  9.091e-02 


lambda:
 2.034e+00  6.278e-01  1.275e-01  2.095e-02  2.980e-03  3.757e-04 

./a.out : Residual1 = 7.308318e-16 Residual2 = 1.044045e-15 Iterations = 13     Iterations1 = 0 Elapsed1 = 0.00 Elapsed2 = 0.00
============================== a.out n=40 s=4 =========================
### Run  ./a.out 40 6 1e-14 4
A:
 1.000e+00  5.000e-01  3.333e-01  2.500e-01  2.000e-01  1.667e-01 
 5.000e-01  3.333e-01  2.500e-01  2.000e-01  1.667e-01  1.429e-01 
 3.333e-01  2.500e-01  2.000e-01  1.667e-01  1.429e-01  1.250e-01 
 2.500e-01  2.000e-01  1.667e-01  1.429e-01  1.250e-01  1.111e-01 
 2.000e-01  1.667e-01  1.429e-01  1.250e-01  1.111e-01  1.000e-01 
 1.667e-01  1.429e-01  1.250e-01  1.111e-01  1.000e-01  9.091e-02 


lambda:
 2.038e+00  6.331e-01  1.297e-01  2.154e-02  3.099e-03  3.961e-04 

./a.out : Residual1 = 2.075890e-16 Residual2 = 4.151780e-16 Iterations = 13     Iterations1 = 0 Elapsed1 = 0.00 Elapsed2 = 0.00
============================== a.out n=41 s=4 =========================
### Run  ./a.out 41 6 1e-14 4
A:
 1.000e+00  5.000e-01  3.333e-01  2.500e-01  2.000e-01  1.667e-01 
 5.000e-01  3.333e-01  2.500e-01  2.000e-01  1.667e-01  1.429e-01 
 3.333e-01  2.500e-01  2.000e-01  1.667e-01  1.429e-01  1.250e-01 
 2.500e-01  2.000e-01  1.667e-01  1.429e-01  1.250e-01  1.111e-01 
 2.000e-01  1.667e-01  1.429e-01  1.250e-01  1.111e-01  1.000e-01 
 1.667e-01  1.429e-01  1.250e-01  1.111e-01  1.000e-01  9.091e-02 


lambda:
 2.043e+00  6.383e-01  1.318e-01  2.211e-02  3.219e-03  4.167e-04 

./a.out : Residual1 = 9.288554e-16 Residual2 = 9.288554e-16 Iterations = 13     Iterations1 = 0 Elapsed1 = 0.00 Elapsed2 = 0.00
============================== a.out n=42 s=4 =========================
### Run  ./a.out 42 6 1e-14 4
A:
 1.000e+00  5.000e-01  3.333e-01  2.500e-01  2.000e-01  1.667e-01 
 5.000e-01  3.333e-01  2.500e-01  2.000e-01  1.667e-01  1.429e-01 
 3.333e-01  2.500e-01  2.000e-01  1.667e-01  1.429e-01  1.250e-01 
 2.500e-01  2.000e-01  1.667e-01  1.429e-01  1.250e-01  1.111e-01 
 2.000e-01  1.667e-01  1.429e-01  1.250e-01  1.111e-01  1.000e-01 
 1.667e-01  1.429e-01  1.250e-01  1.111e-01  1.000e-01  9.091e-02 


lambda:
 2.047e+00  6.433e-01  1.339e-01  2.269e-02  3.339e-03  4.377e-04 

./a.out : Residual1 = 4.105529e-16 Residual2 = 2.052765e-16 Iterations = 13     Iterations1 = 0 Elapsed1 = 0.00 Elapsed2 = 0.00
============================== a.out n=43 s=4 =========================
### Run  ./a.out 43 6 1e-14 4
A:
 1.000e+00  5.000e-01  3.333e-01  2.500e-01  2.000e-01  1.667e-01 
 5.000e-01  3.333e-01  2.500e-01  2.000e-01  1.667e-01  1.429e-01 
 3.333e-01  2.500e-01  2.000e-01  1.667e-01  1.429e-01  1.250e-01 
 2.500e-01  2.000e-01  1.667e-01  1.429e-01  1.250e-01  1.111e-01 
 2.000e-01  1.667e-01  1.429e-01  1.250e-01  1.111e-01  1.000e-01 
 1.667e-01  1.429e-01  1.250e-01  1.111e-01  1.000e-01  9.091e-02 


lambda:
 2.051e+00  6.482e-01  1.360e-01  2.325e-02  3.459e-03  4.589e-04 

./a.out : Residual1 = 9.188056e-16 Residual2 = 2.041790e-16 Iterations = 13     Iterations1 = 0 Elapsed1 = 0.00 Elapsed2 = 0.00
============================== a.out n=44 s=4 =========================
### Run  ./a.out 44 6 1e-14 4
A:
 1.000e+00  5.000e-01  3.333e-01  2.500e-01  2.000e-01  1.667e-01 
 5.000e-01  3.333e-01  2.500e-01  2.000e-01  1.667e-01  1.429e-01 
 3.333e-01  2.500e-01  2.000e-01  1.667e-01  1.429e-01  1.250e-01 
 2.500e-01  2.000e-01  1.667e-01  1.429e-01  1.250e-01  1.111e-01 
 2.000e-01  1.667e-01  1.429e-01  1.250e-01  1.111e-01  1.000e-01 
 1.667e-01  1.429e-01  1.250e-01  1.111e-01  1.000e-01  9.091e-02 


lambda:
 2.055e+00  6.530e-01  1.381e-01  2.382e-02  3.580e-03  4.804e-04 

./a.out : Residual1 = 1.015589e-16 Residual2 = 2.031178e-16 Iterations = 13     Iterations1 = 0 Elapsed1 = 0.00 Elapsed2 = 0.00
============================== a.out n=45 s=4 =========================
### Run  ./a.out 45 6 1e-14 4
A:
 1.000e+00  5.000e-01  3.333e-01  2.500e-01  2.000e-01  1.667e-01 
 5.000e-01  3.333e-01  2.500e-01  2.000e-01  1.667e-01  1.429e-01 
 3.333e-01  2.500e-01  2.000e-01  1.667e-01  1.429e-01  1.250e-01 
 2.500e-01  2.000e-01  1.667e-01  1.429e-01  1.250e-01  1.111e-01 
 2.000e-01  1.667e-01  1.429e-01  1.250e-01  1.111e-01  1.000e-01 
 1.667e-01  1.429e-01  1.250e-01  1.111e-01  1.000e-01  9.091e-02 


lambda:
 2.059e+00  6.577e-01  1.401e-01  2.437e-02  3.700e-03  5.021e-04 

./a.out : Residual1 = 4.041815e-16 Residual2 = 2.020908e-16 Iterations = 13     Iterations1 = 0 Elapsed1 = 0.00 Elapsed2 = 0.00
============================== a.out n=46 s=4 =========================
### Run  ./a.out 46 6 1e-14 4
A:
 1.000e+00  5.000e-01  3.333e-01  2.500e-01  2.000e-01  1.667e-01 
 5.000e-01  3.333e-01  2.500e-01  2.000e-01  1.667e-01  1.429e-01 
 3.333e-01  2.500e-01  2.000e-01  1.667e-01  1.429e-01  1.250e-01 
 2.500e-01  2.000e-01  1.667e-01  1.429e-01  1.250e-01  1.111e-01 
 2.000e-01  1.667e-01  1.429e-01  1.250e-01  1.111e-01  1.000e-01 
 1.667e-01  1.429e-01  1.250e-01  1.111e-01  1.000e-01  9.091e-02 


lambda:
 2.062e+00  6.623e-01  1.421e-01  2.493e-02  3.820e-03  5.241e-04 

./a.out : Residual1 = 2.010961e-16 Residual2 = 0.000000e+00 Iterations = 14     Iterations1 = 0 Elapsed1 = 0.00 Elapsed2 = 0.00
============================== a.out n=47 s=4 =========================
### Run  ./a.out 47 6 1e-14 4
A:
 1.000e+00  5.000e-01  3.333e-01  2.500e-01  2.000e-01  1.667e-01 
 5.000e-01  3.333e-01  2.500e-01  2.000e-01  1.667e-01  1.429e-01 
 3.333e-01  2.500e-01  2.000e-01  1.667e-01  1.429e-01  1.250e-01 
 2.500e-01  2.000e-01  1.667e-01  1.429e-01  1.250e-01  1.111e-01 
 2.000e-01  1.667e-01  1.429e-01  1.250e-01  1.111e-01  1.000e-01 
 1.667e-01  1.429e-01  1.250e-01  1.111e-01  1.000e-01  9.091e-02 


lambda:
 2.066e+00  6.668e-01  1.440e-01  2.548e-02  3.941e-03  5.463e-04 

./a.out : Residual1 = 3.001979e-16 Residual2 = 0.000000e+00 Iterations = 14     Iterations1 = 0 Elapsed1 = 0.00 Elapsed2 = 0.00
============================== a.out n=48 s=4 =========================
### Run  ./a.out 48 6 1e-14 4
A:
 1.000e+00  5.000e-01  3.333e-01  2.500e-01  2.000e-01  1.667e-01 
 5.000e-01  3.333e-01  2.500e-01  2.000e-01  1.667e-01  1.429e-01 
 3.333e-01  2.500e-01  2.000e-01  1.667e-01  1.429e-01  1.250e-01 
 2.500e-01  2.000e-01  1.667e-01  1.429e-01  1.250e-01  1.111e-01 
 2.000e-01  1.667e-01  1.429e-01  1.250e-01  1.111e-01  1.000e-01 
 1.667e-01  1.429e-01  1.250e-01  1.111e-01  1.000e-01  9.091e-02 


lambda:
 2.070e+00  6.712e-01  1.459e-01  2.602e-02  4.062e-03  5.688e-04 

./a.out : Residual1 = 9.959843e-17 Residual2 = 3.983937e-16 Iterations = 14     Iterations1 = 0 Elapsed1 = 0.00 Elapsed2 = 0.00
============================== a.out n=49 s=4 =========================
### Run  ./a.out 49 6 1e-14 4
A:
 1.000e+00  5.000e-01  3.333e-01  2.500e-01  2.000e-01  1.667e-01 
 5.000e-01  3.333e-01  2.500e-01  2.000e-01  1.667e-01  1.429e-01 
 3.333e-01  2.500e-01  2.000e-01  1.667e-01  1.429e-01  1.250e-01 
 2.500e-01  2.000e-01  1.667e-01  1.429e-01  1.250e-01  1.111e-01 
 2.000e-01  1.667e-01  1.429e-01  1.250e-01  1.111e-01  1.000e-01 
 1.667e-01  1.429e-01  1.250e-01  1.111e-01  1.000e-01  9.091e-02 


lambda:
 2.073e+00  6.755e-01  1.478e-01  2.656e-02  4.182e-03  5.914e-04 

./a.out : Residual1 = 2.974339e-16 Residual2 = 3.965786e-16 Iterations = 14     Iterations1 = 0 Elapsed1 = 0.00 Elapsed2 = 0.00
============================== a.out n=50 s=4 =========================
### Run  ./a.out 50 6 1e-14 4
A:
 1.000e+00  5.000e-01  3.333e-01  2.500e-01  2.000e-01  1.667e-01 
 5.000e-01  3.333e-01  2.500e-01  2.000e-01  1.667e-01  1.429e-01 
 3.333e-01  2.500e-01  2.000e-01  1.667e-01  1.429e-01  1.250e-01 
 2.500e-01  2.000e-01  1.667e-01  1.429e-01  1.250e-01  1.111e-01 
 2.000e-01  1.667e-01  1.429e-01  1.250e-01  1.111e-01  1.000e-01 
 1.667e-01  1.429e-01  1.250e-01  1.111e-01  1.000e-01  9.091e-02 


lambda:
 2.076e+00  6.797e-01  1.497e-01  2.709e-02  4.303e-03  6.142e-04 

./a.out : Residual1 = 2.961118e-16 Residual2 = 4.935196e-16 Iterations = 14     Iterations1 = 0 Elapsed1 = 0.00 Elapsed2 = 0.00
============================== a.out n=51 s=4 =========================
### Run  ./a.out 51 6 1e-14 4
A:
 1.000e+00  5.000e-01  3.333e-01  2.500e-01  2.000e-01  1.667e-01 
 5.000e-01  3.333e-01  2.500e-01  2.000e-01  1.667e-01  1.429e-01 
 3.333e-01  2.500e-01  2.000e-01  1.667e-01  1.429e-01  1.250e-01 
 2.500e-01  2.000e-01  1.667e-01  1.429e-01  1.250e-01  1.111e-01 
 2.000e-01  1.667e-01  1.429e-01  1.250e-01  1.111e-01  1.000e-01 
 1.667e-01  1.429e-01  1.250e-01  1.111e-01  1.000e-01  9.091e-02 


lambda:
 2.080e+00  6.838e-01  1.515e-01  2.762e-02  4.423e-03  6.373e-04 

./a.out : Residual1 = 1.965513e-16 Residual2 = 3.931025e-16 Iterations = 14     Iterations1 = 0 Elapsed1 = 0.00 Elapsed2 = 0.00
============================== a.out n=52 s=4 =========================
### Run  ./a.out 52 6 1e-14 4
A:
 1.000e+00  5.000e-01  3.333e-01  2.500e-01  2.000e-01  1.667e-01 
 5.000e-01  3.333e-01  2.500e-01  2.000e-01  1.667e-01  1.429e-01 
 3.333e-01  2.500e-01  2.000e-01  1.667e-01  1.429e-01  1.250e-01 
 2.500e-01  2.000e-01  1.667e-01  1.429e-01  1.250e-01  1.111e-01 
 2.000e-01  1.667e-01  1.429e-01  1.250e-01  1.111e-01  1.000e-01 
 1.667e-01  1.429e-01  1.250e-01  1.111e-01  1.000e-01  9.091e-02 


lambda:
 2.083e+00  6.878e-01  1.533e-01  2.815e-02  4.543e-03  6.605e-04 

./a.out : Residual1 = 7.828734e-16 Residual2 = 0.000000e+00 Iterations = 14     Iterations1 = 0 Elapsed1 = 0.00 Elapsed2 = 0.00
============================== a.out n=53 s=4 =========================
### Run  ./a.out 53 6 1e-14 4
A:
 1.000e+00  5.000e-01  3.333e-01  2.500e-01  2.000e-01  1.667e-01 
 5.000e-01  3.333e-01  2.500e-01  2.000e-01  1.667e-01  1.429e-01 
 3.333e-01  2.500e-01  2.000e-01  1.667e-01  1.429e-01  1.250e-01 
 2.500e-01  2.000e-01  1.667e-01  1.429e-01  1.250e-01  1.111e-01 
 2.000e-01  1.667e-01  1.429e-01  1.250e-01  1.111e-01  1.000e-01 
 1.667e-01  1.429e-01  1.250e-01  1.111e-01  1.000e-01  9.091e-02 


lambda:
 2.086e+00  6.918e-01  1.551e-01  2.867e-02  4.664e-03  6.839e-04 

./a.out : Residual1 = 0.000000e+00 Residual2 = 7.796319e-16 Iterations = 14     Iterations1 = 0 Elapsed1 = 0.00 Elapsed2 = 0.00
============================== a.out n=54 s=4 =========================
### Run  ./a.out 54 6 1e-14 4
A:
 1.000e+00  5.000e-01  3.333e-01  2.500e-01  2.000e-01  1.667e-01 
 5.000e-01  3.333e-01  2.500e-01  2.000e-01  1.667e-01  1.429e-01 
 3.333e-01  2.500e-01  2.000e-01  1.667e-01  1.429e-01  1.250e-01 
 2.500e-01  2.000e-01  1.667e-01  1.429e-01  1.250e-01  1.111e-01 
 2.000e-01  1.667e-01  1.429e-01  1.250e-01  1.111e-01  1.000e-01 
 1.667e-01  1.429e-01  1.250e-01  1.111e-01  1.000e-01  9.091e-02 


lambda:
 2.089e+00  6.957e-01  1.569e-01  2.919e-02  4.784e-03  7.074e-04 

./a.out : Residual1 = 4.852977e-16 Residual2 = 6.794168e-16 Iterations = 14     Iterations1 = 0 Elapsed1 = 0.00 Elapsed2 = 0.00
============================== a.out n=55 s=4 =========================
### Run  ./a.out 55 6 1e-14 4
A:
 1.000e+00  5.000e-01  3.333e-01  2.500e-01  2.000e-01  1.667e-01 
 5.000e-01  3.333e-01  2.500e-01  2.000e-01  1.667e-01  1.429e-01 
 3.333e-01  2.500e-01  2.000e-01  1.667e-01  1.429e-01  1.250e-01 
 2.500e-01  2.000e-01  1.667e-01  1.429e-01  1.250e-01  1.111e-01 
 2.000e-01  1.667e-01  1.429e-01  1.250e-01  1.111e-01  1.000e-01 
 1.667e-01  1.429e-01  1.250e-01  1.111e-01  1.000e-01  9.091e-02 


lambda:
 2.092e+00  6.995e-01  1.586e-01  2.970e-02  4.904e-03  7.312e-04 

./a.out : Residual1 = 1.933508e-16 Residual2 = 8.700784e-16 Iterations = 14     Iterations1 = 0 Elapsed1 = 0.00 Elapsed2 = 0.00
============================== a.out n=56 s=4 =========================
### Run  ./a.out 56 6 1e-14 4
A:
 1.000e+00  5.000e-01  3.333e-01  2.500e-01  2.000e-01  1.667e-01 
 5.000e-01  3.333e-01  2.500e-01  2.000e-01  1.667e-01  1.429e-01 
 3.333e-01  2.500e-01  2.000e-01  1.667e-01  1.429e-01  1.250e-01 
 2.500e-01  2.000e-01  1.667e-01  1.429e-01  1.250e-01  1.111e-01 
 2.000e-01  1.667e-01  1.429e-01  1.250e-01  1.111e-01  1.000e-01 
 1.667e-01  1.429e-01  1.250e-01  1.111e-01  1.000e-01  9.091e-02 


lambda:
 2.095e+00  7.032e-01  1.603e-01  3.021e-02  5.024e-03  7.550e-04 

./a.out : Residual1 = 1.926020e-16 Residual2 = 1.155612e-15 Iterations = 14     Iterations1 = 0 Elapsed1 = 0.00 Elapsed2 = 0.00
============================== a.out n=57 s=4 =========================
### Run  ./a.out 57 6 1e-14 4
A:
 1.000e+00  5.000e-01  3.333e-01  2.500e-01  2.000e-01  1.667e-01 
 5.000e-01  3.333e-01  2.500e-01  2.000e-01  1.667e-01  1.429e-01 
 3.333e-01  2.500e-01  2.000e-01  1.667e-01  1.429e-01  1.250e-01 
 2.500e-01  2.000e-01  1.667e-01  1.429e-01  1.250e-01  1.111e-01 
 2.000e-01  1.667e-01  1.429e-01  1.250e-01  1.111e-01  1.000e-01 
 1.667e-01  1.429e-01  1.250e-01  1.111e-01  1.000e-01  9.091e-02 


lambda:
 2.098e+00  7.069e-01  1.620e-01  3.071e-02  5.143e-03  7.791e-04 

./a.out : Residual1 = 5.756163e-16 Residual2 = 1.343105e-15 Iterations = 14     Iterations1 = 0 Elapsed1 = 0.00 Elapsed2 = 0.00
============================== a.out n=58 s=4 =========================
### Run  ./a.out 58 6 1e-14 4
A:
 1.000e+00  5.000e-01  3.333e-01  2.500e-01  2.000e-01  1.667e-01 
 5.000e-01  3.333e-01  2.500e-01  2.000e-01  1.667e-01  1.429e-01 
 3.333e-01  2.500e-01  2.000e-01  1.667e-01  1.429e-01  1.250e-01 
 2.500e-01  2.000e-01  1.667e-01  1.429e-01  1.250e-01  1.111e-01 
 2.000e-01  1.667e-01  1.429e-01  1.250e-01  1.111e-01  1.000e-01 
 1.667e-01  1.429e-01  1.250e-01  1.111e-01  1.000e-01  9.091e-02 


lambda:
 2.100e+00  7.105e-01  1.636e-01  3.121e-02  5.263e-03  8.032e-04 

./a.out : Residual1 = 0.000000e+00 Residual2 = 1.529281e-15 Iterations = 14     Iterations1 = 0 Elapsed1 = 0.00 Elapsed2 = 0.00
============================== a.out n=59 s=4 =========================
### Run  ./a.out 59 6 1e-14 4
A:
 1.000e+00  5.000e-01  3.333e-01  2.500e-01  2.000e-01  1.667e-01 
 5.000e-01  3.333e-01  2.500e-01  2.000e-01  1.667e-01  1.429e-01 
 3.333e-01  2.500e-01  2.000e-01  1.667e-01  1.429e-01  1.250e-01 
 2.500e-01  2.000e-01  1.667e-01  1.429e-01  1.250e-01  1.111e-01 
 2.000e-01  1.667e-01  1.429e-01  1.250e-01  1.111e-01  1.000e-01 
 1.667e-01  1.429e-01  1.250e-01  1.111e-01  1.000e-01  9.091e-02 


lambda:
 2.103e+00  7.140e-01  1.653e-01  3.171e-02  5.382e-03  8.275e-04 

./a.out : Residual1 = 9.523264e-17 Residual2 = 1.714188e-15 Iterations = 14     Iterations1 = 0 Elapsed1 = 0.00 Elapsed2 = 0.00
============================== a.out n=60 s=4 =========================
### Run  ./a.out 60 6 1e-14 4
A:
 1.000e+00  5.000e-01  3.333e-01  2.500e-01  2.000e-01  1.667e-01 
 5.000e-01  3.333e-01  2.500e-01  2.000e-01  1.667e-01  1.429e-01 
 3.333e-01  2.500e-01  2.000e-01  1.667e-01  1.429e-01  1.250e-01 
 2.500e-01  2.000e-01  1.667e-01  1.429e-01  1.250e-01  1.111e-01 
 2.000e-01  1.667e-01  1.429e-01  1.250e-01  1.111e-01  1.000e-01 
 1.667e-01  1.429e-01  1.250e-01  1.111e-01  1.000e-01  9.091e-02 


lambda:
 2.106e+00  7.175e-01  1.669e-01  3.220e-02  5.501e-03  8.519e-04 

./a.out : Residual1 = 6.642544e-16 Residual2 = 1.138722e-15 Iterations = 14     Iterations1 = 0 Elapsed1 = 0.00 Elapsed2 = 0.00
============================== a.out n=61 s=4 =========================
### Run  ./a.out 61 6 1e-14 4
A:
 1.000e+00  5.000e-01  3.333e-01  2.500e-01  2.000e-01  1.667e-01 
 5.000e-01  3.333e-01  2.500e-01  2.000e-01  1.667e-01  1.429e-01 
 3.333e-01  2.500e-01  2.000e-01  1.667e-01  1.429e-01  1.250e-01 
 2.500e-01  2.000e-01  1.667e-01  1.429e-01  1.250e-01  1.111e-01 
 2.000e-01  1.667e-01  1.429e-01  1.250e-01  1.111e-01  1.000e-01 
 1.667e-01  1.429e-01  1.250e-01  1.111e-01  1.000e-01  9.091e-02 


lambda:
 2.109e+00  7.209e-01  1.685e-01  3.269e-02  5.620e-03  8.764e-04 

./a.out : Residual1 = 4.728112e-16 Residual2 = 1.796682e-15 Iterations = 14     Iterations1 = 0 Elapsed1 = 0.00 Elapsed2 = 0.00
============================== a.out n=62 s=4 =========================
### Run  ./a.out 62 6 1e-14 4
A:
 1.000e+00  5.000e-01  3.333e-01  2.500e-01  2.000e-01  1.667e-01 
 5.000e-01  3.333e-01  2.500e-01  2.000e-01  1.667e-01  1.429e-01 
 3.333e-01  2.500e-01  2.000e-01  1.667e-01  1.429e-01  1.250e-01 
 2.500e-01  2.000e-01  1.667e-01  1.429e-01  1.250e-01  1.111e-01 
 2.000e-01  1.667e-01  1.429e-01  1.250e-01  1.111e-01  1.000e-01 
 1.667e-01  1.429e-01  1.250e-01  1.111e-01  1.000e-01  9.091e-02 


lambda:
 2.111e+00  7.242e-01  1.700e-01  3.318e-02  5.739e-03  9.011e-04 

./a.out : Residual1 = 5.654315e-16 Residual2 = 1.979010e-15 Iterations = 15     Iterations1 = 0 Elapsed1 = 0.00 Elapsed2 = 0.00
============================== a.out n=63 s=4 =========================
### Run  ./a.out 63 6 1e-14 4
A:
 1.000e+00  5.000e-01  3.333e-01  2.500e-01  2.000e-01  1.667e-01 
 5.000e-01  3.333e-01  2.500e-01  2.000e-01  1.667e-01  1.429e-01 
 3.333e-01  2.500e-01  2.000e-01  1.667e-01  1.429e-01  1.250e-01 
 2.500e-01  2.000e-01  1.667e-01  1.429e-01  1.250e-01  1.111e-01 
 2.000e-01  1.667e-01  1.429e-01  1.250e-01  1.111e-01  1.000e-01 
 1.667e-01  1.429e-01  1.250e-01  1.111e-01  1.000e-01  9.091e-02 


lambda:
 2.114e+00  7.275e-01  1.716e-01  3.366e-02  5.857e-03  9.258e-04 

./a.out : Residual1 = 2.817666e-16 Residual2 = 1.690600e-15 Iterations = 15     Iterations1 = 0 Elapsed1 = 0.00 Elapsed2 = 0.00
============================== a.out n=64 s=4 =========================
### Run  ./a.out 64 6 1e-14 4
A:
 1.000e+00  5.000e-01  3.333e-01  2.500e-01  2.000e-01  1.667e-01 
 5.000e-01  3.333e-01  2.500e-01  2.000e-01  1.667e-01  1.429e-01 
 3.333e-01  2.500e-01  2.000e-01  1.667e-01  1.429e-01  1.250e-01 
 2.500e-01  2.000e-01  1.667e-01  1.429e-01  1.250e-01  1.111e-01 
 2.000e-01  1.667e-01  1.429e-01  1.250e-01  1.111e-01  1.000e-01 
 1.667e-01  1.429e-01  1.250e-01  1.111e-01  1.000e-01  9.091e-02 


lambda:
 2.116e+00  7.308e-01  1.731e-01  3.414e-02  5.975e-03  9.507e-04 

./a.out : Residual1 = 4.680643e-16 Residual2 = 2.059483e-15 Iterations = 15     Iterations1 = 0 Elapsed1 = 0.00 Elapsed2 = 0.00
============================== a.out n=65 s=4 =========================
### Run  ./a.out 65 6 1e-14 4
A:
 1.000e+00  5.000e-01  3.333e-01  2.500e-01  2.000e-01  1.667e-01 
 5.000e-01  3.333e-01  2.500e-01  2.000e-01  1.667e-01  1.429e-01 
 3.333e-01  2.500e-01  2.000e-01  1.667e-01  1.429e-01  1.250e-01 
 2.500e-01  2.000e-01  1.667e-01  1.429e-01  1.250e-01  1.111e-01 
 2.000e-01  1.667e-01  1.429e-01  1.250e-01  1.111e-01  1.000e-01 
 1.667e-01  1.429e-01  1.250e-01  1.111e-01  1.000e-01  9.091e-02 


lambda:
 2.119e+00  7.339e-01  1.747e-01  3.461e-02  6.093e-03  9.757e-04 

./a.out : Residual1 = 1.866205e-16 Residual2 = 1.959515e-15 Iterations = 15     Iterations1 = 0 Elapsed1 = 0.00 Elapsed2 = 0.00
============================== a.out n=66 s=4 =========================
### Run  ./a.out 66 6 1e-14 4
A:
 1.000e+00  5.000e-01  3.333e-01  2.500e-01  2.000e-01  1.667e-01 
 5.000e-01  3.333e-01  2.500e-01  2.000e-01  1.667e-01  1.429e-01 
 3.333e-01  2.500e-01  2.000e-01  1.667e-01  1.429e-01  1.250e-01 
 2.500e-01  2.000e-01  1.667e-01  1.429e-01  1.250e-01  1.111e-01 
 2.000e-01  1.667e-01  1.429e-01  1.250e-01  1.111e-01  1.000e-01 
 1.667e-01  1.429e-01  1.250e-01  1.111e-01  1.000e-01  9.091e-02 


lambda:
 2.121e+00  7.371e-01  1.761e-01  3.508e-02  6.211e-03  1.001e-03 

./a.out : Residual1 = 3.720565e-16 Residual2 = 2.697410e-15 Iterations = 15     Iterations1 = 0 Elapsed1 = 0.00 Elapsed2 = 0.00
============================== a.out n=67 s=4 =========================
### Run  ./a.out 67 6 1e-14 4
A:
 1.000e+00  5.000e-01  3.333e-01  2.500e-01  2.000e-01  1.667e-01 
 5.000e-01  3.333e-01  2.500e-01  2.000e-01  1.667e-01  1.429e-01 
 3.333e-01  2.500e-01  2.000e-01  1.667e-01  1.429e-01  1.250e-01 
 2.500e-01  2.000e-01  1.667e-01  1.429e-01  1.250e-01  1.111e-01 
 2.000e-01  1.667e-01  1.429e-01  1.250e-01  1.111e-01  1.000e-01 
 1.667e-01  1.429e-01  1.250e-01  1.111e-01  1.000e-01  9.091e-02 


lambda:
 2.123e+00  7.402e-01  1.776e-01  3.555e-02  6.328e-03  1.026e-03 

./a.out : Residual1 = 1.854485e-16 Residual2 = 2.596280e-15 Iterations = 15     Iterations1 = 0 Elapsed1 = 0.00 Elapsed2 = 0.00
============================== a.out n=68 s=4 =========================
### Run  ./a.out 68 6 1e-14 4
A:
 1.000e+00  5.000e-01  3.333e-01  2.500e-01  2.000e-01  1.667e-01 
 5.000e-01  3.333e-01  2.500e-01  2.000e-01  1.667e-01  1.429e-01 
 3.333e-01  2.500e-01  2.000e-01  1.667e-01  1.429e-01  1.250e-01 
 2.500e-01  2.000e-01  1.667e-01  1.429e-01  1.250e-01  1.111e-01 
 2.000e-01  1.667e-01  1.429e-01  1.250e-01  1.111e-01  1.000e-01 
 1.667e-01  1.429e-01  1.250e-01  1.111e-01  1.000e-01  9.091e-02 


lambda:
 2.126e+00  7.432e-01  1.791e-01  3.601e-02  6.445e-03  1.051e-03 

./a.out : Residual1 = 3.697617e-16 Residual2 = 2.588332e-15 Iterations = 15     Iterations1 = 0 Elapsed1 = 0.00 Elapsed2 = 0.00
============================== a.out n=69 s=4 =========================
### Run  ./a.out 69 6 1e-14 4
A:
 1.000e+00  5.000e-01  3.333e-01  2.500e-01  2.000e-01  1.667e-01 
 5.000e-01  3.333e-01  2.500e-01  2.000e-01  1.667e-01  1.429e-01 
 3.333e-01  2.500e-01  2.000e-01  1.667e-01  1.429e-01  1.250e-01 
 2.500e-01  2.000e-01  1.667e-01  1.429e-01  1.250e-01  1.111e-01 
 2.000e-01  1.667e-01  1.429e-01  1.250e-01  1.111e-01  1.000e-01 
 1.667e-01  1.429e-01  1.250e-01  1.111e-01  1.000e-01  9.091e-02 


lambda:
 2.128e+00  7.462e-01  1.805e-01  3.647e-02  6.562e-03  1.076e-03 

./a.out : Residual1 = 3.686496e-16 Residual2 = 2.672709e-15 Iterations = 15     Iterations1 = 0 Elapsed1 = 0.00 Elapsed2 = 0.00
============================== a.out n=70 s=4 =========================
### Run  ./a.out 70 6 1e-14 4
A:
 1.000e+00  5.000e-01  3.333e-01  2.500e-01  2.000e-01  1.667e-01 
 5.000e-01  3.333e-01  2.500e-01  2.000e-01  1.667e-01  1.429e-01 
 3.333e-01  2.500e-01  2.000e-01  1.667e-01  1.429e-01  1.250e-01 
 2.500e-01  2.000e-01  1.667e-01  1.429e-01  1.250e-01  1.111e-01 
 2.000e-01  1.667e-01  1.429e-01  1.250e-01  1.111e-01  1.000e-01 
 1.667e-01  1.429e-01  1.250e-01  1.111e-01  1.000e-01  9.091e-02 


lambda:
 2.130e+00  7.492e-01  1.820e-01  3.693e-02  6.679e-03  1.102e-03 

./a.out : Residual1 = 3.675599e-16 Residual2 = 2.756699e-15 Iterations = 15     Iterations1 = 0 Elapsed1 = 0.00 Elapsed2 = 0.00
============================== a.out n=71 s=4 =========================
### Run  ./a.out 71 6 1e-14 4
A:
 1.000e+00  5.000e-01  3.333e-01  2.500e-01  2.000e-01  1.667e-01 
 5.000e-01  3.333e-01  2.500e-01  2.000e-01  1.667e-01  1.429e-01 
 3.333e-01  2.500e-01  2.000e-01  1.667e-01  1.429e-01  1.250e-01 
 2.500e-01  2.000e-01  1.667e-01  1.429e-01  1.250e-01  1.111e-01 
 2.000e-01  1.667e-01  1.429e-01  1.250e-01  1.111e-01  1.000e-01 
 1.667e-01  1.429e-01  1.250e-01  1.111e-01  1.000e-01  9.091e-02 


lambda:
 2.132e+00  7.521e-01  1.834e-01  3.738e-02  6.795e-03  1.127e-03 

./a.out : Residual1 = 3.664918e-16 Residual2 = 3.481672e-15 Iterations = 15     Iterations1 = 0 Elapsed1 = 0.00 Elapsed2 = 0.00
============================== a.out n=72 s=4 =========================
### Run  ./a.out 72 6 1e-14 4
A:
 1.000e+00  5.000e-01  3.333e-01  2.500e-01  2.000e-01  1.667e-01 
 5.000e-01  3.333e-01  2.500e-01  2.000e-01  1.667e-01  1.429e-01 
 3.333e-01  2.500e-01  2.000e-01  1.667e-01  1.429e-01  1.250e-01 
 2.500e-01  2.000e-01  1.667e-01  1.429e-01  1.250e-01  1.111e-01 
 2.000e-01  1.667e-01  1.429e-01  1.250e-01  1.111e-01  1.000e-01 
 1.667e-01  1.429e-01  1.250e-01  1.111e-01  1.000e-01  9.091e-02 


lambda:
 2.134e+00  7.549e-01  1.848e-01  3.783e-02  6.911e-03  1.153e-03 

./a.out : Residual1 = 2.740835e-16 Residual2 = 3.197640e-15 Iterations = 15     Iterations1 = 0 Elapsed1 = 0.00 Elapsed2 = 0.00
============================== a.out n=73 s=4 =========================
### Run  ./a.out 73 6 1e-14 4
A:
 1.000e+00  5.000e-01  3.333e-01  2.500e-01  2.000e-01  1.667e-01 
 5.000e-01  3.333e-01  2.500e-01  2.000e-01  1.667e-01  1.429e-01 
 3.333e-01  2.500e-01  2.000e-01  1.667e-01  1.429e-01  1.250e-01 
 2.500e-01  2.000e-01  1.667e-01  1.429e-01  1.250e-01  1.111e-01 
 2.000e-01  1.667e-01  1.429e-01  1.250e-01  1.111e-01  1.000e-01 
 1.667e-01  1.429e-01  1.250e-01  1.111e-01  1.000e-01  9.091e-02 


lambda:
 2.136e+00  7.577e-01  1.861e-01  3.828e-02  7.027e-03  1.178e-03 

./a.out : Residual1 = 1.822088e-16 Residual2 = 3.097550e-15 Iterations = 15     Iterations1 = 0 Elapsed1 = 0.00 Elapsed2 = 0.00
============================== a.out n=74 s=4 =========================
### Run  ./a.out 74 6 1e-14 4
A:
 1.000e+00  5.000e-01  3.333e-01  2.500e-01  2.000e-01  1.667e-01 
 5.000e-01  3.333e-01  2.500e-01  2.000e-01  1.667e-01  1.429e-01 
 3.333e-01  2.500e-01  2.000e-01  1.667e-01  1.429e-01  1.250e-01 
 2.500e-01  2.000e-01  1.667e-01  1.429e-01  1.250e-01  1.111e-01 
 2.000e-01  1.667e-01  1.429e-01  1.250e-01  1.111e-01  1.000e-01 
 1.667e-01  1.429e-01  1.250e-01  1.111e-01  1.000e-01  9.091e-02 


lambda:
 2.138e+00  7.605e-01  1.875e-01  3.873e-02  7.142e-03  1.204e-03 

./a.out : Residual1 = 6.359677e-16 Residual2 = 3.270691e-15 Iterations = 15     Iterations1 = 0 Elapsed1 = 0.00 Elapsed2 = 0.00
============================== a.out n=75 s=4 =========================
### Run  ./a.out 75 6 1e-14 4
A:
 1.000e+00  5.000e-01  3.333e-01  2.500e-01  2.000e-01  1.667e-01 
 5.000e-01  3.333e-01  2.500e-01  2.000e-01  1.667e-01  1.429e-01 
 3.333e-01  2.500e-01  2.000e-01  1.667e-01  1.429e-01  1.250e-01 
 2.500e-01  2.000e-01  1.667e-01  1.429e-01  1.250e-01  1.111e-01 
 2.000e-01  1.667e-01  1.429e-01  1.250e-01  1.111e-01  1.000e-01 
 1.667e-01  1.429e-01  1.250e-01  1.111e-01  1.000e-01  9.091e-02 


lambda:
 2.141e+00  7.633e-01  1.889e-01  3.917e-02  7.257e-03  1.230e-03 

./a.out : Residual1 = 1.812108e-16 Residual2 = 3.533610e-15 Iterations = 15     Iterations1 = 0 Elapsed1 = 0.00 Elapsed2 = 0.00
============================== a.out n=76 s=4 =========================
### Run  ./a.out 76 6 1e-14 4
A:
 1.000e+00  5.000e-01  3.333e-01  2.500e-01  2.000e-01  1.667e-01 
 5.000e-01  3.333e-01  2.500e-01  2.000e-01  1.667e-01  1.429e-01 
 3.333e-01  2.500e-01  2.000e-01  1.667e-01  1.429e-01  1.250e-01 
 2.500e-01  2.000e-01  1.667e-01  1.429e-01  1.250e-01  1.111e-01 
 2.000e-01  1.667e-01  1.429e-01  1.250e-01  1.111e-01  1.000e-01 
 1.667e-01  1.429e-01  1.250e-01  1.111e-01  1.000e-01  9.091e-02 


lambda:
 2.143e+00  7.660e-01  1.902e-01  3.960e-02  7.372e-03  1.256e-03 

./a.out : Residual1 = 9.036280e-17 Residual2 = 3.524149e-15 Iterations = 15     Iterations1 = 0 Elapsed1 = 0.00 Elapsed2 = 0.00
============================== a.out n=77 s=4 =========================
### Run  ./a.out 77 6 1e-14 4
A:
 1.000e+00  5.000e-01  3.333e-01  2.500e-01  2.000e-01  1.667e-01 
 5.000e-01  3.333e-01  2.500e-01  2.000e-01  1.667e-01  1.429e-01 
 3.333e-01  2.500e-01  2.000e-01  1.667e-01  1.429e-01  1.250e-01 
 2.500e-01  2.000e-01  1.667e-01  1.429e-01  1.250e-01  1.111e-01 
 2.000e-01  1.667e-01  1.429e-01  1.250e-01  1.111e-01  1.000e-01 
 1.667e-01  1.429e-01  1.250e-01  1.111e-01  1.000e-01  9.091e-02 


lambda:
 2.144e+00  7.686e-01  1.915e-01  4.004e-02  7.487e-03  1.281e-03 

./a.out : Residual1 = 4.506232e-16 Residual2 = 2.974113e-15 Iterations = 15     Iterations1 = 0 Elapsed1 = 0.00 Elapsed2 = 0.00
============================== a.out n=78 s=4 =========================
### Run  ./a.out 78 6 1e-14 4
A:
 1.000e+00  5.000e-01  3.333e-01  2.500e-01  2.000e-01  1.667e-01 
 5.000e-01  3.333e-01  2.500e-01  2.000e-01  1.667e-01  1.429e-01 
 3.333e-01  2.500e-01  2.000e-01  1.667e-01  1.429e-01  1.250e-01 
 2.500e-01  2.000e-01  1.667e-01  1.429e-01  1.250e-01  1.111e-01 
 2.000e-01  1.667e-01  1.429e-01  1.250e-01  1.111e-01  1.000e-01 
 1.667e-01  1.429e-01  1.250e-01  1.111e-01  1.000e-01  9.091e-02 


lambda:
 2.146e+00  7.712e-01  1.928e-01  4.047e-02  7.601e-03  1.307e-03 

./a.out : Residual1 = 3.595630e-16 Residual2 = 3.146177e-15 Iterations = 15     Iterations1 = 0 Elapsed1 = 0.00 Elapsed2 = 0.00
============================== a.out n=79 s=4 =========================
### Run  ./a.out 79 6 1e-14 4
A:
 1.000e+00  5.000e-01  3.333e-01  2.500e-01  2.000e-01  1.667e-01 
 5.000e-01  3.333e-01  2.500e-01  2.000e-01  1.667e-01  1.429e-01 
 3.333e-01  2.500e-01  2.000e-01  1.667e-01  1.429e-01  1.250e-01 
 2.500e-01  2.000e-01  1.667e-01  1.429e-01  1.250e-01  1.111e-01 
 2.000e-01  1.667e-01  1.429e-01  1.250e-01  1.111e-01  1.000e-01 
 1.667e-01  1.429e-01  1.250e-01  1.111e-01  1.000e-01  9.091e-02 


lambda:
 2.148e+00  7.738e-01  1.941e-01  4.090e-02  7.715e-03  1.333e-03 

./a.out : Residual1 = 6.276272e-16 Residual2 = 4.124407e-15 Iterations = 15     Iterations1 = 0 Elapsed1 = 0.00 Elapsed2 = 0.00
============================== a.out n=80 s=4 =========================
### Run  ./a.out 80 6 1e-14 4
A:
 1.000e+00  5.000e-01  3.333e-01  2.500e-01  2.000e-01  1.667e-01 
 5.000e-01  3.333e-01  2.500e-01  2.000e-01  1.667e-01  1.429e-01 
 3.333e-01  2.500e-01  2.000e-01  1.667e-01  1.429e-01  1.250e-01 
 2.500e-01  2.000e-01  1.667e-01  1.429e-01  1.250e-01  1.111e-01 
 2.000e-01  1.667e-01  1.429e-01  1.250e-01  1.111e-01  1.000e-01 
 1.667e-01  1.429e-01  1.250e-01  1.111e-01  1.000e-01  9.091e-02 


lambda:
 2.150e+00  7.764e-01  1.954e-01  4.133e-02  7.828e-03  1.359e-03 

./a.out : Residual1 = 9.837885e-16 Residual2 = 2.861930e-15 Iterations = 15     Iterations1 = 0 Elapsed1 = 0.00 Elapsed2 = 0.00
============================== a.out n=81 s=4 =========================
### Run  ./a.out 81 6 1e-14 4
A:
 1.000e+00  5.000e-01  3.333e-01  2.500e-01  2.000e-01  1.667e-01 
 5.000e-01  3.333e-01  2.500e-01  2.000e-01  1.667e-01  1.429e-01 
 3.333e-01  2.500e-01  2.000e-01  1.667e-01  1.429e-01  1.250e-01 
 2.500e-01  2.000e-01  1.667e-01  1.429e-01  1.250e-01  1.111e-01 
 2.000e-01  1.667e-01  1.429e-01  1.250e-01  1.111e-01  1.000e-01 
 1.667e-01  1.429e-01  1.250e-01  1.111e-01  1.000e-01  9.091e-02 


lambda:
 2.152e+00  7.789e-01  1.967e-01  4.175e-02  7.941e-03  1.385e-03 

./a.out : Residual1 = 2.676405e-16 Residual2 = 3.479327e-15 Iterations = 15     Iterations1 = 0 Elapsed1 = 0.00 Elapsed2 = 0.00
============================== a.out n=82 s=4 =========================
### Run  ./a.out 82 6 1e-14 4
A:
 1.000e+00  5.000e-01  3.333e-01  2.500e-01  2.000e-01  1.667e-01 
 5.000e-01  3.333e-01  2.500e-01  2.000e-01  1.667e-01  1.429e-01 
 3.333e-01  2.500e-01  2.000e-01  1.667e-01  1.429e-01  1.250e-01 
 2.500e-01  2.000e-01  1.667e-01  1.429e-01  1.250e-01  1.111e-01 
 2.000e-01  1.667e-01  1.429e-01  1.250e-01  1.111e-01  1.000e-01 
 1.667e-01  1.429e-01  1.250e-01  1.111e-01  1.000e-01  9.091e-02 


lambda:
 2.154e+00  7.814e-01  1.979e-01  4.217e-02  8.054e-03  1.411e-03 

./a.out : Residual1 = 2.669864e-16 Residual2 = 3.114842e-15 Iterations = 15     Iterations1 = 0 Elapsed1 = 0.00 Elapsed2 = 0.00
============================== a.out n=83 s=4 =========================
### Run  ./a.out 83 6 1e-14 4
A:
 1.000e+00  5.000e-01  3.333e-01  2.500e-01  2.000e-01  1.667e-01 
 5.000e-01  3.333e-01  2.500e-01  2.000e-01  1.667e-01  1.429e-01 
 3.333e-01  2.500e-01  2.000e-01  1.667e-01  1.429e-01  1.250e-01 
 2.500e-01  2.000e-01  1.667e-01  1.429e-01  1.250e-01  1.111e-01 
 2.000e-01  1.667e-01  1.429e-01  1.250e-01  1.111e-01  1.000e-01 
 1.667e-01  1.429e-01  1.250e-01  1.111e-01  1.000e-01  9.091e-02 


lambda:
 2.156e+00  7.839e-01  1.992e-01  4.259e-02  8.167e-03  1.437e-03 

./a.out : Residual1 = 8.878112e-16 Residual2 = 4.172713e-15 Iterations = 15     Iterations1 = 0 Elapsed1 = 0.00 Elapsed2 = 0.00
============================== a.out n=84 s=4 =========================
### Run  ./a.out 84 6 1e-14 4
A:
 1.000e+00  5.000e-01  3.333e-01  2.500e-01  2.000e-01  1.667e-01 
 5.000e-01  3.333e-01  2.500e-01  2.000e-01  1.667e-01  1.429e-01 
 3.333e-01  2.500e-01  2.000e-01  1.667e-01  1.429e-01  1.250e-01 
 2.500e-01  2.000e-01  1.667e-01  1.429e-01  1.250e-01  1.111e-01 
 2.000e-01  1.667e-01  1.429e-01  1.250e-01  1.111e-01  1.000e-01 
 1.667e-01  1.429e-01  1.250e-01  1.111e-01  1.000e-01  9.091e-02 


lambda:
 2.157e+00  7.863e-01  2.004e-01  4.300e-02  8.279e-03  1.464e-03 

./a.out : Residual1 = 6.199923e-16 Residual2 = 3.808524e-15 Iterations = 16     Iterations1 = 0 Elapsed1 = 0.00 Elapsed2 = 0.00
============================== a.out n=85 s=4 =========================
### Run  ./a.out 85 6 1e-14 4
A:
 1.000e+00  5.000e-01  3.333e-01  2.500e-01  2.000e-01  1.667e-01 
 5.000e-01  3.333e-01  2.500e-01  2.000e-01  1.667e-01  1.429e-01 
 3.333e-01  2.500e-01  2.000e-01  1.667e-01  1.429e-01  1.250e-01 
 2.500e-01  2.000e-01  1.667e-01  1.429e-01  1.250e-01  1.111e-01 
 2.000e-01  1.667e-01  1.429e-01  1.250e-01  1.111e-01  1.000e-01 
 1.667e-01  1.429e-01  1.250e-01  1.111e-01  1.000e-01  9.091e-02 


lambda:
 2.159e+00  7.887e-01  2.016e-01  4.341e-02  8.391e-03  1.490e-03 

./a.out : Residual1 = 1.767260e-16 Residual2 = 3.534520e-15 Iterations = 16     Iterations1 = 0 Elapsed1 = 0.00 Elapsed2 = 0.00
============================== a.out n=86 s=4 =========================
### Run  ./a.out 86 6 1e-14 4
A:
 1.000e+00  5.000e-01  3.333e-01  2.500e-01  2.000e-01  1.667e-01 
 5.000e-01  3.333e-01  2.500e-01  2.000e-01  1.667e-01  1.429e-01 
 3.333e-01  2.500e-01  2.000e-01  1.667e-01  1.429e-01  1.250e-01 
 2.500e-01  2.000e-01  1.667e-01  1.429e-01  1.250e-01  1.111e-01 
 2.000e-01  1.667e-01  1.429e-01  1.250e-01  1.111e-01  1.000e-01 
 1.667e-01  1.429e-01  1.250e-01  1.111e-01  1.000e-01  9.091e-02 


lambda:
 2.161e+00  7.911e-01  2.028e-01  4.382e-02  8.503e-03  1.516e-03 

./a.out : Residual1 = 1.763180e-16 Residual2 = 3.790838e-15 Iterations = 16     Iterations1 = 0 Elapsed1 = 0.00 Elapsed2 = 0.00
============================== a.out n=87 s=4 =========================
### Run  ./a.out 87 6 1e-14 4
A:
 1.000e+00  5.000e-01  3.333e-01  2.500e-01  2.000e-01  1.667e-01 
 5.000e-01  3.333e-01  2.500e-01  2.000e-01  1.667e-01  1.429e-01 
 3.333e-01  2.500e-01  2.000e-01  1.667e-01  1.429e-01  1.250e-01 
 2.500e-01  2.000e-01  1.667e-01  1.429e-01  1.250e-01  1.111e-01 
 2.000e-01  1.667e-01  1.429e-01  1.250e-01  1.111e-01  1.000e-01 
 1.667e-01  1.429e-01  1.250e-01  1.111e-01  1.000e-01  9.091e-02 


lambda:
 2.163e+00  7.934e-01  2.040e-01  4.423e-02  8.614e-03  1.542e-03 

./a.out : Residual1 = 3.518333e-16 Residual2 = 3.078541e-15 Iterations = 16     Iterations1 = 0 Elapsed1 = 0.00 Elapsed2 = 0.00
============================== a.out n=88 s=4 =========================
### Run  ./a.out 88 6 1e-14 4
A:
 1.000e+00  5.000e-01  3.333e-01  2.500e-01  2.000e-01  1.667e-01 
 5.000e-01  3.333e-01  2.500e-01  2.000e-01  1.667e-01  1.429e-01 
 3.333e-01  2.500e-01  2.000e-01  1.667e-01  1.429e-01  1.250e-01 
 2.500e-01  2.000e-01  1.667e-01  1.429e-01  1.250e-01  1.111e-01 
 2.000e-01  1.667e-01  1.429e-01  1.250e-01  1.111e-01  1.000e-01 
 1.667e-01  1.429e-01  1.250e-01  1.111e-01  1.000e-01  9.091e-02 


lambda:
 2.164e+00  7.957e-01  2.052e-01  4.463e-02  8.725e-03  1.568e-03 

./a.out : Residual1 = 1.755216e-16 Residual2 = 3.685953e-15 Iterations = 16     Iterations1 = 0 Elapsed1 = 0.00 Elapsed2 = 0.00
============================== a.out n=89 s=4 =========================
### Run  ./a.out 89 6 1e-14 4
A:
 1.000e+00  5.000e-01  3.333e-01  2.500e-01  2.000e-01  1.667e-01 
 5.000e-01  3.333e-01  2.500e-01  2.000e-01  1.667e-01  1.429e-01 
 3.333e-01  2.500e-01  2.000e-01  1.667e-01  1.429e-01  1.250e-01 
 2.500e-01  2.000e-01  1.667e-01  1.429e-01  1.250e-01  1.111e-01 
 2.000e-01  1.667e-01  1.429e-01  1.250e-01  1.111e-01  1.000e-01 
 1.667e-01  1.429e-01  1.250e-01  1.111e-01  1.000e-01  9.091e-02 


lambda:
 2.166e+00  7.980e-01  2.064e-01  4.504e-02  8.836e-03  1.595e-03 

./a.out : Residual1 = 1.313495e-15 Residual2 = 4.465884e-15 Iterations = 16     Iterations1 = 0 Elapsed1 = 0.00 Elapsed2 = 0.00
============================== a.out n=90 s=4 =========================
### Run  ./a.out 90 6 1e-14 4
A:
 1.000e+00  5.000e-01  3.333e-01  2.500e-01  2.000e-01  1.667e-01 
 5.000e-01  3.333e-01  2.500e-01  2.000e-01  1.667e-01  1.429e-01 
 3.333e-01  2.500e-01  2.000e-01  1.667e-01  1.429e-01  1.250e-01 
 2.500e-01  2.000e-01  1.667e-01  1.429e-01  1.250e-01  1.111e-01 
 2.000e-01  1.667e-01  1.429e-01  1.250e-01  1.111e-01  1.000e-01 
 1.667e-01  1.429e-01  1.250e-01  1.111e-01  1.000e-01  9.091e-02 


lambda:
 2.168e+00  8.002e-01  2.075e-01  4.543e-02  8.946e-03  1.621e-03 

./a.out : Residual1 = 1.747498e-16 Residual2 = 3.844497e-15 Iterations = 16     Iterations1 = 0 Elapsed1 = 0.00 Elapsed2 = 0.00
============================== a.out n=91 s=4 =========================
### Run  ./a.out 91 6 1e-14 4
A:
 1.000e+00  5.000e-01  3.333e-01  2.500e-01  2.000e-01  1.667e-01 
 5.000e-01  3.333e-01  2.500e-01  2.000e-01  1.667e-01  1.429e-01 
 3.333e-01  2.500e-01  2.000e-01  1.667e-01  1.429e-01  1.250e-01 
 2.500e-01  2.000e-01  1.667e-01  1.429e-01  1.250e-01  1.111e-01 
 2.000e-01  1.667e-01  1.429e-01  1.250e-01  1.111e-01  1.000e-01 
 1.667e-01  1.429e-01  1.250e-01  1.111e-01  1.000e-01  9.091e-02 


lambda:
 2.169e+00  8.025e-01  2.087e-01  4.583e-02  9.056e-03  1.647e-03 

./a.out : Residual1 = 2.615592e-16 Residual2 = 3.749016e-15 Iterations = 16     Iterations1 = 0 Elapsed1 = 0.00 Elapsed2 = 0.00
============================== a.out n=92 s=4 =========================
### Run  ./a.out 92 6 1e-14 4
A:
 1.000e+00  5.000e-01  3.333e-01  2.500e-01  2.000e-01  1.667e-01 
 5.000e-01  3.333e-01  2.500e-01  2.000e-01  1.667e-01  1.429e-01 
 3.333e-01  2.500e-01  2.000e-01  1.667e-01  1.429e-01  1.250e-01 
 2.500e-01  2.000e-01  1.667e-01  1.429e-01  1.250e-01  1.111e-01 
 2.000e-01  1.667e-01  1.429e-01  1.250e-01  1.111e-01  1.000e-01 
 1.667e-01  1.429e-01  1.250e-01  1.111e-01  1.000e-01  9.091e-02 


lambda:
 2.171e+00  8.047e-01  2.098e-01  4.622e-02  9.166e-03  1.674e-03 

./a.out : Residual1 = 6.960061e-16 Residual2 = 4.350038e-15 Iterations = 16     Iterations1 = 0 Elapsed1 = 0.00 Elapsed2 = 0.00
============================== a.out n=93 s=4 =========================
### Run  ./a.out 93 6 1e-14 4
A:
 1.000e+00  5.000e-01  3.333e-01  2.500e-01  2.000e-01  1.667e-01 
 5.000e-01  3.333e-01  2.500e-01  2.000e-01  1.667e-01  1.429e-01 
 3.333e-01  2.500e-01  2.000e-01  1.667e-01  1.429e-01  1.250e-01 
 2.500e-01  2.000e-01  1.667e-01  1.429e-01  1.250e-01  1.111e-01 
 2.000e-01  1.667e-01  1.429e-01  1.250e-01  1.111e-01  1.000e-01 
 1.667e-01  1.429e-01  1.250e-01  1.111e-01  1.000e-01  9.091e-02 


lambda:
 2.172e+00  8.069e-01  2.110e-01  4.662e-02  9.275e-03  1.700e-03 

./a.out : Residual1 = 1.041814e-15 Residual2 = 4.254076e-15 Iterations = 16     Iterations1 = 0 Elapsed1 = 0.00 Elapsed2 = 0.00
============================== a.out n=94 s=4 =========================
### Run  ./a.out 94 6 1e-14 4
A:
 1.000e+00  5.000e-01  3.333e-01  2.500e-01  2.000e-01  1.667e-01 
 5.000e-01  3.333e-01  2.500e-01  2.000e-01  1.667e-01  1.429e-01 
 3.333e-01  2.500e-01  2.000e-01  1.667e-01  1.429e-01  1.250e-01 
 2.500e-01  2.000e-01  1.667e-01  1.429e-01  1.250e-01  1.111e-01 
 2.000e-01  1.667e-01  1.429e-01  1.250e-01  1.111e-01  1.000e-01 
 1.667e-01  1.429e-01  1.250e-01  1.111e-01  1.000e-01  9.091e-02 


lambda:
 2.174e+00  8.090e-01  2.121e-01  4.701e-02  9.384e-03  1.726e-03 

./a.out : Residual1 = 6.931015e-16 Residual2 = 4.158609e-15 Iterations = 16     Iterations1 = 0 Elapsed1 = 0.00 Elapsed2 = 0.00
============================== a.out n=95 s=4 =========================
### Run  ./a.out 95 6 1e-14 4
A:
 1.000e+00  5.000e-01  3.333e-01  2.500e-01  2.000e-01  1.667e-01 
 5.000e-01  3.333e-01  2.500e-01  2.000e-01  1.667e-01  1.429e-01 
 3.333e-01  2.500e-01  2.000e-01  1.667e-01  1.429e-01  1.250e-01 
 2.500e-01  2.000e-01  1.667e-01  1.429e-01  1.250e-01  1.111e-01 
 2.000e-01  1.667e-01  1.429e-01  1.250e-01  1.111e-01  1.000e-01 
 1.667e-01  1.429e-01  1.250e-01  1.111e-01  1.000e-01  9.091e-02 


lambda:
 2.175e+00  8.111e-01  2.132e-01  4.739e-02  9.493e-03  1.753e-03 

./a.out : Residual1 = 2.593804e-16 Residual2 = 4.236547e-15 Iterations = 16     Iterations1 = 0 Elapsed1 = 0.00 Elapsed2 = 0.00
============================== a.out n=96 s=4 =========================
### Run  ./a.out 96 6 1e-14 4
A:
 1.000e+00  5.000e-01  3.333e-01  2.500e-01  2.000e-01  1.667e-01 
 5.000e-01  3.333e-01  2.500e-01  2.000e-01  1.667e-01  1.429e-01 
 3.333e-01  2.500e-01  2.000e-01  1.667e-01  1.429e-01  1.250e-01 
 2.500e-01  2.000e-01  1.667e-01  1.429e-01  1.250e-01  1.111e-01 
 2.000e-01  1.667e-01  1.429e-01  1.250e-01  1.111e-01  1.000e-01 
 1.667e-01  1.429e-01  1.250e-01  1.111e-01  1.000e-01  9.091e-02 


lambda:
 2.177e+00  8.132e-01  2.143e-01  4.778e-02  9.601e-03  1.779e-03 

./a.out : Residual1 = 1.725703e-16 Residual2 = 4.055402e-15 Iterations = 16     Iterations1 = 0 Elapsed1 = 0.00 Elapsed2 = 0.00
============================== a.out n=97 s=4 =========================
### Run  ./a.out 97 6 1e-14 4
A:
 1.000e+00  5.000e-01  3.333e-01  2.500e-01  2.000e-01  1.667e-01 
 5.000e-01  3.333e-01  2.500e-01  2.000e-01  1.667e-01  1.429e-01 
 3.333e-01  2.500e-01  2.000e-01  1.667e-01  1.429e-01  1.250e-01 
 2.500e-01  2.000e-01  1.667e-01  1.429e-01  1.250e-01  1.111e-01 
 2.000e-01  1.667e-01  1.429e-01  1.250e-01  1.111e-01  1.000e-01 
 1.667e-01  1.429e-01  1.250e-01  1.111e-01  1.000e-01  9.091e-02 


lambda:
 2.178e+00  8.153e-01  2.154e-01  4.816e-02  9.709e-03  1.806e-03 

./a.out : Residual1 = 8.611266e-17 Residual2 = 4.047295e-15 Iterations = 16     Iterations1 = 0 Elapsed1 = 0.00 Elapsed2 = 0.00
============================== a.out n=98 s=4 =========================
### Run  ./a.out 98 6 1e-14 4
A:
 1.000e+00  5.000e-01  3.333e-01  2.500e-01  2.000e-01  1.667e-01 
 5.000e-01  3.333e-01  2.500e-01  2.000e-01  1.667e-01  1.429e-01 
 3.333e-01  2.500e-01  2.000e-01  1.667e-01  1.429e-01  1.250e-01 
 2.500e-01  2.000e-01  1.667e-01  1.429e-01  1.250e-01  1.111e-01 
 2.000e-01  1.667e-01  1.429e-01  1.250e-01  1.111e-01  1.000e-01 
 1.667e-01  1.429e-01  1.250e-01  1.111e-01  1.000e-01  9.091e-02 


lambda:
 2.180e+00  8.174e-01  2.165e-01  4.854e-02  9.817e-03  1.832e-03 

./a.out : Residual1 = 6.875408e-16 Residual2 = 3.781475e-15 Iterations = 16     Iterations1 = 0 Elapsed1 = 0.00 Elapsed2 = 0.00
============================== a.out n=99 s=4 =========================
### Run  ./a.out 99 6 1e-14 4
A:
 1.000e+00  5.000e-01  3.333e-01  2.500e-01  2.000e-01  1.667e-01 
 5.000e-01  3.333e-01  2.500e-01  2.000e-01  1.667e-01  1.429e-01 
 3.333e-01  2.500e-01  2.000e-01  1.667e-01  1.429e-01  1.250e-01 
 2.500e-01  2.000e-01  1.667e-01  1.429e-01  1.250e-01  1.111e-01 
 2.000e-01  1.667e-01  1.429e-01  1.250e-01  1.111e-01  1.000e-01 
 1.667e-01  1.429e-01  1.250e-01  1.111e-01  1.000e-01  9.091e-02 


lambda:
 2.181e+00  8.194e-01  2.175e-01  4.892e-02  9.925e-03  1.859e-03 

./a.out : Residual1 = 0.000000e+00 Residual2 = 3.774097e-15 Iterations = 16     Iterations1 = 0 Elapsed1 = 0.00 Elapsed2 = 0.00
============================== a.out n=100 s=4 =========================
### Run  ./a.out 100 6 1e-14 4
A:
 1.000e+00  5.000e-01  3.333e-01  2.500e-01  2.000e-01  1.667e-01 
 5.000e-01  3.333e-01  2.500e-01  2.000e-01  1.667e-01  1.429e-01 
 3.333e-01  2.500e-01  2.000e-01  1.667e-01  1.429e-01  1.250e-01 
 2.500e-01  2.000e-01  1.667e-01  1.429e-01  1.250e-01  1.111e-01 
 2.000e-01  1.667e-01  1.429e-01  1.250e-01  1.111e-01  1.000e-01 
 1.667e-01  1.429e-01  1.250e-01  1.111e-01  1.000e-01  9.091e-02 


lambda:
 2.183e+00  8.214e-01  2.186e-01  4.929e-02  1.003e-02  1.885e-03 

./a.out : Residual1 = 8.560958e-17 Residual2 = 3.681212e-15 Iterations = 16     Iterations1 = 0 Elapsed1 = 0.00 Elapsed2 = 0.00
########################################################################
